
############################################################
# SHAPE  B=2  Hq=12  Hkv=4  (G=3)  S=4096 D=128
############################################################
=== Precision vs FP64 ground truth  (2x12x4096x128, GQA G=3) ===
  SDPA bf16 (enable_gqa)                    max_abs=2.888e-03  mean_abs=7.245e-04  max_rel=5.419e-03
Saved forward reference data (B=2, Hq=12, Hkv=4, S=4096, D=128) to /root/jeni/Hopper_jeni/data/

=== Backward precision vs FP64 ground truth ===
  dQ SDPA bf16                              max_abs=2.638e-03  mean_abs=3.538e-04  max_rel=1.904e+02
  dK SDPA bf16                              max_abs=2.888e-03  mean_abs=2.372e-05  max_rel=3.435e+01
  dV SDPA bf16                              max_abs=2.748e-02  mean_abs=9.435e-05  max_rel=7.400e+01
Saved backward reference data to /root/jeni/Hopper_jeni/data/

Triton vs SDPA bf16   max_abs=5.029e-01  mean_abs=5.701e-03

=== Latency  (2x12x4096x128, GQA G=3, bf16) ===
Kernel                      median ms     p5 ms    p95 ms     TFLOP/s
---------------------------------------------------------------------
SDPA bf16 (enable_gqa)         0.2003    0.1982    0.2048     1029.15
SDPA bf16 (compiled)           0.1991    0.1972    0.2034     1035.26
Triton flash (GQA)             0.6843    0.6809    0.6896      301.27

=== Backward precision (Triton flash vs SDPA bf16) ===
  dQ Triton flash vs SDPA                   max_abs=1.953e-03  mean_abs=9.641e-06  max_rel=3.300e+01
  dK Triton flash vs SDPA                   max_abs=3.906e-03  mean_abs=1.587e-05  max_rel=4.730e+01
  dV Triton flash vs SDPA                   max_abs=3.125e-02  mean_abs=5.489e-05  max_rel=4.578e+02

=== Backward latency  (2x12x4096x128, GQA G=3, bf16) ===
Kernel                      median ms     p5 ms    p95 ms     TFLOP/s
---------------------------------------------------------------------
SDPA bwd (enable_gqa)          0.8149    0.8017    0.8283     1011.93
SDPA bwd (compiled)            0.8030    0.8007    0.8083     1026.89
Triton flash bwd (GQA)         1.6325    1.6266    1.6384      505.15
GQA Backward baseline — V44 (default) vs V45 (raster), take best per shape  [Hopper SM_90 / H200]
Shape: B=2 Hq=12 Hkv=4 S=4096 D=128  (G=3)

── V44 (default grid)  B=2 ──
  dQ  max_abs=9.766e-04  mean_abs=1.182e-05  max_rel=2.247e+01
  dK  max_abs=3.906e-03  mean_abs=1.858e-05  max_rel=2.062e+01
  dV  max_abs=3.125e-02  mean_abs=5.445e-05  max_rel=1.000e+01
  dQ: [32mValues match!
[0m  dK: [32mValues match!
[0m  dV: [32mValues match!
[0m

----------------------------------------------------------
Benchmark: V44 (default grid)   B=2  swizzled TMA-reduce dQ  (Hopper SM_90)
----------------------------------------------------------
Average Time:      0.7437 ms
Median Time:       0.7435 ms
Std Dev:           0.0009 ms
Min Time:          0.7417 ms
Max Time:          0.7465 ms
Performance:    1108.7517 TFLOPS
----------------------------------------------------------
── Vr1 (per-hq main + G-reduce)  B=2 ──
  dQ  max_abs=9.766e-04  mean_abs=1.182e-05  max_rel=2.247e+01
  dK  max_abs=3.906e-03  mean_abs=1.916e-05  max_rel=1.875e+01
  dV  max_abs=7.812e-03  mean_abs=1.469e-06  max_rel=8.000e+00
  dQ: [32mValues match!
[0m  dK: [32mValues match!
[0m  dV: [32mValues match!
[0m

----------------------------------------------------------
Benchmark: Vr1 (per-hq + G-reduce) B=2  KV-par per-hq raster  (Hopper SM_90)
----------------------------------------------------------
Average Time:      0.8078 ms
Median Time:       0.8063 ms
Std Dev:           0.0035 ms
Min Time:          0.8033 ms
Max Time:          0.8163 ms
Performance:    1020.7966 TFLOPS
----------------------------------------------------------
── V45 (raster grid)  B=2 ──
  dQ  max_abs=9.766e-04  mean_abs=1.182e-05  max_rel=2.247e+01
  dK  max_abs=3.906e-03  mean_abs=1.858e-05  max_rel=2.062e+01
  dV  max_abs=3.125e-02  mean_abs=5.445e-05  max_rel=1.000e+01
  dQ: [32mValues match!
[0m  dK: [32mValues match!
[0m  dV: [32mValues match!
[0m

----------------------------------------------------------
Benchmark: V45 (raster grid)    B=2  k_tile-fastest L2 raster  (Hopper SM_90)
----------------------------------------------------------
Average Time:      0.9049 ms
Median Time:       0.9046 ms
Std Dev:           0.0019 ms
Min Time:          0.9018 ms
Max Time:          0.9104 ms
Performance:     911.2515 TFLOPS
----------------------------------------------------------

############################################################
# SHAPE  B=4  Hq=12  Hkv=4  (G=3)  S=4096 D=128
############################################################
=== Precision vs FP64 ground truth  (4x12x4096x128, GQA G=3) ===
  SDPA bf16 (enable_gqa)                    max_abs=3.169e-03  mean_abs=7.379e-04  max_rel=5.601e-03
Saved forward reference data (B=4, Hq=12, Hkv=4, S=4096, D=128) to /root/jeni/Hopper_jeni/data/

=== Backward precision vs FP64 ground truth ===
  dQ SDPA bf16                              max_abs=2.849e-03  mean_abs=3.607e-04  max_rel=2.160e+02
  dK SDPA bf16                              max_abs=4.119e-03  mean_abs=2.351e-05  max_rel=9.926e+01
  dV SDPA bf16                              max_abs=3.559e-02  mean_abs=9.463e-05  max_rel=1.473e+02
Saved backward reference data to /root/jeni/Hopper_jeni/data/

Triton vs SDPA bf16   max_abs=5.090e-01  mean_abs=5.671e-03

=== Latency  (4x12x4096x128, GQA G=3, bf16) ===
Kernel                      median ms     p5 ms    p95 ms     TFLOP/s
---------------------------------------------------------------------
SDPA bf16 (enable_gqa)         0.3550    0.3515    0.3607     1161.43
SDPA bf16 (compiled)           0.3556    0.3530    0.3607     1159.44
Triton flash (GQA)             1.3563    1.3510    1.3611      304.00

=== Backward precision (Triton flash vs SDPA bf16) ===
  dQ Triton flash vs SDPA                   max_abs=1.221e-03  mean_abs=9.644e-06  max_rel=1.221e+02
  dK Triton flash vs SDPA                   max_abs=3.906e-03  mean_abs=1.600e-05  max_rel=6.866e+01
  dV Triton flash vs SDPA                   max_abs=3.125e-02  mean_abs=5.488e-05  max_rel=1.450e+02

=== Backward latency  (4x12x4096x128, GQA G=3, bf16) ===
Kernel                      median ms     p5 ms    p95 ms     TFLOP/s
---------------------------------------------------------------------
SDPA bwd (enable_gqa)          1.4648    1.4426    1.4852     1125.96
SDPA bwd (compiled)            1.4827    1.4516    1.5129     1112.37
Triton flash bwd (GQA)         2.9786    2.9744    2.9857      553.70
GQA Backward baseline — V44 (default) vs V45 (raster), take best per shape  [Hopper SM_90 / H200]
Shape: B=4 Hq=12 Hkv=4 S=4096 D=128  (G=3)

── V44 (default grid)  B=4 ──
  dQ  max_abs=1.953e-03  mean_abs=1.188e-05  max_rel=3.332e+01
  dK  max_abs=3.906e-03  mean_abs=1.849e-05  max_rel=2.125e+01
  dV  max_abs=3.125e-02  mean_abs=5.476e-05  max_rel=3.520e+01
  dQ: [32mValues match!
[0m  dK: [32mValues match!
[0m  dV: [32mValues match!
[0m

----------------------------------------------------------
Benchmark: V44 (default grid)   B=4  swizzled TMA-reduce dQ  (Hopper SM_90)
----------------------------------------------------------
Average Time:      1.4751 ms
Median Time:       1.4748 ms
Std Dev:           0.0020 ms
Min Time:          1.4709 ms
Max Time:          1.4808 ms
Performance:    1118.0915 TFLOPS
----------------------------------------------------------
── Vr1 (per-hq main + G-reduce)  B=4 ──
  dQ  max_abs=1.953e-03  mean_abs=1.188e-05  max_rel=3.332e+01
  dK  max_abs=3.906e-03  mean_abs=1.906e-05  max_rel=2.750e+01
  dV  max_abs=7.812e-03  mean_abs=1.489e-06  max_rel=1.067e+01
  dQ: [32mValues match!
[0m  dK: [32mValues match!
[0m  dV: [32mValues match!
[0m

----------------------------------------------------------
Benchmark: Vr1 (per-hq + G-reduce) B=4  KV-par per-hq raster  (Hopper SM_90)
----------------------------------------------------------
Average Time:      1.5482 ms
Median Time:       1.5477 ms
Std Dev:           0.0039 ms
Min Time:          1.5344 ms
Max Time:          1.5626 ms
Performance:    1065.2482 TFLOPS
----------------------------------------------------------
── V45 (raster grid)  B=4 ──
  dQ  max_abs=1.953e-03  mean_abs=1.188e-05  max_rel=3.332e+01
  dK  max_abs=3.906e-03  mean_abs=1.849e-05  max_rel=2.125e+01
  dV  max_abs=3.125e-02  mean_abs=5.476e-05  max_rel=3.520e+01
  dQ: [32mValues match!
[0m  dK: [32mValues match!
[0m  dV: [32mValues match!
[0m

----------------------------------------------------------
Benchmark: V45 (raster grid)    B=4  k_tile-fastest L2 raster  (Hopper SM_90)
----------------------------------------------------------
Average Time:      1.6225 ms
Median Time:       1.6213 ms
Std Dev:           0.0037 ms
Min Time:          1.6180 ms
Max Time:          1.6359 ms
Performance:    1016.5207 TFLOPS
----------------------------------------------------------

############################################################
# SHAPE  B=8  Hq=12  Hkv=4  (G=3)  S=4096 D=128
############################################################
=== Precision vs FP64 ground truth  (8x12x4096x128, GQA G=3) ===
  SDPA bf16 (enable_gqa)                    max_abs=3.274e-03  mean_abs=7.343e-04  max_rel=5.817e-03
Saved forward reference data (B=8, Hq=12, Hkv=4, S=4096, D=128) to /root/jeni/Hopper_jeni/data/

=== Backward precision vs FP64 ground truth ===
  dQ SDPA bf16                              max_abs=2.919e-03  mean_abs=3.595e-04  max_rel=1.971e+02
  dK SDPA bf16                              max_abs=4.025e-03  mean_abs=2.368e-05  max_rel=4.152e+01
  dV SDPA bf16                              max_abs=2.831e-02  mean_abs=9.493e-05  max_rel=9.863e+01
Saved backward reference data to /root/jeni/Hopper_jeni/data/

Triton vs SDPA bf16   max_abs=5.117e-01  mean_abs=5.605e-03

=== Latency  (8x12x4096x128, GQA G=3, bf16) ===
Kernel                      median ms     p5 ms    p95 ms     TFLOP/s
---------------------------------------------------------------------
SDPA bf16 (enable_gqa)         0.6875    0.6631    0.7051     1199.49
SDPA bf16 (compiled)           0.6865    0.6807    0.7011     1201.14
Triton flash (GQA)             2.6578    2.6508    2.6959      310.27

=== Backward precision (Triton flash vs SDPA bf16) ===
  dQ Triton flash vs SDPA                   max_abs=1.953e-03  mean_abs=9.653e-06  max_rel=5.569e+01
  dK Triton flash vs SDPA                   max_abs=3.906e-03  mean_abs=1.601e-05  max_rel=5.608e+01
  dV Triton flash vs SDPA                   max_abs=3.125e-02  mean_abs=5.487e-05  max_rel=7.538e+02

=== Backward latency  (8x12x4096x128, GQA G=3, bf16) ===
Kernel                      median ms     p5 ms    p95 ms     TFLOP/s
---------------------------------------------------------------------
SDPA bwd (enable_gqa)          2.7392    2.7391    2.7463     1204.20
SDPA bwd (compiled)            2.8559    2.7373    2.8703     1155.01
Triton flash bwd (GQA)         5.6664    5.6629    5.6682      582.13
GQA Backward baseline — V44 (default) vs V45 (raster), take best per shape  [Hopper SM_90 / H200]
Shape: B=8 Hq=12 Hkv=4 S=4096 D=128  (G=3)

── V44 (default grid)  B=8 ──
  dQ  max_abs=1.953e-03  mean_abs=1.185e-05  max_rel=3.991e+01
  dK  max_abs=3.906e-03  mean_abs=1.860e-05  max_rel=2.583e+01
  dV  max_abs=3.125e-02  mean_abs=5.508e-05  max_rel=2.008e+01
  dQ: [32mValues match!
[0m  dK: [32mValues match!
[0m  dV: [32mValues match!
[0m

----------------------------------------------------------
Benchmark: V44 (default grid)   B=8  swizzled TMA-reduce dQ  (Hopper SM_90)
----------------------------------------------------------
Average Time:      3.1822 ms
Median Time:       3.0123 ms
Std Dev:           0.3835 ms
Min Time:          2.9543 ms
Max Time:          4.3228 ms
Performance:    1036.5734 TFLOPS
----------------------------------------------------------
── Vr1 (per-hq main + G-reduce)  B=8 ──
  dQ  max_abs=1.953e-03  mean_abs=1.185e-05  max_rel=3.991e+01
  dK  max_abs=7.812e-03  mean_abs=1.919e-05  max_rel=2.600e+01
  dV  max_abs=7.812e-03  mean_abs=1.486e-06  max_rel=1.625e+01
  dQ: [32mValues match!
[0m  dK: [32mValues match!
[0m  dV: [32mValues match!
[0m

----------------------------------------------------------
Benchmark: Vr1 (per-hq + G-reduce) B=8  KV-par per-hq raster  (Hopper SM_90)
----------------------------------------------------------
Average Time:      3.0241 ms
Median Time:       3.0239 ms
Std Dev:           0.0046 ms
Min Time:          2.9942 ms
Max Time:          3.0331 ms
Performance:    1090.7370 TFLOPS
----------------------------------------------------------
── V45 (raster grid)  B=8 ──
  dQ  max_abs=1.953e-03  mean_abs=1.185e-05  max_rel=3.991e+01
  dK  max_abs=3.906e-03  mean_abs=1.860e-05  max_rel=2.583e+01
  dV  max_abs=3.125e-02  mean_abs=5.508e-05  max_rel=2.008e+01
  dQ: [32mValues match!
[0m  dK: [32mValues match!
[0m  dV: [32mValues match!
[0m

----------------------------------------------------------
Benchmark: V45 (raster grid)    B=8  k_tile-fastest L2 raster  (Hopper SM_90)
----------------------------------------------------------
Average Time:      3.0619 ms
Median Time:       3.0615 ms
Std Dev:           0.0047 ms
Min Time:          3.0561 ms
Max Time:          3.0764 ms
Performance:    1077.2682 TFLOPS
----------------------------------------------------------

############################################################
# SHAPE  B=2  Hq=16  Hkv=4  (G=4)  S=4096 D=128
############################################################
=== Precision vs FP64 ground truth  (2x16x4096x128, GQA G=4) ===
  SDPA bf16 (enable_gqa)                    max_abs=3.011e-03  mean_abs=7.270e-04  max_rel=5.301e-03
Saved forward reference data (B=2, Hq=16, Hkv=4, S=4096, D=128) to /root/jeni/Hopper_jeni/data/

=== Backward precision vs FP64 ground truth ===
  dQ SDPA bf16                              max_abs=3.056e-03  mean_abs=3.566e-04  max_rel=1.941e+02
  dK SDPA bf16                              max_abs=3.470e-03  mean_abs=2.733e-05  max_rel=3.131e+01
  dV SDPA bf16                              max_abs=2.835e-02  mean_abs=1.103e-04  max_rel=5.850e+01
Saved backward reference data to /root/jeni/Hopper_jeni/data/

Triton vs SDPA bf16   max_abs=5.039e-01  mean_abs=5.618e-03

=== Latency  (2x16x4096x128, GQA G=4, bf16) ===
Kernel                      median ms     p5 ms    p95 ms     TFLOP/s
---------------------------------------------------------------------
SDPA bf16 (enable_gqa)         0.2524    0.2499    0.2567     1088.99
SDPA bf16 (compiled)           0.2507    0.2484    0.2545     1096.35
Triton flash (GQA)             0.8936    0.8898    0.8968      307.60

=== Backward precision (Triton flash vs SDPA bf16) ===
  dQ Triton flash vs SDPA                   max_abs=1.221e-03  mean_abs=9.659e-06  max_rel=2.763e+01
  dK Triton flash vs SDPA                   max_abs=2.930e-03  mean_abs=1.826e-05  max_rel=3.872e+01
  dV Triton flash vs SDPA                   max_abs=3.125e-02  mean_abs=6.311e-05  max_rel=9.995e+01

=== Backward latency  (2x16x4096x128, GQA G=4, bf16) ===
Kernel                      median ms     p5 ms    p95 ms     TFLOP/s
---------------------------------------------------------------------
SDPA bwd (enable_gqa)          1.0169    1.0117    1.0252     1081.21
SDPA bwd (compiled)            1.0180    1.0144    1.0258     1080.12
Triton flash bwd (GQA)         2.1355    2.1292    2.1406      514.88
GQA Backward baseline — V44 (default) vs V45 (raster), take best per shape  [Hopper SM_90 / H200]
Shape: B=2 Hq=16 Hkv=4 S=4096 D=128  (G=4)

── V44 (default grid)  B=2 ──
  dQ  max_abs=1.038e-03  mean_abs=1.183e-05  max_rel=4.058e+01
  dK  max_abs=3.906e-03  mean_abs=2.136e-05  max_rel=2.800e+01
  dV  max_abs=3.125e-02  mean_abs=6.392e-05  max_rel=1.988e+01
  dQ: [32mValues match!
[0m  dK: [32mValues match!
[0m  dV: [32mValues match!
[0m

----------------------------------------------------------
Benchmark: V44 (default grid)   B=2  swizzled TMA-reduce dQ  (Hopper SM_90)
----------------------------------------------------------
Average Time:      0.9827 ms
Median Time:       0.9826 ms
Std Dev:           0.0008 ms
Min Time:          0.9810 ms
Max Time:          0.9851 ms
Performance:    1118.9226 TFLOPS
----------------------------------------------------------
── Vr1 (per-hq main + G-reduce)  B=2 ──
  dQ  max_abs=1.038e-03  mean_abs=1.183e-05  max_rel=4.058e+01
  dK  max_abs=3.906e-03  mean_abs=2.245e-05  max_rel=3.300e+01
  dV  max_abs=1.562e-02  mean_abs=1.990e-06  max_rel=8.000e+00
  dQ: [32mValues match!
[0m  dK: [32mValues match!
[0m  dV: [32mValues match!
[0m

----------------------------------------------------------
Benchmark: Vr1 (per-hq + G-reduce) B=2  KV-par per-hq raster  (Hopper SM_90)
----------------------------------------------------------
Average Time:      1.0510 ms
Median Time:       1.0498 ms
Std Dev:           0.0041 ms
Min Time:          1.0471 ms
Max Time:          1.0628 ms
Performance:    1046.1701 TFLOPS
----------------------------------------------------------
── V45 (raster grid)  B=2 ──
  dQ  max_abs=1.038e-03  mean_abs=1.183e-05  max_rel=4.058e+01
  dK  max_abs=3.906e-03  mean_abs=2.136e-05  max_rel=2.800e+01
  dV  max_abs=3.125e-02  mean_abs=6.392e-05  max_rel=1.988e+01
  dQ: [32mValues match!
[0m  dK: [32mValues match!
[0m  dV: [32mValues match!
[0m

----------------------------------------------------------
Benchmark: V45 (raster grid)    B=2  k_tile-fastest L2 raster  (Hopper SM_90)
----------------------------------------------------------
Average Time:      1.1924 ms
Median Time:       1.1923 ms
Std Dev:           0.0016 ms
Min Time:          1.1882 ms
Max Time:          1.1964 ms
Performance:     922.0716 TFLOPS
----------------------------------------------------------

############################################################
# SHAPE  B=4  Hq=16  Hkv=4  (G=4)  S=4096 D=128
############################################################
=== Precision vs FP64 ground truth  (4x16x4096x128, GQA G=4) ===
  SDPA bf16 (enable_gqa)                    max_abs=3.134e-03  mean_abs=7.362e-04  max_rel=5.570e-03
Saved forward reference data (B=4, Hq=16, Hkv=4, S=4096, D=128) to /root/jeni/Hopper_jeni/data/

=== Backward precision vs FP64 ground truth ===
  dQ SDPA bf16                              max_abs=2.843e-03  mean_abs=3.604e-04  max_rel=2.335e+02
  dK SDPA bf16                              max_abs=4.936e-03  mean_abs=2.767e-05  max_rel=9.825e+01
  dV SDPA bf16                              max_abs=2.929e-02  mean_abs=1.104e-04  max_rel=2.676e+02
Saved backward reference data to /root/jeni/Hopper_jeni/data/

Triton vs SDPA bf16   max_abs=5.039e-01  mean_abs=5.665e-03

=== Latency  (4x16x4096x128, GQA G=4, bf16) ===
Kernel                      median ms     p5 ms    p95 ms     TFLOP/s
---------------------------------------------------------------------
SDPA bf16 (enable_gqa)         0.4604    0.4538    0.4683     1194.12
SDPA bf16 (compiled)           0.4706    0.4631    0.4753     1168.22
Triton flash (GQA)             1.7596    1.7528    1.7705      312.44

=== Backward precision (Triton flash vs SDPA bf16) ===
  dQ Triton flash vs SDPA                   max_abs=1.953e-03  mean_abs=9.644e-06  max_rel=5.401e+01
  dK Triton flash vs SDPA                   max_abs=3.906e-03  mean_abs=1.848e-05  max_rel=1.213e+02
  dV Triton flash vs SDPA                   max_abs=3.125e-02  mean_abs=6.345e-05  max_rel=2.487e+02

=== Backward latency  (4x16x4096x128, GQA G=4, bf16) ===
Kernel                      median ms     p5 ms    p95 ms     TFLOP/s
---------------------------------------------------------------------
SDPA bwd (enable_gqa)          1.8917    1.8792    1.9558     1162.43
SDPA bwd (compiled)            1.9308    1.8872    1.9431     1138.89
Triton flash bwd (GQA)         3.9170    3.9081    3.9524      561.41
GQA Backward baseline — V44 (default) vs V45 (raster), take best per shape  [Hopper SM_90 / H200]
Shape: B=4 Hq=16 Hkv=4 S=4096 D=128  (G=4)

── V44 (default grid)  B=4 ──
  dQ  max_abs=1.953e-03  mean_abs=1.183e-05  max_rel=3.281e+01
  dK  max_abs=3.906e-03  mean_abs=2.138e-05  max_rel=3.575e+01
  dV  max_abs=3.125e-02  mean_abs=6.380e-05  max_rel=2.025e+01
  dQ: [32mValues match!
[0m  dK: [32mValues match!
[0m  dV: [32mValues match!
[0m

----------------------------------------------------------
Benchmark: V44 (default grid)   B=4  swizzled TMA-reduce dQ  (Hopper SM_90)
----------------------------------------------------------
Average Time:      1.9599 ms
Median Time:       1.9600 ms
Std Dev:           0.0130 ms
Min Time:          1.9443 ms
Max Time:          1.9847 ms
Performance:    1121.9843 TFLOPS
----------------------------------------------------------
── Vr1 (per-hq main + G-reduce)  B=4 ──
  dQ  max_abs=1.953e-03  mean_abs=1.183e-05  max_rel=3.281e+01
  dK  max_abs=3.906e-03  mean_abs=2.246e-05  max_rel=3.850e+01
  dV  max_abs=7.812e-03  mean_abs=1.991e-06  max_rel=8.000e+00
  dQ: [32mValues match!
[0m  dK: [32mValues match!
[0m  dV: [32mValues match!
[0m

----------------------------------------------------------
Benchmark: Vr1 (per-hq + G-reduce) B=4  KV-par per-hq raster  (Hopper SM_90)
----------------------------------------------------------
Average Time:      2.0347 ms
Median Time:       2.0349 ms
Std Dev:           0.0041 ms
Min Time:          2.0218 ms
Max Time:          2.0439 ms
Performance:    1080.7514 TFLOPS
----------------------------------------------------------
── V45 (raster grid)  B=4 ──
  dQ  max_abs=1.953e-03  mean_abs=1.183e-05  max_rel=3.281e+01
  dK  max_abs=3.906e-03  mean_abs=2.138e-05  max_rel=3.575e+01
  dV  max_abs=3.125e-02  mean_abs=6.380e-05  max_rel=2.025e+01
  dQ: [32mValues match!
[0m  dK: [32mValues match!
[0m  dV: [32mValues match!
[0m

----------------------------------------------------------
Benchmark: V45 (raster grid)    B=4  k_tile-fastest L2 raster  (Hopper SM_90)
----------------------------------------------------------
Average Time:      2.1486 ms
Median Time:       2.1487 ms
Std Dev:           0.0029 ms
Min Time:          2.1430 ms
Max Time:          2.1555 ms
Performance:    1023.4824 TFLOPS
----------------------------------------------------------

############################################################
# SHAPE  B=8  Hq=16  Hkv=4  (G=4)  S=4096 D=128
############################################################
=== Precision vs FP64 ground truth  (8x16x4096x128, GQA G=4) ===
  SDPA bf16 (enable_gqa)                    max_abs=3.018e-03  mean_abs=7.304e-04  max_rel=6.053e-03
Saved forward reference data (B=8, Hq=16, Hkv=4, S=4096, D=128) to /root/jeni/Hopper_jeni/data/

=== Backward precision vs FP64 ground truth ===
  dQ SDPA bf16                              max_abs=2.521e-03  mean_abs=3.567e-04  max_rel=2.060e+02
  dK SDPA bf16                              max_abs=5.085e-03  mean_abs=2.733e-05  max_rel=7.292e+01
  dV SDPA bf16                              max_abs=3.461e-02  mean_abs=1.100e-04  max_rel=1.469e+02
Saved backward reference data to /root/jeni/Hopper_jeni/data/

Triton vs SDPA bf16   max_abs=5.039e-01  mean_abs=5.682e-03

=== Latency  (8x16x4096x128, GQA G=4, bf16) ===
Kernel                      median ms     p5 ms    p95 ms     TFLOP/s
---------------------------------------------------------------------
SDPA bf16 (enable_gqa)         0.9027    0.8622    0.9089     1218.00
SDPA bf16 (compiled)           0.9158    0.9122    0.9192     1200.61
Triton flash (GQA)             3.4674    3.4627    3.4856      317.10

=== Backward precision (Triton flash vs SDPA bf16) ===
  dQ Triton flash vs SDPA                   max_abs=1.953e-03  mean_abs=9.636e-06  max_rel=6.142e+01
  dK Triton flash vs SDPA                   max_abs=3.906e-03  mean_abs=1.841e-05  max_rel=7.095e+01
  dV Triton flash vs SDPA                   max_abs=6.250e-02  mean_abs=6.355e-05  max_rel=5.432e+02

=== Backward latency  (8x16x4096x128, GQA G=4, bf16) ===
Kernel                      median ms     p5 ms    p95 ms     TFLOP/s
---------------------------------------------------------------------
SDPA bwd (enable_gqa)          3.7432    3.6500    3.8123     1174.95
SDPA bwd (compiled)            3.8036    3.6152    3.8350     1156.28
Triton flash bwd (GQA)         7.4745    7.4668    7.4802      588.41
GQA Backward baseline — V44 (default) vs V45 (raster), take best per shape  [Hopper SM_90 / H200]
Shape: B=8 Hq=16 Hkv=4 S=4096 D=128  (G=4)

── V44 (default grid)  B=8 ──
  dQ  max_abs=1.953e-03  mean_abs=1.183e-05  max_rel=3.062e+01
  dK  max_abs=3.906e-03  mean_abs=2.133e-05  max_rel=2.167e+01
  dV  max_abs=3.125e-02  mean_abs=6.380e-05  max_rel=1.018e+02
  dQ: [32mValues match!
[0m  dK: [32mValues match!
[0m  dV: [32mValues match!
[0m

----------------------------------------------------------
Benchmark: V44 (default grid)   B=8  swizzled TMA-reduce dQ  (Hopper SM_90)
----------------------------------------------------------
Average Time:      5.5992 ms
Median Time:       5.6231 ms
Std Dev:           0.3430 ms
Min Time:          4.4424 ms
Max Time:          6.2051 ms
Performance:     785.4751 TFLOPS
----------------------------------------------------------
── Vr1 (per-hq main + G-reduce)  B=8 ──
  dQ  max_abs=1.953e-03  mean_abs=1.183e-05  max_rel=3.062e+01
  dK  max_abs=3.906e-03  mean_abs=2.244e-05  max_rel=4.067e+01
  dV  max_abs=1.562e-02  mean_abs=2.022e-06  max_rel=1.800e+01
  dQ: [32mValues match!
[0m  dK: [32mValues match!
[0m  dV: [32mValues match!
[0m

----------------------------------------------------------
Benchmark: Vr1 (per-hq + G-reduce) B=8  KV-par per-hq raster  (Hopper SM_90)
----------------------------------------------------------
Average Time:      4.0016 ms
Median Time:       3.9994 ms
Std Dev:           0.0069 ms
Min Time:          3.9646 ms
Max Time:          4.0233 ms
Performance:    1099.0790 TFLOPS
----------------------------------------------------------
── V45 (raster grid)  B=8 ──
  dQ  max_abs=1.953e-03  mean_abs=1.183e-05  max_rel=3.062e+01
  dK  max_abs=3.906e-03  mean_abs=2.133e-05  max_rel=2.167e+01
  dV  max_abs=3.125e-02  mean_abs=6.380e-05  max_rel=1.018e+02
  dQ: [32mValues match!
[0m  dK: [32mValues match!
[0m  dV: [32mValues match!
[0m

----------------------------------------------------------
Benchmark: V45 (raster grid)    B=8  k_tile-fastest L2 raster  (Hopper SM_90)
----------------------------------------------------------
Average Time:      4.0607 ms
Median Time:       4.0593 ms
Std Dev:           0.0068 ms
Min Time:          4.0508 ms
Max Time:          4.0869 ms
Performance:    1083.0864 TFLOPS
----------------------------------------------------------

############################################################
# SHAPE  B=2  Hq=24  Hkv=8  (G=3)  S=4096 D=128
############################################################
=== Precision vs FP64 ground truth  (2x24x4096x128, GQA G=3) ===
  SDPA bf16 (enable_gqa)                    max_abs=3.169e-03  mean_abs=7.379e-04  max_rel=5.601e-03
Saved forward reference data (B=2, Hq=24, Hkv=8, S=4096, D=128) to /root/jeni/Hopper_jeni/data/

=== Backward precision vs FP64 ground truth ===
  dQ SDPA bf16                              max_abs=2.849e-03  mean_abs=3.607e-04  max_rel=2.160e+02
  dK SDPA bf16                              max_abs=4.119e-03  mean_abs=2.351e-05  max_rel=9.926e+01
  dV SDPA bf16                              max_abs=3.559e-02  mean_abs=9.463e-05  max_rel=1.473e+02
Saved backward reference data to /root/jeni/Hopper_jeni/data/

Triton vs SDPA bf16   max_abs=5.090e-01  mean_abs=5.671e-03

=== Latency  (2x24x4096x128, GQA G=3, bf16) ===
Kernel                      median ms     p5 ms    p95 ms     TFLOP/s
---------------------------------------------------------------------
SDPA bf16 (enable_gqa)         0.3568    0.3531    0.3618     1155.75
SDPA bf16 (compiled)           0.3571    0.3529    0.3624     1154.66
Triton flash (GQA)             1.3555    1.3518    1.3618      304.19

=== Backward precision (Triton flash vs SDPA bf16) ===
  dQ Triton flash vs SDPA                   max_abs=1.221e-03  mean_abs=9.644e-06  max_rel=1.221e+02
  dK Triton flash vs SDPA                   max_abs=3.906e-03  mean_abs=1.600e-05  max_rel=6.866e+01
  dV Triton flash vs SDPA                   max_abs=3.125e-02  mean_abs=5.488e-05  max_rel=1.450e+02

=== Backward latency  (2x24x4096x128, GQA G=3, bf16) ===
Kernel                      median ms     p5 ms    p95 ms     TFLOP/s
---------------------------------------------------------------------
SDPA bwd (enable_gqa)          1.4490    1.4424    1.4907     1138.22
SDPA bwd (compiled)            1.4596    1.4528    1.4774     1129.91
Triton flash bwd (GQA)         2.9785    2.9728    2.9855      553.72
GQA Backward baseline — V44 (default) vs V45 (raster), take best per shape  [Hopper SM_90 / H200]
Shape: B=2 Hq=24 Hkv=8 S=4096 D=128  (G=3)

── V44 (default grid)  B=2 ──
  dQ  max_abs=1.953e-03  mean_abs=1.188e-05  max_rel=3.332e+01
  dK  max_abs=3.906e-03  mean_abs=1.849e-05  max_rel=2.125e+01
  dV  max_abs=3.125e-02  mean_abs=5.476e-05  max_rel=3.520e+01
  dQ: [32mValues match!
[0m  dK: [32mValues match!
[0m  dV: [32mValues match!
[0m

----------------------------------------------------------
Benchmark: V44 (default grid)   B=2  swizzled TMA-reduce dQ  (Hopper SM_90)
----------------------------------------------------------
Average Time:      1.4788 ms
Median Time:       1.4770 ms
Std Dev:           0.0041 ms
Min Time:          1.4728 ms
Max Time:          1.4859 ms
Performance:    1115.2890 TFLOPS
----------------------------------------------------------
── Vr1 (per-hq main + G-reduce)  B=2 ──
  dQ  max_abs=1.953e-03  mean_abs=1.188e-05  max_rel=3.332e+01
  dK  max_abs=3.906e-03  mean_abs=1.906e-05  max_rel=2.750e+01
  dV  max_abs=7.812e-03  mean_abs=1.489e-06  max_rel=1.067e+01
  dQ: [32mValues match!
[0m  dK: [32mValues match!
[0m  dV: [32mValues match!
[0m

----------------------------------------------------------
Benchmark: Vr1 (per-hq + G-reduce) B=2  KV-par per-hq raster  (Hopper SM_90)
----------------------------------------------------------
Average Time:      1.5491 ms
Median Time:       1.5494 ms
Std Dev:           0.0030 ms
Min Time:          1.5344 ms
Max Time:          1.5544 ms
Performance:    1064.6855 TFLOPS
----------------------------------------------------------
── V45 (raster grid)  B=2 ──
  dQ  max_abs=1.953e-03  mean_abs=1.188e-05  max_rel=3.332e+01
  dK  max_abs=3.906e-03  mean_abs=1.849e-05  max_rel=2.125e+01
  dV  max_abs=3.125e-02  mean_abs=5.476e-05  max_rel=3.520e+01
  dQ: [32mValues match!
[0m  dK: [32mValues match!
[0m  dV: [32mValues match!
[0m

----------------------------------------------------------
Benchmark: V45 (raster grid)    B=2  k_tile-fastest L2 raster  (Hopper SM_90)
----------------------------------------------------------
Average Time:      1.6213 ms
Median Time:       1.6206 ms
Std Dev:           0.0021 ms
Min Time:          1.6176 ms
Max Time:          1.6274 ms
Performance:    1017.2358 TFLOPS
----------------------------------------------------------

############################################################
# SHAPE  B=4  Hq=24  Hkv=8  (G=3)  S=4096 D=128
############################################################
=== Precision vs FP64 ground truth  (4x24x4096x128, GQA G=3) ===
  SDPA bf16 (enable_gqa)                    max_abs=3.274e-03  mean_abs=7.343e-04  max_rel=5.817e-03
Saved forward reference data (B=4, Hq=24, Hkv=8, S=4096, D=128) to /root/jeni/Hopper_jeni/data/

=== Backward precision vs FP64 ground truth ===
  dQ SDPA bf16                              max_abs=2.919e-03  mean_abs=3.595e-04  max_rel=1.971e+02
  dK SDPA bf16                              max_abs=4.025e-03  mean_abs=2.368e-05  max_rel=4.152e+01
  dV SDPA bf16                              max_abs=2.831e-02  mean_abs=9.493e-05  max_rel=9.863e+01
Saved backward reference data to /root/jeni/Hopper_jeni/data/

Triton vs SDPA bf16   max_abs=5.117e-01  mean_abs=5.605e-03

=== Latency  (4x24x4096x128, GQA G=3, bf16) ===
Kernel                      median ms     p5 ms    p95 ms     TFLOP/s
---------------------------------------------------------------------
SDPA bf16 (enable_gqa)         0.6758    0.6614    0.6987     1220.22
SDPA bf16 (compiled)           0.6852    0.6801    0.6940     1203.41
Triton flash (GQA)             2.6560    2.6496    2.6603      310.48

=== Backward precision (Triton flash vs SDPA bf16) ===
  dQ Triton flash vs SDPA                   max_abs=1.953e-03  mean_abs=9.653e-06  max_rel=5.569e+01
  dK Triton flash vs SDPA                   max_abs=3.906e-03  mean_abs=1.601e-05  max_rel=5.608e+01
  dV Triton flash vs SDPA                   max_abs=3.125e-02  mean_abs=5.487e-05  max_rel=7.538e+02

=== Backward latency  (4x24x4096x128, GQA G=3, bf16) ===
Kernel                      median ms     p5 ms    p95 ms     TFLOP/s
---------------------------------------------------------------------
SDPA bwd (enable_gqa)          2.7366    2.7347    2.7385     1205.34
SDPA bwd (compiled)            2.8380    2.7369    2.8763     1162.26
Triton flash bwd (GQA)         5.6524    5.6482    5.6575      583.57
GQA Backward baseline — V44 (default) vs V45 (raster), take best per shape  [Hopper SM_90 / H200]
Shape: B=4 Hq=24 Hkv=8 S=4096 D=128  (G=3)

── V44 (default grid)  B=4 ──
  dQ  max_abs=1.953e-03  mean_abs=1.185e-05  max_rel=3.991e+01
  dK  max_abs=3.906e-03  mean_abs=1.860e-05  max_rel=2.583e+01
  dV  max_abs=3.125e-02  mean_abs=5.508e-05  max_rel=2.008e+01
  dQ: [32mValues match!
[0m  dK: [32mValues match!
[0m  dV: [32mValues match!
[0m

----------------------------------------------------------
Benchmark: V44 (default grid)   B=4  swizzled TMA-reduce dQ  (Hopper SM_90)
----------------------------------------------------------
Average Time:      3.3693 ms
Median Time:       2.9879 ms
Std Dev:           0.5133 ms
Min Time:          2.9559 ms
Max Time:          4.4851 ms
Performance:     979.0105 TFLOPS
----------------------------------------------------------
── Vr1 (per-hq main + G-reduce)  B=4 ──
  dQ  max_abs=1.953e-03  mean_abs=1.185e-05  max_rel=3.991e+01
  dK  max_abs=7.812e-03  mean_abs=1.919e-05  max_rel=2.600e+01
  dV  max_abs=7.812e-03  mean_abs=1.486e-06  max_rel=1.625e+01
  dQ: [32mValues match!
[0m  dK: [32mValues match!
[0m  dV: [32mValues match!
[0m

----------------------------------------------------------
Benchmark: Vr1 (per-hq + G-reduce) B=4  KV-par per-hq raster  (Hopper SM_90)
----------------------------------------------------------
Average Time:      3.0245 ms
Median Time:       3.0240 ms
Std Dev:           0.0050 ms
Min Time:          2.9930 ms
Max Time:          3.0316 ms
Performance:    1090.5895 TFLOPS
----------------------------------------------------------
── V45 (raster grid)  B=4 ──
  dQ  max_abs=1.953e-03  mean_abs=1.185e-05  max_rel=3.991e+01
  dK  max_abs=3.906e-03  mean_abs=1.860e-05  max_rel=2.583e+01
  dV  max_abs=3.125e-02  mean_abs=5.508e-05  max_rel=2.008e+01
  dQ: [32mValues match!
[0m  dK: [32mValues match!
[0m  dV: [32mValues match!
[0m

----------------------------------------------------------
Benchmark: V45 (raster grid)    B=4  k_tile-fastest L2 raster  (Hopper SM_90)
----------------------------------------------------------
Average Time:      3.0638 ms
Median Time:       3.0638 ms
Std Dev:           0.0039 ms
Min Time:          3.0569 ms
Max Time:          3.0757 ms
Performance:    1076.6052 TFLOPS
----------------------------------------------------------

############################################################
# SHAPE  B=8  Hq=24  Hkv=8  (G=3)  S=4096 D=128
############################################################
=== Precision vs FP64 ground truth  (8x24x4096x128, GQA G=3) ===
  SDPA bf16 (enable_gqa)                    max_abs=3.234e-03  mean_abs=7.330e-04  max_rel=5.727e-03
Saved forward reference data (B=8, Hq=24, Hkv=8, S=4096, D=128) to /root/jeni/Hopper_jeni/data/

=== Backward precision vs FP64 ground truth ===
  dQ SDPA bf16                              max_abs=2.851e-03  mean_abs=3.587e-04  max_rel=2.371e+02
  dK SDPA bf16                              max_abs=3.931e-03  mean_abs=2.330e-05  max_rel=1.948e+02
  dV SDPA bf16                              max_abs=2.851e-02  mean_abs=9.470e-05  max_rel=1.951e+02
Saved backward reference data to /root/jeni/Hopper_jeni/data/

Triton vs SDPA bf16   max_abs=5.098e-01  mean_abs=5.635e-03

=== Latency  (8x24x4096x128, GQA G=3, bf16) ===
Kernel                      median ms     p5 ms    p95 ms     TFLOP/s
---------------------------------------------------------------------
SDPA bf16 (enable_gqa)         1.3533    1.2772    1.3600     1218.72
SDPA bf16 (compiled)           1.3637    1.3569    1.3762     1209.44
Triton flash (GQA)             5.1901    5.1875    5.1953      317.77

=== Backward precision (Triton flash vs SDPA bf16) ===
  dQ Triton flash vs SDPA                   max_abs=1.465e-03  mean_abs=9.641e-06  max_rel=4.253e+01
  dK Triton flash vs SDPA                   max_abs=3.906e-03  mean_abs=1.601e-05  max_rel=1.251e+02
  dV Triton flash vs SDPA                   max_abs=6.250e-02  mean_abs=5.479e-05  max_rel=5.127e+02

=== Backward latency  (8x24x4096x128, GQA G=3, bf16) ===
Kernel                      median ms     p5 ms    p95 ms     TFLOP/s
---------------------------------------------------------------------
SDPA bwd (enable_gqa)          5.6628    5.4338    5.7355     1164.99
SDPA bwd (compiled)            5.7400    5.3768    5.8654     1149.32
Triton flash bwd (GQA)        11.0064   11.0034   11.0095      599.38
GQA Backward baseline — V44 (default) vs V45 (raster), take best per shape  [Hopper SM_90 / H200]
Shape: B=8 Hq=24 Hkv=8 S=4096 D=128  (G=3)

── V44 (default grid)  B=8 ──
  dQ  max_abs=1.953e-03  mean_abs=1.183e-05  max_rel=2.465e+01
  dK  max_abs=3.906e-03  mean_abs=1.853e-05  max_rel=2.012e+01
  dV  max_abs=3.125e-02  mean_abs=5.487e-05  max_rel=2.818e+01
  dQ: [32mValues match!
[0m  dK: [32mValues match!
[0m  dV: [32mValues match!
[0m

----------------------------------------------------------
Benchmark: V44 (default grid)   B=8  swizzled TMA-reduce dQ  (Hopper SM_90)
----------------------------------------------------------
Average Time:     10.8347 ms
Median Time:      10.7847 ms
Std Dev:           0.2884 ms
Min Time:         10.3930 ms
Max Time:         11.6835 ms
Performance:     608.8845 TFLOPS
----------------------------------------------------------
── Vr1 (per-hq main + G-reduce)  B=8 ──
  dQ  max_abs=1.953e-03  mean_abs=1.183e-05  max_rel=2.465e+01
  dK  max_abs=3.906e-03  mean_abs=1.910e-05  max_rel=1.900e+01
  dV  max_abs=1.562e-02  mean_abs=1.494e-06  max_rel=1.600e+01
  dQ: [32mValues match!
[0m  dK: [32mValues match!
[0m  dV: [32mValues match!
[0m

----------------------------------------------------------
Benchmark: Vr1 (per-hq + G-reduce) B=8  KV-par per-hq raster  (Hopper SM_90)
----------------------------------------------------------
Average Time:      5.9787 ms
Median Time:       5.9777 ms
Std Dev:           0.0092 ms
Min Time:          5.9112 ms
Max Time:          5.9889 ms
Performance:    1103.4208 TFLOPS
----------------------------------------------------------
── V45 (raster grid)  B=8 ──
  dQ  max_abs=1.953e-03  mean_abs=1.183e-05  max_rel=2.465e+01
  dK  max_abs=3.906e-03  mean_abs=1.853e-05  max_rel=2.012e+01
  dV  max_abs=3.125e-02  mean_abs=5.487e-05  max_rel=2.818e+01
  dQ: [32mValues match!
[0m  dK: [32mValues match!
[0m  dV: [32mValues match!
[0m

----------------------------------------------------------
Benchmark: V45 (raster grid)    B=8  k_tile-fastest L2 raster  (Hopper SM_90)
----------------------------------------------------------
Average Time:      5.9444 ms
Median Time:       5.9433 ms
Std Dev:           0.0065 ms
Min Time:          5.9343 ms
Max Time:          5.9614 ms
Performance:    1109.7885 TFLOPS
----------------------------------------------------------

############################################################
# SHAPE  B=2  Hq=32  Hkv=8  (G=4)  S=4096 D=128
############################################################
=== Precision vs FP64 ground truth  (2x32x4096x128, GQA G=4) ===
  SDPA bf16 (enable_gqa)                    max_abs=3.134e-03  mean_abs=7.362e-04  max_rel=5.570e-03
Saved forward reference data (B=2, Hq=32, Hkv=8, S=4096, D=128) to /root/jeni/Hopper_jeni/data/

=== Backward precision vs FP64 ground truth ===
  dQ SDPA bf16                              max_abs=2.843e-03  mean_abs=3.604e-04  max_rel=2.335e+02
  dK SDPA bf16                              max_abs=4.936e-03  mean_abs=2.767e-05  max_rel=9.825e+01
  dV SDPA bf16                              max_abs=2.929e-02  mean_abs=1.104e-04  max_rel=2.676e+02
Saved backward reference data to /root/jeni/Hopper_jeni/data/

Triton vs SDPA bf16   max_abs=5.039e-01  mean_abs=5.665e-03

=== Latency  (2x32x4096x128, GQA G=4, bf16) ===
Kernel                      median ms     p5 ms    p95 ms     TFLOP/s
---------------------------------------------------------------------
SDPA bf16 (enable_gqa)         0.4614    0.4561    0.4664     1191.47
SDPA bf16 (compiled)           0.4722    0.4626    0.4828     1164.34
Triton flash (GQA)             1.7596    1.7549    1.7714      312.42

=== Backward precision (Triton flash vs SDPA bf16) ===
  dQ Triton flash vs SDPA                   max_abs=1.953e-03  mean_abs=9.644e-06  max_rel=5.401e+01
  dK Triton flash vs SDPA                   max_abs=3.906e-03  mean_abs=1.848e-05  max_rel=1.213e+02
  dV Triton flash vs SDPA                   max_abs=3.125e-02  mean_abs=6.345e-05  max_rel=2.487e+02

=== Backward latency  (2x32x4096x128, GQA G=4, bf16) ===
Kernel                      median ms     p5 ms    p95 ms     TFLOP/s
---------------------------------------------------------------------
SDPA bwd (enable_gqa)          1.8701    1.8696    1.8753     1175.88
SDPA bwd (compiled)            1.8812    1.8776    1.9374     1168.98
Triton flash bwd (GQA)         3.9129    3.9063    3.9435      561.99
GQA Backward baseline — V44 (default) vs V45 (raster), take best per shape  [Hopper SM_90 / H200]
Shape: B=2 Hq=32 Hkv=8 S=4096 D=128  (G=4)

── V44 (default grid)  B=2 ──
  dQ  max_abs=1.953e-03  mean_abs=1.183e-05  max_rel=3.281e+01
  dK  max_abs=3.906e-03  mean_abs=2.138e-05  max_rel=3.575e+01
  dV  max_abs=3.125e-02  mean_abs=6.380e-05  max_rel=2.025e+01
  dQ: [32mValues match!
[0m  dK: [32mValues match!
[0m  dV: [32mValues match!
[0m

----------------------------------------------------------
Benchmark: V44 (default grid)   B=2  swizzled TMA-reduce dQ  (Hopper SM_90)
----------------------------------------------------------
Average Time:      1.9567 ms
Median Time:       1.9602 ms
Std Dev:           0.0093 ms
Min Time:          1.9439 ms
Max Time:          1.9814 ms
Performance:    1123.8609 TFLOPS
----------------------------------------------------------
── Vr1 (per-hq main + G-reduce)  B=2 ──
  dQ  max_abs=1.953e-03  mean_abs=1.183e-05  max_rel=3.281e+01
  dK  max_abs=3.906e-03  mean_abs=2.246e-05  max_rel=3.850e+01
  dV  max_abs=7.812e-03  mean_abs=1.991e-06  max_rel=8.000e+00
  dQ: [32mValues match!
[0m  dK: [32mValues match!
[0m  dV: [32mValues match!
[0m

----------------------------------------------------------
Benchmark: Vr1 (per-hq + G-reduce) B=2  KV-par per-hq raster  (Hopper SM_90)
----------------------------------------------------------
Average Time:      2.0325 ms
Median Time:       2.0326 ms
Std Dev:           0.0023 ms
Min Time:          2.0198 ms
Max Time:          2.0411 ms
Performance:    1081.9370 TFLOPS
----------------------------------------------------------
── V45 (raster grid)  B=2 ──
  dQ  max_abs=1.953e-03  mean_abs=1.183e-05  max_rel=3.281e+01
  dK  max_abs=3.906e-03  mean_abs=2.138e-05  max_rel=3.575e+01
  dV  max_abs=3.125e-02  mean_abs=6.380e-05  max_rel=2.025e+01
  dQ: [32mValues match!
[0m  dK: [32mValues match!
[0m  dV: [32mValues match!
[0m

----------------------------------------------------------
Benchmark: V45 (raster grid)    B=2  k_tile-fastest L2 raster  (Hopper SM_90)
----------------------------------------------------------
Average Time:      2.1484 ms
Median Time:       2.1475 ms
Std Dev:           0.0042 ms
Min Time:          2.1421 ms
Max Time:          2.1615 ms
Performance:    1023.5668 TFLOPS
----------------------------------------------------------

############################################################
# SHAPE  B=4  Hq=32  Hkv=8  (G=4)  S=4096 D=128
############################################################
=== Precision vs FP64 ground truth  (4x32x4096x128, GQA G=4) ===
  SDPA bf16 (enable_gqa)                    max_abs=3.018e-03  mean_abs=7.304e-04  max_rel=6.053e-03
Saved forward reference data (B=4, Hq=32, Hkv=8, S=4096, D=128) to /root/jeni/Hopper_jeni/data/

=== Backward precision vs FP64 ground truth ===
  dQ SDPA bf16                              max_abs=2.521e-03  mean_abs=3.567e-04  max_rel=2.060e+02
  dK SDPA bf16                              max_abs=5.085e-03  mean_abs=2.733e-05  max_rel=7.292e+01
  dV SDPA bf16                              max_abs=3.461e-02  mean_abs=1.100e-04  max_rel=1.469e+02
Saved backward reference data to /root/jeni/Hopper_jeni/data/

Triton vs SDPA bf16   max_abs=5.039e-01  mean_abs=5.682e-03

=== Latency  (4x32x4096x128, GQA G=4, bf16) ===
Kernel                      median ms     p5 ms    p95 ms     TFLOP/s
---------------------------------------------------------------------
SDPA bf16 (enable_gqa)         0.8675    0.8620    0.9292     1267.42
SDPA bf16 (compiled)           0.9148    0.9090    0.9244     1201.94
Triton flash (GQA)             3.4682    3.4625    3.4763      317.03

=== Backward precision (Triton flash vs SDPA bf16) ===
  dQ Triton flash vs SDPA                   max_abs=1.953e-03  mean_abs=9.636e-06  max_rel=6.142e+01
  dK Triton flash vs SDPA                   max_abs=3.906e-03  mean_abs=1.841e-05  max_rel=7.095e+01
  dV Triton flash vs SDPA                   max_abs=6.250e-02  mean_abs=6.355e-05  max_rel=5.432e+02

=== Backward latency  (4x32x4096x128, GQA G=4, bf16) ===
Kernel                      median ms     p5 ms    p95 ms     TFLOP/s
---------------------------------------------------------------------
SDPA bwd (enable_gqa)          3.6315    3.6086    3.8092     1211.09
SDPA bwd (compiled)            3.6439    3.6152    3.8361     1206.97
Triton flash bwd (GQA)         7.4867    7.4819    7.4932      587.45
GQA Backward baseline — V44 (default) vs V45 (raster), take best per shape  [Hopper SM_90 / H200]
Shape: B=4 Hq=32 Hkv=8 S=4096 D=128  (G=4)

── V44 (default grid)  B=4 ──
  dQ  max_abs=1.953e-03  mean_abs=1.183e-05  max_rel=3.062e+01
  dK  max_abs=3.906e-03  mean_abs=2.133e-05  max_rel=2.167e+01
  dV  max_abs=3.125e-02  mean_abs=6.380e-05  max_rel=1.018e+02
  dQ: [32mValues match!
[0m  dK: [32mValues match!
[0m  dV: [32mValues match!
[0m

----------------------------------------------------------
Benchmark: V44 (default grid)   B=4  swizzled TMA-reduce dQ  (Hopper SM_90)
----------------------------------------------------------
Average Time:      5.6581 ms
Median Time:       5.7046 ms
Std Dev:           0.3546 ms
Min Time:          4.4078 ms
Max Time:          6.2511 ms
Performance:     777.3072 TFLOPS
----------------------------------------------------------
── Vr1 (per-hq main + G-reduce)  B=4 ──
  dQ  max_abs=1.953e-03  mean_abs=1.183e-05  max_rel=3.062e+01
  dK  max_abs=3.906e-03  mean_abs=2.244e-05  max_rel=4.067e+01
  dV  max_abs=1.562e-02  mean_abs=2.022e-06  max_rel=1.800e+01
  dQ: [32mValues match!
[0m  dK: [32mValues match!
[0m  dV: [32mValues match!
[0m

----------------------------------------------------------
Benchmark: Vr1 (per-hq + G-reduce) B=4  KV-par per-hq raster  (Hopper SM_90)
----------------------------------------------------------
Average Time:      4.0011 ms
Median Time:       3.9999 ms
Std Dev:           0.0046 ms
Min Time:          3.9669 ms
Max Time:          4.0085 ms
Performance:    1099.2081 TFLOPS
----------------------------------------------------------
── V45 (raster grid)  B=4 ──
  dQ  max_abs=1.953e-03  mean_abs=1.183e-05  max_rel=3.062e+01
  dK  max_abs=3.906e-03  mean_abs=2.133e-05  max_rel=2.167e+01
  dV  max_abs=3.125e-02  mean_abs=6.380e-05  max_rel=1.018e+02
  dQ: [32mValues match!
[0m  dK: [32mValues match!
[0m  dV: [32mValues match!
[0m

----------------------------------------------------------
Benchmark: V45 (raster grid)    B=4  k_tile-fastest L2 raster  (Hopper SM_90)
----------------------------------------------------------
Average Time:      4.0608 ms
Median Time:       4.0614 ms
Std Dev:           0.0046 ms
Min Time:          4.0530 ms
Max Time:          4.0733 ms
Performance:    1083.0608 TFLOPS
----------------------------------------------------------

############################################################
# SHAPE  B=8  Hq=32  Hkv=8  (G=4)  S=4096 D=128
############################################################
=== Precision vs FP64 ground truth  (8x32x4096x128, GQA G=4) ===
  SDPA bf16 (enable_gqa)                    max_abs=3.114e-03  mean_abs=7.333e-04  max_rel=6.027e-03
Saved forward reference data (B=8, Hq=32, Hkv=8, S=4096, D=128) to /root/jeni/Hopper_jeni/data/

=== Backward precision vs FP64 ground truth ===
  dQ SDPA bf16                              max_abs=3.325e-03  mean_abs=3.580e-04  max_rel=2.884e+02
  dK SDPA bf16                              max_abs=5.476e-03  mean_abs=2.741e-05  max_rel=7.639e+01
  dV SDPA bf16                              max_abs=3.531e-02  mean_abs=1.098e-04  max_rel=1.835e+02
Saved backward reference data to /root/jeni/Hopper_jeni/data/

Triton vs SDPA bf16   max_abs=5.078e-01  mean_abs=5.636e-03

=== Latency  (8x32x4096x128, GQA G=4, bf16) ===
Kernel                      median ms     p5 ms    p95 ms     TFLOP/s
---------------------------------------------------------------------
SDPA bf16 (enable_gqa)         1.7656    1.7573    1.8199     1245.49
SDPA bf16 (compiled)           1.8011    1.7969    1.8080     1220.91
Triton flash (GQA)             6.8451    6.8388    6.8576      321.26

=== Backward precision (Triton flash vs SDPA bf16) ===
  dQ Triton flash vs SDPA                   max_abs=1.953e-03  mean_abs=9.656e-06  max_rel=7.133e+01
  dK Triton flash vs SDPA                   max_abs=3.906e-03  mean_abs=1.846e-05  max_rel=9.613e+01
  dV Triton flash vs SDPA                   max_abs=6.250e-02  mean_abs=6.359e-05  max_rel=1.202e+03

=== Backward latency  (8x32x4096x128, GQA G=4, bf16) ===
Kernel                      median ms     p5 ms    p95 ms     TFLOP/s
---------------------------------------------------------------------
SDPA bwd (enable_gqa)          7.4456    7.4403    7.5818     1181.39
SDPA bwd (compiled)            7.5898    7.1137    7.6576     1158.93
Triton flash bwd (GQA)        14.6106   14.5967   14.6168      602.04
GQA Backward baseline — V44 (default) vs V45 (raster), take best per shape  [Hopper SM_90 / H200]
Shape: B=8 Hq=32 Hkv=8 S=4096 D=128  (G=4)

── V44 (default grid)  B=8 ──
  dQ  max_abs=1.465e-03  mean_abs=1.184e-05  max_rel=3.168e+01
  dK  max_abs=3.906e-03  mean_abs=2.141e-05  max_rel=5.133e+01
  dV  max_abs=6.250e-02  mean_abs=6.364e-05  max_rel=2.638e+01
  dQ: [32mValues match!
[0m  dK: [32mValues match!
[0m  dV: [32mValues match!
[0m

----------------------------------------------------------
Benchmark: V44 (default grid)   B=8  swizzled TMA-reduce dQ  (Hopper SM_90)
----------------------------------------------------------
Average Time:     14.9979 ms
Median Time:      14.9395 ms
Std Dev:           0.3339 ms
Min Time:         14.3408 ms
Max Time:         15.8770 ms
Performance:     586.4878 TFLOPS
----------------------------------------------------------
── Vr1 (per-hq main + G-reduce)  B=8 ──
  dQ  max_abs=1.465e-03  mean_abs=1.184e-05  max_rel=3.168e+01
  dK  max_abs=5.859e-03  mean_abs=2.252e-05  max_rel=6.400e+01
  dV  max_abs=3.125e-02  mean_abs=1.999e-06  max_rel=1.600e+01
  dQ: [32mValues match!
[0m  dK: [32mValues match!
[0m  dV: [32mValues match!
[0m

----------------------------------------------------------
Benchmark: Vr1 (per-hq + G-reduce) B=8  KV-par per-hq raster  (Hopper SM_90)
----------------------------------------------------------
Average Time:      8.0491 ms
Median Time:       7.9376 ms
Std Dev:           0.4079 ms
Min Time:          7.8535 ms
Max Time:          9.6704 ms
Performance:    1092.8023 TFLOPS
----------------------------------------------------------
── V45 (raster grid)  B=8 ──
  dQ  max_abs=1.465e-03  mean_abs=1.184e-05  max_rel=3.168e+01
  dK  max_abs=3.906e-03  mean_abs=2.141e-05  max_rel=5.133e+01
  dV  max_abs=6.250e-02  mean_abs=6.364e-05  max_rel=2.638e+01
  dQ: [32mValues match!
[0m  dK: [32mValues match!
[0m  dV: [32mValues match!
[0m

----------------------------------------------------------
Benchmark: V45 (raster grid)    B=8  k_tile-fastest L2 raster  (Hopper SM_90)
----------------------------------------------------------
Average Time:      7.9577 ms
Median Time:       7.8894 ms
Std Dev:           0.2946 ms
Min Time:          7.8731 ms
Max Time:          9.4099 ms
Performance:    1105.3630 TFLOPS
----------------------------------------------------------
