
############################################################
# SHAPE  B=2  Hq=12  Hkv=4  (G=3)  S=4096 D=128
############################################################
=== Precision vs FP64 ground truth  (2x12x4096x128, GQA G=3) ===
  SDPA bf16 (enable_gqa)                    max_abs=2.888e-03  mean_abs=7.245e-04  max_rel=5.419e-03
Saved forward reference data (B=2, Hq=12, Hkv=4, S=4096, D=128) to /root/jeni/Hopper_jeni/data/

=== Backward precision vs FP64 ground truth ===
  dQ SDPA bf16                              max_abs=2.638e-03  mean_abs=3.538e-04  max_rel=1.904e+02
  dK SDPA bf16                              max_abs=2.888e-03  mean_abs=2.372e-05  max_rel=3.435e+01
  dV SDPA bf16                              max_abs=2.748e-02  mean_abs=9.435e-05  max_rel=7.400e+01
Saved backward reference data to /root/jeni/Hopper_jeni/data/

Triton vs SDPA bf16   max_abs=5.029e-01  mean_abs=5.701e-03

=== Latency  (2x12x4096x128, GQA G=3, bf16) ===
Kernel                      median ms     p5 ms    p95 ms     TFLOP/s
---------------------------------------------------------------------
SDPA bf16 (enable_gqa)         0.1988    0.1972    0.2031     1036.76
SDPA bf16 (compiled)           0.1975    0.1960    0.2019     1043.65
Triton flash (GQA)             0.6832    0.6787    0.6870      301.77

=== Backward precision (Triton flash vs SDPA bf16) ===
  dQ Triton flash vs SDPA                   max_abs=1.953e-03  mean_abs=9.641e-06  max_rel=3.300e+01
  dK Triton flash vs SDPA                   max_abs=3.906e-03  mean_abs=1.587e-05  max_rel=4.730e+01
  dV Triton flash vs SDPA                   max_abs=3.125e-02  mean_abs=5.489e-05  max_rel=4.578e+02

=== Backward latency  (2x12x4096x128, GQA G=3, bf16) ===
Kernel                      median ms     p5 ms    p95 ms     TFLOP/s
---------------------------------------------------------------------
SDPA bwd (enable_gqa)          0.8144    0.7984    0.8411     1012.61
SDPA bwd (compiled)            0.8017    0.7995    0.8043     1028.61
Triton flash bwd (GQA)         1.6446    1.6408    1.6504      501.42
GQA Backward — precision test  [Hopper SM_90 / H200]
Prerequisite: python precision/baseline_gqa.py

  shape: B=2 Hq=12 Hkv=4 (G=3)

Loaded PyTorch reference from data/gqa_*.bin

── V43 Br=64 Bc=64 TMA-reduce dQ (Hopper SM_90) ──
  dQ  max_abs=9.766e-04  mean_abs=1.182e-05  max_rel=2.247e+01
  dK  max_abs=3.906e-03  mean_abs=1.858e-05  max_rel=2.062e+01
  dV  max_abs=3.125e-02  mean_abs=5.445e-05  max_rel=1.000e+01
  dQ: [32mValues match!
[0m  dK: [32mValues match!
[0m  dV: [32mValues match!
[0m
── V44 Br=64 Bc=64 swizzled TMA-reduce dQ (Hopper SM_90) ──
  dQ  max_abs=9.766e-04  mean_abs=1.182e-05  max_rel=2.247e+01
  dK  max_abs=3.906e-03  mean_abs=1.858e-05  max_rel=2.062e+01
  dV  max_abs=3.125e-02  mean_abs=5.445e-05  max_rel=1.000e+01
  dQ: [32mValues match!
[0m  dK: [32mValues match!
[0m  dV: [32mValues match!
[0m
── Vz2 wgmma tensor cores (Hopper SM_90) ──
  dQ  max_abs=9.766e-04  mean_abs=1.182e-05  max_rel=2.247e+01
  dK  max_abs=3.906e-03  mean_abs=1.858e-05  max_rel=2.062e+01
  dV  max_abs=3.125e-02  mean_abs=5.445e-05  max_rel=1.000e+01
  dQ: [32mValues match!
[0m  dK: [32mValues match!
[0m  dV: [32mValues match!
[0m
── Vj1 clone of Vz2 + levers (Hopper SM_90) ──
  dQ  max_abs=9.766e-04  mean_abs=1.182e-05  max_rel=2.247e+01
  dK  max_abs=3.906e-03  mean_abs=2.084e-05  max_rel=1.500e+01
  dV  max_abs=3.125e-02  mean_abs=3.820e-05  max_rel=9.000e+00
  dQ: [32mValues match!
[0m  dK: [32mValues match!
[0m  dV: [32mValues match!
[0m
── V45 Br=64 Bc=64 adaptive raster (default<=B4, raster B8) (Hopper SM_90) ──
  dQ  max_abs=9.766e-04  mean_abs=1.182e-05  max_rel=2.247e+01
  dK  max_abs=3.906e-03  mean_abs=1.858e-05  max_rel=2.062e+01
  dV  max_abs=3.125e-02  mean_abs=5.445e-05  max_rel=1.000e+01
  dQ: [32mValues match!
[0m  dK: [32mValues match!
[0m  dV: [32mValues match!
[0m
=== Latency  (B=2 Hq=12 Hkv=4 S=4096 D=128, GQA G=3, bf16, causal) ===

----------------------------------------------------------
Benchmark: GQA bwd V43 Br=64, Bc=64  TMA-reduce dQ  (Hopper SM_90)
----------------------------------------------------------
Average Time:      0.8637 ms
Median Time:       0.8637 ms
Std Dev:           0.0008 ms
Min Time:          0.8621 ms
Max Time:          0.8662 ms
Performance:     954.7533 TFLOPS
----------------------------------------------------------

----------------------------------------------------------
Benchmark: GQA bwd V44 Br=64, Bc=64  swizzled TMA-reduce dQ  (Hopper SM_90)
----------------------------------------------------------
Average Time:      0.7442 ms
Median Time:       0.7440 ms
Std Dev:           0.0012 ms
Min Time:          0.7419 ms
Max Time:          0.7472 ms
Performance:    1108.0396 TFLOPS
----------------------------------------------------------

----------------------------------------------------------
Benchmark: GQA bwd Vz2 wgmma tensor cores  (Hopper SM_90)
----------------------------------------------------------
Average Time:      0.9328 ms
Median Time:       0.9297 ms
Std Dev:           0.0138 ms
Min Time:          0.9031 ms
Max Time:          0.9705 ms
Performance:     884.0247 TFLOPS
----------------------------------------------------------

----------------------------------------------------------
Benchmark: GQA bwd Vj1 clone of Vz2 + levers  (Hopper SM_90)
----------------------------------------------------------
Average Time:      0.7501 ms
Median Time:       0.7489 ms
Std Dev:           0.0108 ms
Min Time:          0.7253 ms
Max Time:          0.7729 ms
Performance:    1099.3372 TFLOPS
----------------------------------------------------------

----------------------------------------------------------
Benchmark: GQA bwd V45 Br=64, Bc=64  adaptive raster (default<=B4, raster B8)  (Hopper SM_90)
----------------------------------------------------------
Average Time:      0.7638 ms
Median Time:       0.7636 ms
Std Dev:           0.0011 ms
Min Time:          0.7616 ms
Max Time:          0.7670 ms
Performance:    1079.6539 TFLOPS
----------------------------------------------------------

############################################################
# SHAPE  B=4  Hq=12  Hkv=4  (G=3)  S=4096 D=128
############################################################
=== Precision vs FP64 ground truth  (4x12x4096x128, GQA G=3) ===
  SDPA bf16 (enable_gqa)                    max_abs=3.169e-03  mean_abs=7.379e-04  max_rel=5.601e-03
Saved forward reference data (B=4, Hq=12, Hkv=4, S=4096, D=128) to /root/jeni/Hopper_jeni/data/

=== Backward precision vs FP64 ground truth ===
  dQ SDPA bf16                              max_abs=2.849e-03  mean_abs=3.607e-04  max_rel=2.160e+02
  dK SDPA bf16                              max_abs=4.119e-03  mean_abs=2.351e-05  max_rel=9.926e+01
  dV SDPA bf16                              max_abs=3.559e-02  mean_abs=9.463e-05  max_rel=1.473e+02
Saved backward reference data to /root/jeni/Hopper_jeni/data/

Triton vs SDPA bf16   max_abs=5.090e-01  mean_abs=5.671e-03

=== Latency  (4x12x4096x128, GQA G=3, bf16) ===
Kernel                      median ms     p5 ms    p95 ms     TFLOP/s
---------------------------------------------------------------------
SDPA bf16 (enable_gqa)         0.3577    0.3526    0.3627     1152.70
SDPA bf16 (compiled)           0.3619    0.3581    0.3654     1139.35
Triton flash (GQA)             1.3560    1.3490    1.3645      304.08

=== Backward precision (Triton flash vs SDPA bf16) ===
  dQ Triton flash vs SDPA                   max_abs=1.221e-03  mean_abs=9.644e-06  max_rel=1.221e+02
  dK Triton flash vs SDPA                   max_abs=3.906e-03  mean_abs=1.600e-05  max_rel=6.866e+01
  dV Triton flash vs SDPA                   max_abs=3.125e-02  mean_abs=5.488e-05  max_rel=1.450e+02

=== Backward latency  (4x12x4096x128, GQA G=3, bf16) ===
Kernel                      median ms     p5 ms    p95 ms     TFLOP/s
---------------------------------------------------------------------
SDPA bwd (enable_gqa)          1.5103    1.4465    1.5171     1092.03
SDPA bwd (compiled)            1.4758    1.4524    1.5142     1117.56
Triton flash bwd (GQA)         2.9812    2.9750    3.0017      553.23
GQA Backward — precision test  [Hopper SM_90 / H200]
Prerequisite: python precision/baseline_gqa.py

  shape: B=4 Hq=12 Hkv=4 (G=3)

Loaded PyTorch reference from data/gqa_*.bin

── V43 Br=64 Bc=64 TMA-reduce dQ (Hopper SM_90) ──
  dQ  max_abs=1.953e-03  mean_abs=1.188e-05  max_rel=3.332e+01
  dK  max_abs=3.906e-03  mean_abs=1.849e-05  max_rel=2.125e+01
  dV  max_abs=3.125e-02  mean_abs=5.476e-05  max_rel=3.520e+01
  dQ: [32mValues match!
[0m  dK: [32mValues match!
[0m  dV: [32mValues match!
[0m
── V44 Br=64 Bc=64 swizzled TMA-reduce dQ (Hopper SM_90) ──
  dQ  max_abs=1.953e-03  mean_abs=1.188e-05  max_rel=3.332e+01
  dK  max_abs=3.906e-03  mean_abs=1.849e-05  max_rel=2.125e+01
  dV  max_abs=3.125e-02  mean_abs=5.476e-05  max_rel=3.520e+01
  dQ: [32mValues match!
[0m  dK: [32mValues match!
[0m  dV: [32mValues match!
[0m
── Vz2 wgmma tensor cores (Hopper SM_90) ──
  dQ  max_abs=1.953e-03  mean_abs=1.188e-05  max_rel=3.332e+01
  dK  max_abs=3.906e-03  mean_abs=1.849e-05  max_rel=2.125e+01
  dV  max_abs=3.125e-02  mean_abs=5.476e-05  max_rel=3.520e+01
  dQ: [32mValues match!
[0m  dK: [32mValues match!
[0m  dV: [32mValues match!
[0m
── Vj1 clone of Vz2 + levers (Hopper SM_90) ──
  dQ  max_abs=1.953e-03  mean_abs=1.188e-05  max_rel=3.332e+01
  dK  max_abs=3.906e-03  mean_abs=2.082e-05  max_rel=2.750e+01
  dV  max_abs=3.125e-02  mean_abs=3.877e-05  max_rel=9.667e+00
  dQ: [32mValues match!
[0m  dK: [32mValues match!
[0m  dV: [32mValues match!
[0m
── V45 Br=64 Bc=64 adaptive raster (default<=B4, raster B8) (Hopper SM_90) ──
  dQ  max_abs=1.953e-03  mean_abs=1.188e-05  max_rel=3.332e+01
  dK  max_abs=3.906e-03  mean_abs=1.849e-05  max_rel=2.125e+01
  dV  max_abs=3.125e-02  mean_abs=5.476e-05  max_rel=3.520e+01
  dQ: [32mValues match!
[0m  dK: [32mValues match!
[0m  dV: [32mValues match!
[0m
=== Latency  (B=4 Hq=12 Hkv=4 S=4096 D=128, GQA G=3, bf16, causal) ===

----------------------------------------------------------
Benchmark: GQA bwd V43 Br=64, Bc=64  TMA-reduce dQ  (Hopper SM_90)
----------------------------------------------------------
Average Time:      1.7139 ms
Median Time:       1.7139 ms
Std Dev:           0.0014 ms
Min Time:          1.7117 ms
Max Time:          1.7166 ms
Performance:     962.2810 TFLOPS
----------------------------------------------------------

----------------------------------------------------------
Benchmark: GQA bwd V44 Br=64, Bc=64  swizzled TMA-reduce dQ  (Hopper SM_90)
----------------------------------------------------------
Average Time:      1.5054 ms
Median Time:       1.5182 ms
Std Dev:           0.0194 ms
Min Time:          1.4698 ms
Max Time:          1.5232 ms
Performance:    1095.5659 TFLOPS
----------------------------------------------------------

----------------------------------------------------------
Benchmark: GQA bwd Vz2 wgmma tensor cores  (Hopper SM_90)
----------------------------------------------------------
Average Time:      1.5533 ms
Median Time:       1.5520 ms
Std Dev:           0.0229 ms
Min Time:          1.5016 ms
Max Time:          1.6156 ms
Performance:    1061.7830 TFLOPS
----------------------------------------------------------

----------------------------------------------------------
Benchmark: GQA bwd Vj1 clone of Vz2 + levers  (Hopper SM_90)
----------------------------------------------------------
Average Time:      1.3860 ms
Median Time:       1.3862 ms
Std Dev:           0.0082 ms
Min Time:          1.3671 ms
Max Time:          1.4049 ms
Performance:    1189.9058 TFLOPS
----------------------------------------------------------

----------------------------------------------------------
Benchmark: GQA bwd V45 Br=64, Bc=64  adaptive raster (default<=B4, raster B8)  (Hopper SM_90)
----------------------------------------------------------
Average Time:      1.5316 ms
Median Time:       1.5378 ms
Std Dev:           0.0150 ms
Min Time:          1.5120 ms
Max Time:          1.5544 ms
Performance:    1076.8457 TFLOPS
----------------------------------------------------------

############################################################
# SHAPE  B=8  Hq=12  Hkv=4  (G=3)  S=4096 D=128
############################################################
=== Precision vs FP64 ground truth  (8x12x4096x128, GQA G=3) ===
  SDPA bf16 (enable_gqa)                    max_abs=3.274e-03  mean_abs=7.343e-04  max_rel=5.817e-03
Saved forward reference data (B=8, Hq=12, Hkv=4, S=4096, D=128) to /root/jeni/Hopper_jeni/data/

=== Backward precision vs FP64 ground truth ===
  dQ SDPA bf16                              max_abs=2.919e-03  mean_abs=3.595e-04  max_rel=1.971e+02
  dK SDPA bf16                              max_abs=4.025e-03  mean_abs=2.368e-05  max_rel=4.152e+01
  dV SDPA bf16                              max_abs=2.831e-02  mean_abs=9.493e-05  max_rel=9.863e+01
Saved backward reference data to /root/jeni/Hopper_jeni/data/

Triton vs SDPA bf16   max_abs=5.117e-01  mean_abs=5.605e-03

=== Latency  (8x12x4096x128, GQA G=3, bf16) ===
Kernel                      median ms     p5 ms    p95 ms     TFLOP/s
---------------------------------------------------------------------
SDPA bf16 (enable_gqa)         0.7035    0.6615    0.7109     1172.21
SDPA bf16 (compiled)           0.6994    0.6928    0.7121     1179.02
Triton flash (GQA)             2.6538    2.6489    2.6866      310.74

=== Backward precision (Triton flash vs SDPA bf16) ===
  dQ Triton flash vs SDPA                   max_abs=1.953e-03  mean_abs=9.653e-06  max_rel=5.569e+01
  dK Triton flash vs SDPA                   max_abs=3.906e-03  mean_abs=1.601e-05  max_rel=5.608e+01
  dV Triton flash vs SDPA                   max_abs=3.125e-02  mean_abs=5.487e-05  max_rel=7.538e+02

=== Backward latency  (8x12x4096x128, GQA G=3, bf16) ===
Kernel                      median ms     p5 ms    p95 ms     TFLOP/s
---------------------------------------------------------------------
SDPA bwd (enable_gqa)          2.8320    2.7443    2.8401     1164.72
SDPA bwd (compiled)            2.8761    2.7720    2.9475     1146.88
Triton flash bwd (GQA)         5.6524    5.6467    5.6860      583.56
GQA Backward — precision test  [Hopper SM_90 / H200]
Prerequisite: python precision/baseline_gqa.py

  shape: B=8 Hq=12 Hkv=4 (G=3)

Loaded PyTorch reference from data/gqa_*.bin

── V43 Br=64 Bc=64 TMA-reduce dQ (Hopper SM_90) ──
  dQ  max_abs=1.953e-03  mean_abs=1.185e-05  max_rel=3.991e+01
  dK  max_abs=3.906e-03  mean_abs=1.860e-05  max_rel=2.583e+01
  dV  max_abs=3.125e-02  mean_abs=5.508e-05  max_rel=2.008e+01
  dQ: [32mValues match!
[0m  dK: [32mValues match!
[0m  dV: [32mValues match!
[0m
── V44 Br=64 Bc=64 swizzled TMA-reduce dQ (Hopper SM_90) ──
  dQ  max_abs=1.953e-03  mean_abs=1.185e-05  max_rel=3.991e+01
  dK  max_abs=3.906e-03  mean_abs=1.860e-05  max_rel=2.583e+01
  dV  max_abs=3.125e-02  mean_abs=5.508e-05  max_rel=2.008e+01
  dQ: [32mValues match!
[0m  dK: [32mValues match!
[0m  dV: [32mValues match!
[0m
── Vz2 wgmma tensor cores (Hopper SM_90) ──
  dQ  max_abs=1.953e-03  mean_abs=1.185e-05  max_rel=3.991e+01
  dK  max_abs=3.906e-03  mean_abs=1.860e-05  max_rel=2.583e+01
  dV  max_abs=3.125e-02  mean_abs=5.508e-05  max_rel=2.008e+01
  dQ: [32mValues match!
[0m  dK: [32mValues match!
[0m  dV: [32mValues match!
[0m
── Vj1 clone of Vz2 + levers (Hopper SM_90) ──
  dQ  max_abs=1.953e-03  mean_abs=1.185e-05  max_rel=3.991e+01
  dK  max_abs=5.859e-03  mean_abs=2.094e-05  max_rel=2.567e+01
  dV  max_abs=3.125e-02  mean_abs=3.890e-05  max_rel=1.625e+01
  dQ: [32mValues match!
[0m  dK: [32mValues match!
[0m  dV: [32mValues match!
[0m
── V45 Br=64 Bc=64 adaptive raster (default<=B4, raster B8) (Hopper SM_90) ──
  dQ  max_abs=1.953e-03  mean_abs=1.185e-05  max_rel=3.991e+01
  dK  max_abs=3.906e-03  mean_abs=1.860e-05  max_rel=2.583e+01
  dV  max_abs=3.125e-02  mean_abs=5.508e-05  max_rel=2.008e+01
  dQ: [32mValues match!
[0m  dK: [32mValues match!
[0m  dV: [32mValues match!
[0m
=== Latency  (B=8 Hq=12 Hkv=4 S=4096 D=128, GQA G=3, bf16, causal) ===

----------------------------------------------------------
Benchmark: GQA bwd V43 Br=64, Bc=64  TMA-reduce dQ  (Hopper SM_90)
----------------------------------------------------------
Average Time:      3.3975 ms
Median Time:       3.3976 ms
Std Dev:           0.0000 ms
Min Time:          3.3951 ms
Max Time:          3.3997 ms
Performance:     970.8798 TFLOPS
----------------------------------------------------------

----------------------------------------------------------
Benchmark: GQA bwd V44 Br=64, Bc=64  swizzled TMA-reduce dQ  (Hopper SM_90)
----------------------------------------------------------
Average Time:      3.0911 ms
Median Time:       3.0916 ms
Std Dev:           0.0287 ms
Min Time:          2.9995 ms
Max Time:          3.1344 ms
Performance:    1067.1120 TFLOPS
----------------------------------------------------------

----------------------------------------------------------
Benchmark: GQA bwd Vz2 wgmma tensor cores  (Hopper SM_90)
----------------------------------------------------------
Average Time:      3.1765 ms
Median Time:       3.2516 ms
Std Dev:           0.2152 ms
Min Time:          2.8150 ms
Max Time:          3.4500 ms
Performance:    1038.4028 TFLOPS
----------------------------------------------------------

----------------------------------------------------------
Benchmark: GQA bwd Vj1 clone of Vz2 + levers  (Hopper SM_90)
----------------------------------------------------------
Average Time:      2.7266 ms
Median Time:       2.7223 ms
Std Dev:           0.0288 ms
Min Time:          2.6788 ms
Max Time:          2.7892 ms
Performance:    1209.7461 TFLOPS
----------------------------------------------------------

----------------------------------------------------------
Benchmark: GQA bwd V45 Br=64, Bc=64  adaptive raster (default<=B4, raster B8)  (Hopper SM_90)
----------------------------------------------------------
Average Time:      3.1409 ms
Median Time:       3.1417 ms
Std Dev:           0.0120 ms
Min Time:          3.1180 ms
Max Time:          3.2163 ms
Performance:    1050.1894 TFLOPS
----------------------------------------------------------

############################################################
# SHAPE  B=2  Hq=16  Hkv=4  (G=4)  S=4096 D=128
############################################################
=== Precision vs FP64 ground truth  (2x16x4096x128, GQA G=4) ===
  SDPA bf16 (enable_gqa)                    max_abs=3.011e-03  mean_abs=7.270e-04  max_rel=5.301e-03
Saved forward reference data (B=2, Hq=16, Hkv=4, S=4096, D=128) to /root/jeni/Hopper_jeni/data/

=== Backward precision vs FP64 ground truth ===
  dQ SDPA bf16                              max_abs=3.056e-03  mean_abs=3.566e-04  max_rel=1.941e+02
  dK SDPA bf16                              max_abs=3.470e-03  mean_abs=2.733e-05  max_rel=3.131e+01
  dV SDPA bf16                              max_abs=2.835e-02  mean_abs=1.103e-04  max_rel=5.850e+01
Saved backward reference data to /root/jeni/Hopper_jeni/data/

Triton vs SDPA bf16   max_abs=5.039e-01  mean_abs=5.618e-03

=== Latency  (2x16x4096x128, GQA G=4, bf16) ===
Kernel                      median ms     p5 ms    p95 ms     TFLOP/s
---------------------------------------------------------------------
SDPA bf16 (enable_gqa)         0.2495    0.2476    0.2539     1101.56
SDPA bf16 (compiled)           0.2500    0.2483    0.2542     1099.72
Triton flash (GQA)             0.8934    0.8891    0.9001      307.69

=== Backward precision (Triton flash vs SDPA bf16) ===
  dQ Triton flash vs SDPA                   max_abs=1.221e-03  mean_abs=9.659e-06  max_rel=2.763e+01
  dK Triton flash vs SDPA                   max_abs=2.930e-03  mean_abs=1.826e-05  max_rel=3.872e+01
  dV Triton flash vs SDPA                   max_abs=3.125e-02  mean_abs=6.311e-05  max_rel=9.995e+01

=== Backward latency  (2x16x4096x128, GQA G=4, bf16) ===
Kernel                      median ms     p5 ms    p95 ms     TFLOP/s
---------------------------------------------------------------------
SDPA bwd (enable_gqa)          1.0140    1.0096    1.0331     1084.30
SDPA bwd (compiled)            1.0320    1.0188    1.0378     1065.42
Triton flash bwd (GQA)         2.1320    2.1255    2.1408      515.71
GQA Backward — precision test  [Hopper SM_90 / H200]
Prerequisite: python precision/baseline_gqa.py

  shape: B=2 Hq=16 Hkv=4 (G=4)

Loaded PyTorch reference from data/gqa_*.bin

── V43 Br=64 Bc=64 TMA-reduce dQ (Hopper SM_90) ──
  dQ  max_abs=1.038e-03  mean_abs=1.183e-05  max_rel=4.058e+01
  dK  max_abs=3.906e-03  mean_abs=2.136e-05  max_rel=2.800e+01
  dV  max_abs=3.125e-02  mean_abs=6.392e-05  max_rel=1.988e+01
  dQ: [32mValues match!
[0m  dK: [32mValues match!
[0m  dV: [32mValues match!
[0m
── V44 Br=64 Bc=64 swizzled TMA-reduce dQ (Hopper SM_90) ──
  dQ  max_abs=1.038e-03  mean_abs=1.183e-05  max_rel=4.058e+01
  dK  max_abs=3.906e-03  mean_abs=2.136e-05  max_rel=2.800e+01
  dV  max_abs=3.125e-02  mean_abs=6.392e-05  max_rel=1.988e+01
  dQ: [32mValues match!
[0m  dK: [32mValues match!
[0m  dV: [32mValues match!
[0m
── Vz2 wgmma tensor cores (Hopper SM_90) ──
  dQ  max_abs=1.038e-03  mean_abs=1.183e-05  max_rel=4.058e+01
  dK  max_abs=3.906e-03  mean_abs=2.136e-05  max_rel=2.800e+01
  dV  max_abs=3.125e-02  mean_abs=6.392e-05  max_rel=1.988e+01
  dQ: [32mValues match!
[0m  dK: [32mValues match!
[0m  dV: [32mValues match!
[0m
── Vj1 clone of Vz2 + levers (Hopper SM_90) ──
  dQ  max_abs=1.038e-03  mean_abs=1.183e-05  max_rel=4.058e+01
  dK  max_abs=3.906e-03  mean_abs=2.591e-05  max_rel=3.100e+01
  dV  max_abs=6.250e-02  mean_abs=6.650e-05  max_rel=1.180e+01
  dQ: [32mValues match!
[0m  dK: [32mValues match!
[0m  dV: [32mValues match!
[0m
── V45 Br=64 Bc=64 adaptive raster (default<=B4, raster B8) (Hopper SM_90) ──
  dQ  max_abs=1.038e-03  mean_abs=1.183e-05  max_rel=4.058e+01
  dK  max_abs=3.906e-03  mean_abs=2.136e-05  max_rel=2.800e+01
  dV  max_abs=3.125e-02  mean_abs=6.392e-05  max_rel=1.988e+01
  dQ: [32mValues match!
[0m  dK: [32mValues match!
[0m  dV: [32mValues match!
[0m
=== Latency  (B=2 Hq=16 Hkv=4 S=4096 D=128, GQA G=4, bf16, causal) ===

----------------------------------------------------------
Benchmark: GQA bwd V43 Br=64, Bc=64  TMA-reduce dQ  (Hopper SM_90)
----------------------------------------------------------
Average Time:      1.1427 ms
Median Time:       1.1428 ms
Std Dev:           0.0014 ms
Min Time:          1.1398 ms
Max Time:          1.1462 ms
Performance:     962.1678 TFLOPS
----------------------------------------------------------

----------------------------------------------------------
Benchmark: GQA bwd V44 Br=64, Bc=64  swizzled TMA-reduce dQ  (Hopper SM_90)
----------------------------------------------------------
Average Time:      0.9831 ms
Median Time:       0.9830 ms
Std Dev:           0.0013 ms
Min Time:          0.9805 ms
Max Time:          0.9859 ms
Performance:    1118.3938 TFLOPS
----------------------------------------------------------

----------------------------------------------------------
Benchmark: GQA bwd Vz2 wgmma tensor cores  (Hopper SM_90)
----------------------------------------------------------
Average Time:      1.2487 ms
Median Time:       1.2478 ms
Std Dev:           0.0232 ms
Min Time:          1.1778 ms
Max Time:          1.2962 ms
Performance:     880.5335 TFLOPS
----------------------------------------------------------

----------------------------------------------------------
Benchmark: GQA bwd Vj1 clone of Vz2 + levers  (Hopper SM_90)
----------------------------------------------------------
Average Time:      0.9545 ms
Median Time:       0.9547 ms
Std Dev:           0.0067 ms
Min Time:          0.9391 ms
Max Time:          0.9662 ms
Performance:    1151.9477 TFLOPS
----------------------------------------------------------

----------------------------------------------------------
Benchmark: GQA bwd V45 Br=64, Bc=64  adaptive raster (default<=B4, raster B8)  (Hopper SM_90)
----------------------------------------------------------
Average Time:      1.0017 ms
Median Time:       1.0013 ms
Std Dev:           0.0016 ms
Min Time:          0.9989 ms
Max Time:          1.0083 ms
Performance:    1097.6923 TFLOPS
----------------------------------------------------------

############################################################
# SHAPE  B=4  Hq=16  Hkv=4  (G=4)  S=4096 D=128
############################################################
=== Precision vs FP64 ground truth  (4x16x4096x128, GQA G=4) ===
  SDPA bf16 (enable_gqa)                    max_abs=3.134e-03  mean_abs=7.362e-04  max_rel=5.570e-03
Saved forward reference data (B=4, Hq=16, Hkv=4, S=4096, D=128) to /root/jeni/Hopper_jeni/data/

=== Backward precision vs FP64 ground truth ===
  dQ SDPA bf16                              max_abs=2.843e-03  mean_abs=3.604e-04  max_rel=2.335e+02
  dK SDPA bf16                              max_abs=4.936e-03  mean_abs=2.767e-05  max_rel=9.825e+01
  dV SDPA bf16                              max_abs=2.929e-02  mean_abs=1.104e-04  max_rel=2.676e+02
Saved backward reference data to /root/jeni/Hopper_jeni/data/

Triton vs SDPA bf16   max_abs=5.039e-01  mean_abs=5.665e-03

=== Latency  (4x16x4096x128, GQA G=4, bf16) ===
Kernel                      median ms     p5 ms    p95 ms     TFLOP/s
---------------------------------------------------------------------
SDPA bf16 (enable_gqa)         0.4707    0.4550    0.4776     1167.90
SDPA bf16 (compiled)           0.4762    0.4688    0.4841     1154.41
Triton flash (GQA)             1.7586    1.7536    1.7726      312.61

=== Backward precision (Triton flash vs SDPA bf16) ===
  dQ Triton flash vs SDPA                   max_abs=1.953e-03  mean_abs=9.644e-06  max_rel=5.401e+01
  dK Triton flash vs SDPA                   max_abs=3.906e-03  mean_abs=1.848e-05  max_rel=1.213e+02
  dV Triton flash vs SDPA                   max_abs=3.125e-02  mean_abs=6.345e-05  max_rel=2.487e+02

=== Backward latency  (4x16x4096x128, GQA G=4, bf16) ===
Kernel                      median ms     p5 ms    p95 ms     TFLOP/s
---------------------------------------------------------------------
SDPA bwd (enable_gqa)          1.8796    1.8778    1.8818     1169.95
SDPA bwd (compiled)            1.9573    1.8757    1.9875     1123.48
Triton flash bwd (GQA)         3.9167    3.9060    3.9685      561.45
GQA Backward — precision test  [Hopper SM_90 / H200]
Prerequisite: python precision/baseline_gqa.py

  shape: B=4 Hq=16 Hkv=4 (G=4)

Loaded PyTorch reference from data/gqa_*.bin

── V43 Br=64 Bc=64 TMA-reduce dQ (Hopper SM_90) ──
  dQ  max_abs=1.953e-03  mean_abs=1.183e-05  max_rel=3.281e+01
  dK  max_abs=3.906e-03  mean_abs=2.138e-05  max_rel=3.575e+01
  dV  max_abs=3.125e-02  mean_abs=6.380e-05  max_rel=2.025e+01
  dQ: [32mValues match!
[0m  dK: [32mValues match!
[0m  dV: [32mValues match!
[0m
── V44 Br=64 Bc=64 swizzled TMA-reduce dQ (Hopper SM_90) ──
  dQ  max_abs=1.953e-03  mean_abs=1.183e-05  max_rel=3.281e+01
  dK  max_abs=3.906e-03  mean_abs=2.138e-05  max_rel=3.575e+01
  dV  max_abs=3.125e-02  mean_abs=6.380e-05  max_rel=2.025e+01
  dQ: [32mValues match!
[0m  dK: [32mValues match!
[0m  dV: [32mValues match!
[0m
── Vz2 wgmma tensor cores (Hopper SM_90) ──
  dQ  max_abs=1.953e-03  mean_abs=1.183e-05  max_rel=3.281e+01
  dK  max_abs=3.906e-03  mean_abs=2.138e-05  max_rel=3.575e+01
  dV  max_abs=3.125e-02  mean_abs=6.380e-05  max_rel=2.025e+01
  dQ: [32mValues match!
[0m  dK: [32mValues match!
[0m  dV: [32mValues match!
[0m
── Vj1 clone of Vz2 + levers (Hopper SM_90) ──
  dQ  max_abs=1.953e-03  mean_abs=1.183e-05  max_rel=3.281e+01
  dK  max_abs=7.812e-03  mean_abs=2.593e-05  max_rel=4.900e+01
  dV  max_abs=3.125e-02  mean_abs=6.661e-05  max_rel=3.100e+01
  dQ: [32mValues match!
[0m  dK: [32mValues match!
[0m  dV: [32mValues match!
[0m
── V45 Br=64 Bc=64 adaptive raster (default<=B4, raster B8) (Hopper SM_90) ──
  dQ  max_abs=1.953e-03  mean_abs=1.183e-05  max_rel=3.281e+01
  dK  max_abs=3.906e-03  mean_abs=2.138e-05  max_rel=3.575e+01
  dV  max_abs=3.125e-02  mean_abs=6.380e-05  max_rel=2.025e+01
  dQ: [32mValues match!
[0m  dK: [32mValues match!
[0m  dV: [32mValues match!
[0m
=== Latency  (B=4 Hq=16 Hkv=4 S=4096 D=128, GQA G=4, bf16, causal) ===

----------------------------------------------------------
Benchmark: GQA bwd V43 Br=64, Bc=64  TMA-reduce dQ  (Hopper SM_90)
----------------------------------------------------------
Average Time:      2.2699 ms
Median Time:       2.2696 ms
Std Dev:           0.0033 ms
Min Time:          2.2652 ms
Max Time:          2.2756 ms
Performance:     968.7692 TFLOPS
----------------------------------------------------------

----------------------------------------------------------
Benchmark: GQA bwd V44 Br=64, Bc=64  swizzled TMA-reduce dQ  (Hopper SM_90)
----------------------------------------------------------
Average Time:      1.9896 ms
Median Time:       1.9938 ms
Std Dev:           0.0128 ms
Min Time:          1.9467 ms
Max Time:          2.0001 ms
Performance:    1105.2474 TFLOPS
----------------------------------------------------------

----------------------------------------------------------
Benchmark: GQA bwd Vz2 wgmma tensor cores  (Hopper SM_90)
----------------------------------------------------------
Average Time:      2.0532 ms
Median Time:       2.0540 ms
Std Dev:           0.0242 ms
Min Time:          1.9979 ms
Max Time:          2.1169 ms
Performance:    1071.0175 TFLOPS
----------------------------------------------------------

----------------------------------------------------------
Benchmark: GQA bwd Vj1 clone of Vz2 + levers  (Hopper SM_90)
----------------------------------------------------------
Average Time:      1.8356 ms
Median Time:       1.8160 ms
Std Dev:           0.0454 ms
Min Time:          1.7714 ms
Max Time:          1.9161 ms
Performance:    1197.9814 TFLOPS
----------------------------------------------------------

----------------------------------------------------------
Benchmark: GQA bwd V45 Br=64, Bc=64  adaptive raster (default<=B4, raster B8)  (Hopper SM_90)
----------------------------------------------------------
Average Time:      2.2103 ms
Median Time:       2.2053 ms
Std Dev:           0.0158 ms
Min Time:          2.2004 ms
Max Time:          2.2632 ms
Performance:     994.8978 TFLOPS
----------------------------------------------------------

############################################################
# SHAPE  B=8  Hq=16  Hkv=4  (G=4)  S=4096 D=128
############################################################
=== Precision vs FP64 ground truth  (8x16x4096x128, GQA G=4) ===
  SDPA bf16 (enable_gqa)                    max_abs=3.018e-03  mean_abs=7.304e-04  max_rel=6.053e-03
Saved forward reference data (B=8, Hq=16, Hkv=4, S=4096, D=128) to /root/jeni/Hopper_jeni/data/

=== Backward precision vs FP64 ground truth ===
  dQ SDPA bf16                              max_abs=2.521e-03  mean_abs=3.567e-04  max_rel=2.060e+02
  dK SDPA bf16                              max_abs=5.085e-03  mean_abs=2.733e-05  max_rel=7.292e+01
  dV SDPA bf16                              max_abs=3.461e-02  mean_abs=1.100e-04  max_rel=1.469e+02
Saved backward reference data to /root/jeni/Hopper_jeni/data/

Triton vs SDPA bf16   max_abs=5.039e-01  mean_abs=5.682e-03

=== Latency  (8x16x4096x128, GQA G=4, bf16) ===
Kernel                      median ms     p5 ms    p95 ms     TFLOP/s
---------------------------------------------------------------------
SDPA bf16 (enable_gqa)         0.9293    0.8627    0.9417     1183.15
SDPA bf16 (compiled)           0.9237    0.9138    0.9330     1190.38
Triton flash (GQA)             3.4668    3.4613    3.4979      317.15

=== Backward precision (Triton flash vs SDPA bf16) ===
  dQ Triton flash vs SDPA                   max_abs=1.953e-03  mean_abs=9.636e-06  max_rel=6.142e+01
  dK Triton flash vs SDPA                   max_abs=3.906e-03  mean_abs=1.841e-05  max_rel=7.095e+01
  dV Triton flash vs SDPA                   max_abs=6.250e-02  mean_abs=6.355e-05  max_rel=5.432e+02

=== Backward latency  (8x16x4096x128, GQA G=4, bf16) ===
Kernel                      median ms     p5 ms    p95 ms     TFLOP/s
---------------------------------------------------------------------
SDPA bwd (enable_gqa)          3.8280    3.6897    3.8618     1148.91
SDPA bwd (compiled)            3.8655    3.7536    3.8768     1137.78
Triton flash bwd (GQA)         7.4727    7.4671    7.4902      588.55
GQA Backward — precision test  [Hopper SM_90 / H200]
Prerequisite: python precision/baseline_gqa.py

  shape: B=8 Hq=16 Hkv=4 (G=4)

Loaded PyTorch reference from data/gqa_*.bin

── V43 Br=64 Bc=64 TMA-reduce dQ (Hopper SM_90) ──
  dQ  max_abs=1.953e-03  mean_abs=1.183e-05  max_rel=3.062e+01
  dK  max_abs=3.906e-03  mean_abs=2.133e-05  max_rel=2.167e+01
  dV  max_abs=3.125e-02  mean_abs=6.380e-05  max_rel=1.018e+02
  dQ: [32mValues match!
[0m  dK: [32mValues match!
[0m  dV: [32mValues match!
[0m
── V44 Br=64 Bc=64 swizzled TMA-reduce dQ (Hopper SM_90) ──
  dQ  max_abs=1.953e-03  mean_abs=1.183e-05  max_rel=3.062e+01
  dK  max_abs=3.906e-03  mean_abs=2.133e-05  max_rel=2.167e+01
  dV  max_abs=3.125e-02  mean_abs=6.380e-05  max_rel=1.018e+02
  dQ: [32mValues match!
[0m  dK: [32mValues match!
[0m  dV: [32mValues match!
[0m
── Vz2 wgmma tensor cores (Hopper SM_90) ──
  dQ  max_abs=1.953e-03  mean_abs=1.183e-05  max_rel=3.062e+01
  dK  max_abs=3.906e-03  mean_abs=2.133e-05  max_rel=2.167e+01
  dV  max_abs=3.125e-02  mean_abs=6.380e-05  max_rel=1.018e+02
  dQ: [32mValues match!
[0m  dK: [32mValues match!
[0m  dV: [32mValues match!
[0m
── Vj1 clone of Vz2 + levers (Hopper SM_90) ──
  dQ  max_abs=1.953e-03  mean_abs=1.183e-05  max_rel=3.062e+01
  dK  max_abs=5.859e-03  mean_abs=2.582e-05  max_rel=4.167e+01
  dV  max_abs=6.250e-02  mean_abs=6.630e-05  max_rel=1.948e+01
  dQ: [32mValues match!
[0m  dK: [32mValues match!
[0m  dV: [32mValues match!
[0m
── V45 Br=64 Bc=64 adaptive raster (default<=B4, raster B8) (Hopper SM_90) ──
  dQ  max_abs=1.953e-03  mean_abs=1.183e-05  max_rel=3.062e+01
  dK  max_abs=3.906e-03  mean_abs=2.133e-05  max_rel=2.167e+01
  dV  max_abs=3.125e-02  mean_abs=6.380e-05  max_rel=1.018e+02
  dQ: [32mValues match!
[0m  dK: [32mValues match!
[0m  dV: [32mValues match!
[0m
=== Latency  (B=8 Hq=16 Hkv=4 S=4096 D=128, GQA G=4, bf16, causal) ===

----------------------------------------------------------
Benchmark: GQA bwd V43 Br=64, Bc=64  TMA-reduce dQ  (Hopper SM_90)
----------------------------------------------------------
Average Time:      4.5051 ms
Median Time:       4.5050 ms
Std Dev:           0.0020 ms
Min Time:          4.5025 ms
Max Time:          4.5074 ms
Performance:     976.2323 TFLOPS
----------------------------------------------------------

----------------------------------------------------------
Benchmark: GQA bwd V44 Br=64, Bc=64  swizzled TMA-reduce dQ  (Hopper SM_90)
----------------------------------------------------------
Average Time:      5.2886 ms
Median Time:       5.3207 ms
Std Dev:           0.5294 ms
Min Time:          4.2366 ms
Max Time:          6.2037 ms
Performance:     831.6118 TFLOPS
----------------------------------------------------------

----------------------------------------------------------
Benchmark: GQA bwd Vz2 wgmma tensor cores  (Hopper SM_90)
----------------------------------------------------------
Average Time:      3.7826 ms
Median Time:       3.7850 ms
Std Dev:           0.0322 ms
Min Time:          3.6974 ms
Max Time:          3.8585 ms
Performance:    1162.7071 TFLOPS
----------------------------------------------------------

----------------------------------------------------------
Benchmark: GQA bwd Vj1 clone of Vz2 + levers  (Hopper SM_90)
----------------------------------------------------------
Average Time:      3.8076 ms
Median Time:       3.7409 ms
Std Dev:           0.1820 ms
Min Time:          3.4705 ms
Max Time:          4.0856 ms
Performance:    1155.0613 TFLOPS
----------------------------------------------------------

----------------------------------------------------------
Benchmark: GQA bwd V45 Br=64, Bc=64  adaptive raster (default<=B4, raster B8)  (Hopper SM_90)
----------------------------------------------------------
Average Time:      4.1616 ms
Median Time:       4.1650 ms
Std Dev:           0.0136 ms
Min Time:          4.1371 ms
Max Time:          4.1985 ms
Performance:    1056.8203 TFLOPS
----------------------------------------------------------

############################################################
# SHAPE  B=2  Hq=24  Hkv=8  (G=3)  S=4096 D=128
############################################################
=== Precision vs FP64 ground truth  (2x24x4096x128, GQA G=3) ===
  SDPA bf16 (enable_gqa)                    max_abs=3.169e-03  mean_abs=7.379e-04  max_rel=5.601e-03
Saved forward reference data (B=2, Hq=24, Hkv=8, S=4096, D=128) to /root/jeni/Hopper_jeni/data/

=== Backward precision vs FP64 ground truth ===
  dQ SDPA bf16                              max_abs=2.849e-03  mean_abs=3.607e-04  max_rel=2.160e+02
  dK SDPA bf16                              max_abs=4.119e-03  mean_abs=2.351e-05  max_rel=9.926e+01
  dV SDPA bf16                              max_abs=3.559e-02  mean_abs=9.463e-05  max_rel=1.473e+02
Saved backward reference data to /root/jeni/Hopper_jeni/data/

Triton vs SDPA bf16   max_abs=5.090e-01  mean_abs=5.671e-03

=== Latency  (2x24x4096x128, GQA G=3, bf16) ===
Kernel                      median ms     p5 ms    p95 ms     TFLOP/s
---------------------------------------------------------------------
SDPA bf16 (enable_gqa)         0.3638    0.3528    0.3690     1133.34
SDPA bf16 (compiled)           0.3647    0.3613    0.3681     1130.45
Triton flash (GQA)             1.3571    1.3504    1.3639      303.82

=== Backward precision (Triton flash vs SDPA bf16) ===
  dQ Triton flash vs SDPA                   max_abs=1.221e-03  mean_abs=9.644e-06  max_rel=1.221e+02
  dK Triton flash vs SDPA                   max_abs=3.906e-03  mean_abs=1.600e-05  max_rel=6.866e+01
  dV Triton flash vs SDPA                   max_abs=3.125e-02  mean_abs=5.488e-05  max_rel=1.450e+02

=== Backward latency  (2x24x4096x128, GQA G=3, bf16) ===
Kernel                      median ms     p5 ms    p95 ms     TFLOP/s
---------------------------------------------------------------------
SDPA bwd (enable_gqa)          1.4851    1.4462    1.5253     1110.53
SDPA bwd (compiled)            1.4760    1.4548    1.5052     1117.41
Triton flash bwd (GQA)         2.9805    2.9748    2.9998      553.36
GQA Backward — precision test  [Hopper SM_90 / H200]
Prerequisite: python precision/baseline_gqa.py

  shape: B=2 Hq=24 Hkv=8 (G=3)

Loaded PyTorch reference from data/gqa_*.bin

── V43 Br=64 Bc=64 TMA-reduce dQ (Hopper SM_90) ──
  dQ  max_abs=1.953e-03  mean_abs=1.188e-05  max_rel=3.332e+01
  dK  max_abs=3.906e-03  mean_abs=1.849e-05  max_rel=2.125e+01
  dV  max_abs=3.125e-02  mean_abs=5.476e-05  max_rel=3.520e+01
  dQ: [32mValues match!
[0m  dK: [32mValues match!
[0m  dV: [32mValues match!
[0m
── V44 Br=64 Bc=64 swizzled TMA-reduce dQ (Hopper SM_90) ──
  dQ  max_abs=1.953e-03  mean_abs=1.188e-05  max_rel=3.332e+01
  dK  max_abs=3.906e-03  mean_abs=1.849e-05  max_rel=2.125e+01
  dV  max_abs=3.125e-02  mean_abs=5.476e-05  max_rel=3.520e+01
  dQ: [32mValues match!
[0m  dK: [32mValues match!
[0m  dV: [32mValues match!
[0m
── Vz2 wgmma tensor cores (Hopper SM_90) ──
  dQ  max_abs=1.953e-03  mean_abs=1.188e-05  max_rel=3.332e+01
  dK  max_abs=3.906e-03  mean_abs=1.849e-05  max_rel=2.125e+01
  dV  max_abs=3.125e-02  mean_abs=5.476e-05  max_rel=3.520e+01
  dQ: [32mValues match!
[0m  dK: [32mValues match!
[0m  dV: [32mValues match!
[0m
── Vj1 clone of Vz2 + levers (Hopper SM_90) ──
  dQ  max_abs=1.953e-03  mean_abs=1.188e-05  max_rel=3.332e+01
  dK  max_abs=3.906e-03  mean_abs=2.082e-05  max_rel=2.750e+01
  dV  max_abs=3.125e-02  mean_abs=3.878e-05  max_rel=9.667e+00
  dQ: [32mValues match!
[0m  dK: [32mValues match!
[0m  dV: [32mValues match!
[0m
── V45 Br=64 Bc=64 adaptive raster (default<=B4, raster B8) (Hopper SM_90) ──
  dQ  max_abs=1.953e-03  mean_abs=1.188e-05  max_rel=3.332e+01
  dK  max_abs=3.906e-03  mean_abs=1.849e-05  max_rel=2.125e+01
  dV  max_abs=3.125e-02  mean_abs=5.476e-05  max_rel=3.520e+01
  dQ: [32mValues match!
[0m  dK: [32mValues match!
[0m  dV: [32mValues match!
[0m
=== Latency  (B=2 Hq=24 Hkv=8 S=4096 D=128, GQA G=3, bf16, causal) ===

----------------------------------------------------------
Benchmark: GQA bwd V43 Br=64, Bc=64  TMA-reduce dQ  (Hopper SM_90)
----------------------------------------------------------
Average Time:      1.7135 ms
Median Time:       1.7135 ms
Std Dev:           0.0010 ms
Min Time:          1.7115 ms
Max Time:          1.7160 ms
Performance:     962.5264 TFLOPS
----------------------------------------------------------

----------------------------------------------------------
Benchmark: GQA bwd V44 Br=64, Bc=64  swizzled TMA-reduce dQ  (Hopper SM_90)
----------------------------------------------------------
Average Time:      1.4873 ms
Median Time:       1.4836 ms
Std Dev:           0.0138 ms
Min Time:          1.4690 ms
Max Time:          1.5091 ms
Performance:    1108.8826 TFLOPS
----------------------------------------------------------

----------------------------------------------------------
Benchmark: GQA bwd Vz2 wgmma tensor cores  (Hopper SM_90)
----------------------------------------------------------
Average Time:      1.5489 ms
Median Time:       1.5504 ms
Std Dev:           0.0223 ms
Min Time:          1.5001 ms
Max Time:          1.5996 ms
Performance:    1064.7681 TFLOPS
----------------------------------------------------------

----------------------------------------------------------
Benchmark: GQA bwd Vj1 clone of Vz2 + levers  (Hopper SM_90)
----------------------------------------------------------
Average Time:      1.3808 ms
Median Time:       1.3811 ms
Std Dev:           0.0079 ms
Min Time:          1.3589 ms
Max Time:          1.3973 ms
Performance:    1194.4252 TFLOPS
----------------------------------------------------------

----------------------------------------------------------
Benchmark: GQA bwd V45 Br=64, Bc=64  adaptive raster (default<=B4, raster B8)  (Hopper SM_90)
----------------------------------------------------------
Average Time:      1.5200 ms
Median Time:       1.5143 ms
Std Dev:           0.0087 ms
Min Time:          1.5107 ms
Max Time:          1.5387 ms
Performance:    1085.0762 TFLOPS
----------------------------------------------------------

############################################################
# SHAPE  B=4  Hq=24  Hkv=8  (G=3)  S=4096 D=128
############################################################
=== Precision vs FP64 ground truth  (4x24x4096x128, GQA G=3) ===
  SDPA bf16 (enable_gqa)                    max_abs=3.274e-03  mean_abs=7.343e-04  max_rel=5.817e-03
Saved forward reference data (B=4, Hq=24, Hkv=8, S=4096, D=128) to /root/jeni/Hopper_jeni/data/

=== Backward precision vs FP64 ground truth ===
  dQ SDPA bf16                              max_abs=2.919e-03  mean_abs=3.595e-04  max_rel=1.971e+02
  dK SDPA bf16                              max_abs=4.025e-03  mean_abs=2.368e-05  max_rel=4.152e+01
  dV SDPA bf16                              max_abs=2.831e-02  mean_abs=9.493e-05  max_rel=9.863e+01
Saved backward reference data to /root/jeni/Hopper_jeni/data/

Triton vs SDPA bf16   max_abs=5.117e-01  mean_abs=5.605e-03

=== Latency  (4x24x4096x128, GQA G=3, bf16) ===
Kernel                      median ms     p5 ms    p95 ms     TFLOP/s
---------------------------------------------------------------------
SDPA bf16 (enable_gqa)         0.6897    0.6601    0.7346     1195.70
SDPA bf16 (compiled)           0.7109    0.6985    0.7173     1160.02
Triton flash (GQA)             2.6535    2.6475    2.6711      310.77

=== Backward precision (Triton flash vs SDPA bf16) ===
  dQ Triton flash vs SDPA                   max_abs=1.953e-03  mean_abs=9.653e-06  max_rel=5.569e+01
  dK Triton flash vs SDPA                   max_abs=3.906e-03  mean_abs=1.601e-05  max_rel=5.608e+01
  dV Triton flash vs SDPA                   max_abs=3.125e-02  mean_abs=5.487e-05  max_rel=7.538e+02

=== Backward latency  (4x24x4096x128, GQA G=3, bf16) ===
Kernel                      median ms     p5 ms    p95 ms     TFLOP/s
---------------------------------------------------------------------
SDPA bwd (enable_gqa)          2.8598    2.7467    2.9203     1153.42
SDPA bwd (compiled)            2.9180    2.8530    2.9230     1130.39
Triton flash bwd (GQA)         5.6683    5.6526    5.6733      581.92
GQA Backward — precision test  [Hopper SM_90 / H200]
Prerequisite: python precision/baseline_gqa.py

  shape: B=4 Hq=24 Hkv=8 (G=3)

Loaded PyTorch reference from data/gqa_*.bin

── V43 Br=64 Bc=64 TMA-reduce dQ (Hopper SM_90) ──
  dQ  max_abs=1.953e-03  mean_abs=1.185e-05  max_rel=3.991e+01
  dK  max_abs=3.906e-03  mean_abs=1.860e-05  max_rel=2.583e+01
  dV  max_abs=3.125e-02  mean_abs=5.508e-05  max_rel=2.008e+01
  dQ: [32mValues match!
[0m  dK: [32mValues match!
[0m  dV: [32mValues match!
[0m
── V44 Br=64 Bc=64 swizzled TMA-reduce dQ (Hopper SM_90) ──
  dQ  max_abs=1.953e-03  mean_abs=1.185e-05  max_rel=3.991e+01
  dK  max_abs=3.906e-03  mean_abs=1.860e-05  max_rel=2.583e+01
  dV  max_abs=3.125e-02  mean_abs=5.508e-05  max_rel=2.008e+01
  dQ: [32mValues match!
[0m  dK: [32mValues match!
[0m  dV: [32mValues match!
[0m
── Vz2 wgmma tensor cores (Hopper SM_90) ──
  dQ  max_abs=1.953e-03  mean_abs=1.185e-05  max_rel=3.991e+01
  dK  max_abs=3.906e-03  mean_abs=1.860e-05  max_rel=2.583e+01
  dV  max_abs=3.125e-02  mean_abs=5.508e-05  max_rel=2.008e+01
  dQ: [32mValues match!
[0m  dK: [32mValues match!
[0m  dV: [32mValues match!
[0m
── Vj1 clone of Vz2 + levers (Hopper SM_90) ──
  dQ  max_abs=1.953e-03  mean_abs=1.185e-05  max_rel=3.991e+01
  dK  max_abs=5.859e-03  mean_abs=2.095e-05  max_rel=2.567e+01
  dV  max_abs=3.125e-02  mean_abs=3.894e-05  max_rel=1.625e+01
  dQ: [32mValues match!
[0m  dK: [32mValues match!
[0m  dV: [32mValues match!
[0m
── V45 Br=64 Bc=64 adaptive raster (default<=B4, raster B8) (Hopper SM_90) ──
  dQ  max_abs=1.953e-03  mean_abs=1.185e-05  max_rel=3.991e+01
  dK  max_abs=3.906e-03  mean_abs=1.860e-05  max_rel=2.583e+01
  dV  max_abs=3.125e-02  mean_abs=5.508e-05  max_rel=2.008e+01
  dQ: [32mValues match!
[0m  dK: [32mValues match!
[0m  dV: [32mValues match!
[0m
=== Latency  (B=4 Hq=24 Hkv=8 S=4096 D=128, GQA G=3, bf16, causal) ===

----------------------------------------------------------
Benchmark: GQA bwd V43 Br=64, Bc=64  TMA-reduce dQ  (Hopper SM_90)
----------------------------------------------------------
Average Time:      3.4003 ms
Median Time:       3.4017 ms
Std Dev:           0.0024 ms
Min Time:          3.3945 ms
Max Time:          3.4047 ms
Performance:     970.0754 TFLOPS
----------------------------------------------------------

----------------------------------------------------------
Benchmark: GQA bwd V44 Br=64, Bc=64  swizzled TMA-reduce dQ  (Hopper SM_90)
----------------------------------------------------------
Average Time:      3.0977 ms
Median Time:       3.0905 ms
Std Dev:           0.1203 ms
Min Time:          2.9527 ms
Max Time:          4.0323 ms
Performance:    1064.8388 TFLOPS
----------------------------------------------------------

----------------------------------------------------------
Benchmark: GQA bwd Vz2 wgmma tensor cores  (Hopper SM_90)
----------------------------------------------------------
Average Time:      3.1640 ms
Median Time:       3.1508 ms
Std Dev:           0.1734 ms
Min Time:          2.8259 ms
Max Time:          3.4982 ms
Performance:    1042.5146 TFLOPS
----------------------------------------------------------

----------------------------------------------------------
Benchmark: GQA bwd Vj1 clone of Vz2 + levers  (Hopper SM_90)
----------------------------------------------------------
Average Time:      2.7405 ms
Median Time:       2.7269 ms
Std Dev:           0.0550 ms
Min Time:          2.6417 ms
Max Time:          2.8394 ms
Performance:    1203.6325 TFLOPS
----------------------------------------------------------

----------------------------------------------------------
Benchmark: GQA bwd V45 Br=64, Bc=64  adaptive raster (default<=B4, raster B8)  (Hopper SM_90)
----------------------------------------------------------
Average Time:      3.1411 ms
Median Time:       3.1415 ms
Std Dev:           0.0070 ms
Min Time:          3.1117 ms
Max Time:          3.1538 ms
Performance:    1050.1306 TFLOPS
----------------------------------------------------------

############################################################
# SHAPE  B=8  Hq=24  Hkv=8  (G=3)  S=4096 D=128
############################################################
=== Precision vs FP64 ground truth  (8x24x4096x128, GQA G=3) ===
  SDPA bf16 (enable_gqa)                    max_abs=3.234e-03  mean_abs=7.330e-04  max_rel=5.727e-03
Saved forward reference data (B=8, Hq=24, Hkv=8, S=4096, D=128) to /root/jeni/Hopper_jeni/data/

=== Backward precision vs FP64 ground truth ===
  dQ SDPA bf16                              max_abs=2.851e-03  mean_abs=3.587e-04  max_rel=2.371e+02
  dK SDPA bf16                              max_abs=3.931e-03  mean_abs=2.330e-05  max_rel=1.948e+02
  dV SDPA bf16                              max_abs=2.851e-02  mean_abs=9.470e-05  max_rel=1.951e+02
Saved backward reference data to /root/jeni/Hopper_jeni/data/

Triton vs SDPA bf16   max_abs=5.098e-01  mean_abs=5.635e-03

=== Latency  (8x24x4096x128, GQA G=3, bf16) ===
Kernel                      median ms     p5 ms    p95 ms     TFLOP/s
---------------------------------------------------------------------
SDPA bf16 (enable_gqa)         1.4093    1.2742    1.4353     1170.25
SDPA bf16 (compiled)           1.3827    1.3723    1.3873     1192.77
Triton flash (GQA)             5.2021    5.1883    5.2311      317.04

=== Backward precision (Triton flash vs SDPA bf16) ===
  dQ Triton flash vs SDPA                   max_abs=1.465e-03  mean_abs=9.641e-06  max_rel=4.253e+01
  dK Triton flash vs SDPA                   max_abs=3.906e-03  mean_abs=1.601e-05  max_rel=1.251e+02
  dV Triton flash vs SDPA                   max_abs=6.250e-02  mean_abs=5.479e-05  max_rel=5.127e+02

=== Backward latency  (8x24x4096x128, GQA G=3, bf16) ===
Kernel                      median ms     p5 ms    p95 ms     TFLOP/s
---------------------------------------------------------------------
SDPA bwd (enable_gqa)          5.7285    5.3536    5.7982     1151.63
SDPA bwd (compiled)            5.8308    5.3981    5.8774     1131.42
Triton flash bwd (GQA)        11.0090   11.0059   11.0152      599.25
GQA Backward — precision test  [Hopper SM_90 / H200]
Prerequisite: python precision/baseline_gqa.py

  shape: B=8 Hq=24 Hkv=8 (G=3)

Loaded PyTorch reference from data/gqa_*.bin

── V43 Br=64 Bc=64 TMA-reduce dQ (Hopper SM_90) ──
  dQ  max_abs=1.953e-03  mean_abs=1.183e-05  max_rel=2.465e+01
  dK  max_abs=3.906e-03  mean_abs=1.853e-05  max_rel=2.012e+01
  dV  max_abs=3.125e-02  mean_abs=5.487e-05  max_rel=2.818e+01
  dQ: [32mValues match!
[0m  dK: [32mValues match!
[0m  dV: [32mValues match!
[0m
── V44 Br=64 Bc=64 swizzled TMA-reduce dQ (Hopper SM_90) ──
  dQ  max_abs=1.953e-03  mean_abs=1.183e-05  max_rel=2.465e+01
  dK  max_abs=3.906e-03  mean_abs=1.853e-05  max_rel=2.012e+01
  dV  max_abs=3.125e-02  mean_abs=5.487e-05  max_rel=2.818e+01
  dQ: [32mValues match!
[0m  dK: [32mValues match!
[0m  dV: [32mValues match!
[0m
── Vz2 wgmma tensor cores (Hopper SM_90) ──
  dQ  max_abs=1.953e-03  mean_abs=1.183e-05  max_rel=2.465e+01
  dK  max_abs=3.906e-03  mean_abs=1.853e-05  max_rel=2.012e+01
  dV  max_abs=3.125e-02  mean_abs=5.487e-05  max_rel=2.818e+01
  dQ: [32mValues match!
[0m  dK: [32mValues match!
[0m  dV: [32mValues match!
[0m
── Vj1 clone of Vz2 + levers (Hopper SM_90) ──
  dQ  max_abs=1.953e-03  mean_abs=1.183e-05  max_rel=2.465e+01
  dK  max_abs=3.906e-03  mean_abs=2.085e-05  max_rel=1.767e+01
  dV  max_abs=3.125e-02  mean_abs=3.865e-05  max_rel=1.700e+01
  dQ: [32mValues match!
[0m  dK: [32mValues match!
[0m  dV: [32mValues match!
[0m
── V45 Br=64 Bc=64 adaptive raster (default<=B4, raster B8) (Hopper SM_90) ──
  dQ  max_abs=1.953e-03  mean_abs=1.183e-05  max_rel=2.465e+01
  dK  max_abs=3.906e-03  mean_abs=1.853e-05  max_rel=2.012e+01
  dV  max_abs=3.125e-02  mean_abs=5.487e-05  max_rel=2.818e+01
  dQ: [32mValues match!
[0m  dK: [32mValues match!
[0m  dV: [32mValues match!
[0m
=== Latency  (B=8 Hq=24 Hkv=8 S=4096 D=128, GQA G=3, bf16, causal) ===

----------------------------------------------------------
Benchmark: GQA bwd V43 Br=64, Bc=64  TMA-reduce dQ  (Hopper SM_90)
----------------------------------------------------------
Average Time:     10.9923 ms
Median Time:      11.0074 ms
Std Dev:           0.1214 ms
Min Time:         10.6575 ms
Max Time:         11.2439 ms
Performance:     600.1544 TFLOPS
----------------------------------------------------------

----------------------------------------------------------
Benchmark: GQA bwd V44 Br=64, Bc=64  swizzled TMA-reduce dQ  (Hopper SM_90)
----------------------------------------------------------
Average Time:     10.9225 ms
Median Time:      10.8777 ms
Std Dev:           0.2396 ms
Min Time:         10.4092 ms
Max Time:         11.4643 ms
Performance:     603.9903 TFLOPS
----------------------------------------------------------

----------------------------------------------------------
Benchmark: GQA bwd Vz2 wgmma tensor cores  (Hopper SM_90)
----------------------------------------------------------
Average Time:      5.5741 ms
Median Time:       5.5445 ms
Std Dev:           0.1577 ms
Min Time:          5.3458 ms
Max Time:          5.8548 ms
Performance:    1183.5163 TFLOPS
----------------------------------------------------------

----------------------------------------------------------
Benchmark: GQA bwd Vj1 clone of Vz2 + levers  (Hopper SM_90)
----------------------------------------------------------
Average Time:      5.5878 ms
Median Time:       5.5483 ms
Std Dev:           0.1948 ms
Min Time:          5.3371 ms
Max Time:          5.9120 ms
Performance:    1180.6257 TFLOPS
----------------------------------------------------------

----------------------------------------------------------
Benchmark: GQA bwd V45 Br=64, Bc=64  adaptive raster (default<=B4, raster B8)  (Hopper SM_90)
----------------------------------------------------------
Average Time:      6.2665 ms
Median Time:       6.2669 ms
Std Dev:           0.1247 ms
Min Time:          6.0889 ms
Max Time:          6.4750 ms
Performance:    1052.7556 TFLOPS
----------------------------------------------------------

############################################################
# SHAPE  B=2  Hq=32  Hkv=8  (G=4)  S=4096 D=128
############################################################
=== Precision vs FP64 ground truth  (2x32x4096x128, GQA G=4) ===
  SDPA bf16 (enable_gqa)                    max_abs=3.134e-03  mean_abs=7.362e-04  max_rel=5.570e-03
Saved forward reference data (B=2, Hq=32, Hkv=8, S=4096, D=128) to /root/jeni/Hopper_jeni/data/

=== Backward precision vs FP64 ground truth ===
  dQ SDPA bf16                              max_abs=2.843e-03  mean_abs=3.604e-04  max_rel=2.335e+02
  dK SDPA bf16                              max_abs=4.936e-03  mean_abs=2.767e-05  max_rel=9.825e+01
  dV SDPA bf16                              max_abs=2.929e-02  mean_abs=1.104e-04  max_rel=2.676e+02
Saved backward reference data to /root/jeni/Hopper_jeni/data/

Triton vs SDPA bf16   max_abs=5.039e-01  mean_abs=5.665e-03

=== Latency  (2x32x4096x128, GQA G=4, bf16) ===
Kernel                      median ms     p5 ms    p95 ms     TFLOP/s
---------------------------------------------------------------------
SDPA bf16 (enable_gqa)         0.4660    0.4554    0.4736     1179.77
SDPA bf16 (compiled)           0.4809    0.4721    0.4863     1143.19
Triton flash (GQA)             1.7601    1.7560    1.7726      312.35

=== Backward precision (Triton flash vs SDPA bf16) ===
  dQ Triton flash vs SDPA                   max_abs=1.953e-03  mean_abs=9.644e-06  max_rel=5.401e+01
  dK Triton flash vs SDPA                   max_abs=3.906e-03  mean_abs=1.848e-05  max_rel=1.213e+02
  dV Triton flash vs SDPA                   max_abs=3.125e-02  mean_abs=6.345e-05  max_rel=2.487e+02

=== Backward latency  (2x32x4096x128, GQA G=4, bf16) ===
Kernel                      median ms     p5 ms    p95 ms     TFLOP/s
---------------------------------------------------------------------
SDPA bwd (enable_gqa)          1.8734    1.8692    1.8748     1173.83
SDPA bwd (compiled)            1.9337    1.8701    1.9642     1137.21
Triton flash bwd (GQA)         3.9101    3.9057    3.9364      562.39
GQA Backward — precision test  [Hopper SM_90 / H200]
Prerequisite: python precision/baseline_gqa.py

  shape: B=2 Hq=32 Hkv=8 (G=4)

Loaded PyTorch reference from data/gqa_*.bin

── V43 Br=64 Bc=64 TMA-reduce dQ (Hopper SM_90) ──
  dQ  max_abs=1.953e-03  mean_abs=1.183e-05  max_rel=3.281e+01
  dK  max_abs=3.906e-03  mean_abs=2.138e-05  max_rel=3.575e+01
  dV  max_abs=3.125e-02  mean_abs=6.380e-05  max_rel=2.025e+01
  dQ: [32mValues match!
[0m  dK: [32mValues match!
[0m  dV: [32mValues match!
[0m
── V44 Br=64 Bc=64 swizzled TMA-reduce dQ (Hopper SM_90) ──
  dQ  max_abs=1.953e-03  mean_abs=1.183e-05  max_rel=3.281e+01
  dK  max_abs=3.906e-03  mean_abs=2.138e-05  max_rel=3.575e+01
  dV  max_abs=3.125e-02  mean_abs=6.380e-05  max_rel=2.025e+01
  dQ: [32mValues match!
[0m  dK: [32mValues match!
[0m  dV: [32mValues match!
[0m
── Vz2 wgmma tensor cores (Hopper SM_90) ──
  dQ  max_abs=1.953e-03  mean_abs=1.183e-05  max_rel=3.281e+01
  dK  max_abs=3.906e-03  mean_abs=2.138e-05  max_rel=3.575e+01
  dV  max_abs=3.125e-02  mean_abs=6.380e-05  max_rel=2.025e+01
  dQ: [32mValues match!
[0m  dK: [32mValues match!
[0m  dV: [32mValues match!
[0m
── Vj1 clone of Vz2 + levers (Hopper SM_90) ──
  dQ  max_abs=1.953e-03  mean_abs=1.183e-05  max_rel=3.281e+01
  dK  max_abs=7.812e-03  mean_abs=2.593e-05  max_rel=4.900e+01
  dV  max_abs=3.125e-02  mean_abs=6.665e-05  max_rel=3.100e+01
  dQ: [32mValues match!
[0m  dK: [32mValues match!
[0m  dV: [32mValues match!
[0m
── V45 Br=64 Bc=64 adaptive raster (default<=B4, raster B8) (Hopper SM_90) ──
  dQ  max_abs=1.953e-03  mean_abs=1.183e-05  max_rel=3.281e+01
  dK  max_abs=3.906e-03  mean_abs=2.138e-05  max_rel=3.575e+01
  dV  max_abs=3.125e-02  mean_abs=6.380e-05  max_rel=2.025e+01
  dQ: [32mValues match!
[0m  dK: [32mValues match!
[0m  dV: [32mValues match!
[0m
=== Latency  (B=2 Hq=32 Hkv=8 S=4096 D=128, GQA G=4, bf16, causal) ===

----------------------------------------------------------
Benchmark: GQA bwd V43 Br=64, Bc=64  TMA-reduce dQ  (Hopper SM_90)
----------------------------------------------------------
Average Time:      2.2687 ms
Median Time:       2.2680 ms
Std Dev:           0.0036 ms
Min Time:          2.2651 ms
Max Time:          2.2864 ms
Performance:     969.2986 TFLOPS
----------------------------------------------------------

----------------------------------------------------------
Benchmark: GQA bwd V44 Br=64, Bc=64  swizzled TMA-reduce dQ  (Hopper SM_90)
----------------------------------------------------------
Average Time:      1.9858 ms
Median Time:       1.9926 ms
Std Dev:           0.0164 ms
Min Time:          1.9467 ms
Max Time:          1.9988 ms
Performance:    1107.3546 TFLOPS
----------------------------------------------------------

----------------------------------------------------------
Benchmark: GQA bwd Vz2 wgmma tensor cores  (Hopper SM_90)
----------------------------------------------------------
Average Time:      2.0584 ms
Median Time:       2.0617 ms
Std Dev:           0.0249 ms
Min Time:          2.0059 ms
Max Time:          2.1162 ms
Performance:    1068.3156 TFLOPS
----------------------------------------------------------

----------------------------------------------------------
Benchmark: GQA bwd Vj1 clone of Vz2 + levers  (Hopper SM_90)
----------------------------------------------------------
Average Time:      1.9388 ms
Median Time:       1.8511 ms
Std Dev:           0.1517 ms
Min Time:          1.7859 ms
Max Time:          2.1720 ms
Performance:    1134.1951 TFLOPS
----------------------------------------------------------

----------------------------------------------------------
Benchmark: GQA bwd V45 Br=64, Bc=64  adaptive raster (default<=B4, raster B8)  (Hopper SM_90)
----------------------------------------------------------
Average Time:      2.2132 ms
Median Time:       2.2055 ms
Std Dev:           0.0181 ms
Min Time:          2.1985 ms
Max Time:          2.2772 ms
Performance:     993.6036 TFLOPS
----------------------------------------------------------

############################################################
# SHAPE  B=4  Hq=32  Hkv=8  (G=4)  S=4096 D=128
############################################################
=== Precision vs FP64 ground truth  (4x32x4096x128, GQA G=4) ===
  SDPA bf16 (enable_gqa)                    max_abs=3.018e-03  mean_abs=7.304e-04  max_rel=6.053e-03
Saved forward reference data (B=4, Hq=32, Hkv=8, S=4096, D=128) to /root/jeni/Hopper_jeni/data/

=== Backward precision vs FP64 ground truth ===
  dQ SDPA bf16                              max_abs=2.521e-03  mean_abs=3.567e-04  max_rel=2.060e+02
  dK SDPA bf16                              max_abs=5.085e-03  mean_abs=2.733e-05  max_rel=7.292e+01
  dV SDPA bf16                              max_abs=3.461e-02  mean_abs=1.100e-04  max_rel=1.469e+02
Saved backward reference data to /root/jeni/Hopper_jeni/data/

Triton vs SDPA bf16   max_abs=5.039e-01  mean_abs=5.682e-03

=== Latency  (4x32x4096x128, GQA G=4, bf16) ===
Kernel                      median ms     p5 ms    p95 ms     TFLOP/s
---------------------------------------------------------------------
SDPA bf16 (enable_gqa)         0.9277    0.8653    0.9319     1185.15
SDPA bf16 (compiled)           0.9306    0.9206    0.9335     1181.52
Triton flash (GQA)             3.4745    3.4629    3.4957      316.45

=== Backward precision (Triton flash vs SDPA bf16) ===
  dQ Triton flash vs SDPA                   max_abs=1.953e-03  mean_abs=9.636e-06  max_rel=6.142e+01
  dK Triton flash vs SDPA                   max_abs=3.906e-03  mean_abs=1.841e-05  max_rel=7.095e+01
  dV Triton flash vs SDPA                   max_abs=6.250e-02  mean_abs=6.355e-05  max_rel=5.432e+02

=== Backward latency  (4x32x4096x128, GQA G=4, bf16) ===
Kernel                      median ms     p5 ms    p95 ms     TFLOP/s
---------------------------------------------------------------------
SDPA bwd (enable_gqa)          3.8215    3.6063    3.8779     1150.86
SDPA bwd (compiled)            3.8127    3.7326    3.8330     1153.53
Triton flash bwd (GQA)         7.4819    7.4799    7.4906      587.83
GQA Backward — precision test  [Hopper SM_90 / H200]
Prerequisite: python precision/baseline_gqa.py

  shape: B=4 Hq=32 Hkv=8 (G=4)

Loaded PyTorch reference from data/gqa_*.bin

── V43 Br=64 Bc=64 TMA-reduce dQ (Hopper SM_90) ──
  dQ  max_abs=1.953e-03  mean_abs=1.183e-05  max_rel=3.062e+01
  dK  max_abs=3.906e-03  mean_abs=2.133e-05  max_rel=2.167e+01
  dV  max_abs=3.125e-02  mean_abs=6.380e-05  max_rel=1.018e+02
  dQ: [32mValues match!
[0m  dK: [32mValues match!
[0m  dV: [32mValues match!
[0m
── V44 Br=64 Bc=64 swizzled TMA-reduce dQ (Hopper SM_90) ──
  dQ  max_abs=1.953e-03  mean_abs=1.183e-05  max_rel=3.062e+01
  dK  max_abs=3.906e-03  mean_abs=2.133e-05  max_rel=2.167e+01
  dV  max_abs=3.125e-02  mean_abs=6.380e-05  max_rel=1.018e+02
  dQ: [32mValues match!
[0m  dK: [32mValues match!
[0m  dV: [32mValues match!
[0m
── Vz2 wgmma tensor cores (Hopper SM_90) ──
  dQ  max_abs=1.953e-03  mean_abs=1.183e-05  max_rel=3.062e+01
  dK  max_abs=3.906e-03  mean_abs=2.133e-05  max_rel=2.167e+01
  dV  max_abs=3.125e-02  mean_abs=6.380e-05  max_rel=1.018e+02
  dQ: [32mValues match!
[0m  dK: [32mValues match!
[0m  dV: [32mValues match!
[0m
── Vj1 clone of Vz2 + levers (Hopper SM_90) ──
  dQ  max_abs=1.953e-03  mean_abs=1.183e-05  max_rel=3.062e+01
  dK  max_abs=5.859e-03  mean_abs=2.582e-05  max_rel=4.167e+01
  dV  max_abs=6.250e-02  mean_abs=6.632e-05  max_rel=1.948e+01
  dQ: [32mValues match!
[0m  dK: [32mValues match!
[0m  dV: [32mValues match!
[0m
── V45 Br=64 Bc=64 adaptive raster (default<=B4, raster B8) (Hopper SM_90) ──
  dQ  max_abs=1.953e-03  mean_abs=1.183e-05  max_rel=3.062e+01
  dK  max_abs=3.906e-03  mean_abs=2.133e-05  max_rel=2.167e+01
  dV  max_abs=3.125e-02  mean_abs=6.380e-05  max_rel=1.018e+02
  dQ: [32mValues match!
[0m  dK: [32mValues match!
[0m  dV: [32mValues match!
[0m
=== Latency  (B=4 Hq=32 Hkv=8 S=4096 D=128, GQA G=4, bf16, causal) ===

----------------------------------------------------------
Benchmark: GQA bwd V43 Br=64, Bc=64  TMA-reduce dQ  (Hopper SM_90)
----------------------------------------------------------
Average Time:      4.5103 ms
Median Time:       4.5067 ms
Std Dev:           0.0084 ms
Min Time:          4.5035 ms
Max Time:          4.5453 ms
Performance:     975.1188 TFLOPS
----------------------------------------------------------

----------------------------------------------------------
Benchmark: GQA bwd V44 Br=64, Bc=64  swizzled TMA-reduce dQ  (Hopper SM_90)
----------------------------------------------------------
Average Time:      5.3140 ms
Median Time:       5.3200 ms
Std Dev:           0.4832 ms
Min Time:          4.2471 ms
Max Time:          6.1928 ms
Performance:     827.6290 TFLOPS
----------------------------------------------------------

----------------------------------------------------------
Benchmark: GQA bwd Vz2 wgmma tensor cores  (Hopper SM_90)
----------------------------------------------------------
Average Time:      3.7715 ms
Median Time:       3.7674 ms
Std Dev:           0.0404 ms
Min Time:          3.6814 ms
Max Time:          3.8680 ms
Performance:    1166.1321 TFLOPS
----------------------------------------------------------

----------------------------------------------------------
Benchmark: GQA bwd Vj1 clone of Vz2 + levers  (Hopper SM_90)
----------------------------------------------------------
Average Time:      3.6194 ms
Median Time:       3.5505 ms
Std Dev:           0.1258 ms
Min Time:          3.4577 ms
Max Time:          3.8754 ms
Performance:    1215.1171 TFLOPS
----------------------------------------------------------

----------------------------------------------------------
Benchmark: GQA bwd V45 Br=64, Bc=64  adaptive raster (default<=B4, raster B8)  (Hopper SM_90)
----------------------------------------------------------
Average Time:      4.2062 ms
Median Time:       4.1702 ms
Std Dev:           0.1379 ms
Min Time:          4.1287 ms
Max Time:          4.8591 ms
Performance:    1045.6065 TFLOPS
----------------------------------------------------------

############################################################
# SHAPE  B=8  Hq=32  Hkv=8  (G=4)  S=4096 D=128
############################################################
=== Precision vs FP64 ground truth  (8x32x4096x128, GQA G=4) ===
  SDPA bf16 (enable_gqa)                    max_abs=3.114e-03  mean_abs=7.333e-04  max_rel=6.027e-03
Saved forward reference data (B=8, Hq=32, Hkv=8, S=4096, D=128) to /root/jeni/Hopper_jeni/data/

=== Backward precision vs FP64 ground truth ===
  dQ SDPA bf16                              max_abs=3.325e-03  mean_abs=3.580e-04  max_rel=2.884e+02
  dK SDPA bf16                              max_abs=5.476e-03  mean_abs=2.741e-05  max_rel=7.639e+01
  dV SDPA bf16                              max_abs=3.531e-02  mean_abs=1.098e-04  max_rel=1.835e+02
Saved backward reference data to /root/jeni/Hopper_jeni/data/

Triton vs SDPA bf16   max_abs=5.078e-01  mean_abs=5.636e-03

=== Latency  (8x32x4096x128, GQA G=4, bf16) ===
Kernel                      median ms     p5 ms    p95 ms     TFLOP/s
---------------------------------------------------------------------
SDPA bf16 (enable_gqa)         1.8524    1.7842    1.8566     1187.12
SDPA bf16 (compiled)           1.8552    1.8505    1.8635     1185.35
Triton flash (GQA)             6.8514    6.8424    6.8958      320.96

=== Backward precision (Triton flash vs SDPA bf16) ===
  dQ Triton flash vs SDPA                   max_abs=1.953e-03  mean_abs=9.656e-06  max_rel=7.133e+01
  dK Triton flash vs SDPA                   max_abs=3.906e-03  mean_abs=1.846e-05  max_rel=9.613e+01
  dV Triton flash vs SDPA                   max_abs=6.250e-02  mean_abs=6.359e-05  max_rel=1.202e+03

=== Backward latency  (8x32x4096x128, GQA G=4, bf16) ===
Kernel                      median ms     p5 ms    p95 ms     TFLOP/s
---------------------------------------------------------------------
SDPA bwd (enable_gqa)          7.6377    7.5110    7.7987     1151.66
SDPA bwd (compiled)            7.6850    7.2684    7.7487     1144.58
Triton flash bwd (GQA)        14.6006   14.5948   14.6066      602.45
GQA Backward — precision test  [Hopper SM_90 / H200]
Prerequisite: python precision/baseline_gqa.py

  shape: B=8 Hq=32 Hkv=8 (G=4)

Loaded PyTorch reference from data/gqa_*.bin

── V43 Br=64 Bc=64 TMA-reduce dQ (Hopper SM_90) ──
  dQ  max_abs=1.465e-03  mean_abs=1.184e-05  max_rel=3.168e+01
  dK  max_abs=3.906e-03  mean_abs=2.141e-05  max_rel=5.133e+01
  dV  max_abs=6.250e-02  mean_abs=6.364e-05  max_rel=2.638e+01
  dQ: [32mValues match!
[0m  dK: [32mValues match!
[0m  dV: [32mValues match!
[0m
── V44 Br=64 Bc=64 swizzled TMA-reduce dQ (Hopper SM_90) ──
  dQ  max_abs=1.465e-03  mean_abs=1.184e-05  max_rel=3.168e+01
  dK  max_abs=3.906e-03  mean_abs=2.141e-05  max_rel=5.133e+01
  dV  max_abs=6.250e-02  mean_abs=6.364e-05  max_rel=2.638e+01
  dQ: [32mValues match!
[0m  dK: [32mValues match!
[0m  dV: [32mValues match!
[0m
── Vz2 wgmma tensor cores (Hopper SM_90) ──
  dQ  max_abs=1.465e-03  mean_abs=1.184e-05  max_rel=3.168e+01
  dK  max_abs=3.906e-03  mean_abs=2.141e-05  max_rel=5.133e+01
  dV  max_abs=6.250e-02  mean_abs=6.364e-05  max_rel=2.638e+01
  dQ: [32mValues match!
[0m  dK: [32mValues match!
[0m  dV: [32mValues match!
[0m
── Vj1 clone of Vz2 + levers (Hopper SM_90) ──
  dQ  max_abs=1.465e-03  mean_abs=1.184e-05  max_rel=3.168e+01
  dK  max_abs=4.883e-03  mean_abs=2.589e-05  max_rel=7.467e+01
  dV  max_abs=6.250e-02  mean_abs=6.586e-05  max_rel=2.233e+01
  dQ: [32mValues match!
[0m  dK: [32mValues match!
[0m  dV: [32mValues match!
[0m
── V45 Br=64 Bc=64 adaptive raster (default<=B4, raster B8) (Hopper SM_90) ──
  dQ  max_abs=1.465e-03  mean_abs=1.184e-05  max_rel=3.168e+01
  dK  max_abs=3.906e-03  mean_abs=2.141e-05  max_rel=5.133e+01
  dV  max_abs=6.250e-02  mean_abs=6.364e-05  max_rel=2.638e+01
  dQ: [32mValues match!
[0m  dK: [32mValues match!
[0m  dV: [32mValues match!
[0m
=== Latency  (B=8 Hq=32 Hkv=8 S=4096 D=128, GQA G=4, bf16, causal) ===

----------------------------------------------------------
Benchmark: GQA bwd V43 Br=64, Bc=64  TMA-reduce dQ  (Hopper SM_90)
----------------------------------------------------------
Average Time:     14.9081 ms
Median Time:      14.9142 ms
Std Dev:           0.0909 ms
Min Time:         14.5833 ms
Max Time:         15.1071 ms
Performance:     590.0213 TFLOPS
----------------------------------------------------------

----------------------------------------------------------
Benchmark: GQA bwd V44 Br=64, Bc=64  swizzled TMA-reduce dQ  (Hopper SM_90)
----------------------------------------------------------
Average Time:     14.9223 ms
Median Time:      14.9455 ms
Std Dev:           0.2579 ms
Min Time:         14.3278 ms
Max Time:         15.5871 ms
Performance:     589.4583 TFLOPS
----------------------------------------------------------

----------------------------------------------------------
Benchmark: GQA bwd Vz2 wgmma tensor cores  (Hopper SM_90)
----------------------------------------------------------
Average Time:      7.6470 ms
Median Time:       7.7597 ms
Std Dev:           0.2986 ms
Min Time:          7.1332 ms
Max Time:          8.0948 ms
Performance:    1150.2625 TFLOPS
----------------------------------------------------------

----------------------------------------------------------
Benchmark: GQA bwd Vj1 clone of Vz2 + levers  (Hopper SM_90)
----------------------------------------------------------
Average Time:      7.2044 ms
Median Time:       7.0820 ms
Std Dev:           0.1993 ms
Min Time:          7.0051 ms
Max Time:          7.5888 ms
Performance:    1220.9265 TFLOPS
----------------------------------------------------------

----------------------------------------------------------
Benchmark: GQA bwd V45 Br=64, Bc=64  adaptive raster (default<=B4, raster B8)  (Hopper SM_90)
----------------------------------------------------------
Average Time:      8.2373 ms
Median Time:       8.1181 ms
Std Dev:           0.3227 ms
Min Time:          8.0268 ms
Max Time:          9.5175 ms
Performance:    1067.8410 TFLOPS
----------------------------------------------------------
== resetting clocks ==


== sweep complete -> reports/vz2_sweep_20260819_095658.log ==
== per-shape best-of (cuDNN / V44 / Vj1) — champion = faster of V44,Vj1; margin vs cuDNN ==
==   shapes flagged [MARGINAL <1%] need a 12-run median-of-medians before the win is claimed. ==
B=2  Hq=12  Hkv=4    cuDNN 0.8144  V44 0.7440  Vj1 0.7489  | WIN  +8.6% (V44)
B=4  Hq=12  Hkv=4    cuDNN 1.5103  V44 1.5182  Vj1 1.3862  | WIN  +8.2% (Vj1)
B=8  Hq=12  Hkv=4    cuDNN 2.8320  V44 3.0916  Vj1 2.7223  | WIN  +3.9% (Vj1)
B=2  Hq=16  Hkv=4    cuDNN 1.0140  V44 0.9830  Vj1 0.9547  | WIN  +5.8% (Vj1)
B=4  Hq=16  Hkv=4    cuDNN 1.8796  V44 1.9938  Vj1 1.8160  | WIN  +3.4% (Vj1)
B=8  Hq=16  Hkv=4    cuDNN 3.8280  V44 5.3207  Vj1 3.7409  | WIN  +2.3% (Vj1)
B=2  Hq=24  Hkv=8    cuDNN 1.4851  V44 1.4836  Vj1 1.3811  | WIN  +7.0% (Vj1)
B=4  Hq=24  Hkv=8    cuDNN 2.8598  V44 3.0905  Vj1 2.7269  | WIN  +4.6% (Vj1)
B=8  Hq=24  Hkv=8    cuDNN 5.7285  V44 10.8777 Vj1 5.5483  | WIN  +3.1% (Vj1)
B=2  Hq=32  Hkv=8    cuDNN 1.8734  V44 1.9926  Vj1 1.8511  | WIN  +1.2% (Vj1)
B=4  Hq=32  Hkv=8    cuDNN 3.8215  V44 5.3200  Vj1 3.5505  | WIN  +7.1% (Vj1)
B=8  Hq=32  Hkv=8    cuDNN 7.6377  V44 14.9455 Vj1 7.0820  | WIN  +7.3% (Vj1)

== 12/12 board is locked. This is the confirming sweep: re-verify only the [MARGINAL] shapes. ==