
############################################################
# SHAPE  B=2  Hq=12  Hkv=4  (G=3)  S=4096 D=128
############################################################
=== Precision vs FP64 ground truth  (2x12x4096x128, GQA G=3) ===
  SDPA bf16 (enable_gqa)                    max_abs=2.888e-03  mean_abs=7.245e-04  max_rel=5.419e-03
Saved forward reference data (B=2, Hq=12, Hkv=4, S=4096, D=128) to /root/jeni/Hopper_jeni/data/

=== Backward precision vs FP64 ground truth ===
  dQ SDPA bf16                              max_abs=2.638e-03  mean_abs=3.538e-04  max_rel=1.904e+02
  dK SDPA bf16                              max_abs=2.888e-03  mean_abs=2.372e-05  max_rel=3.435e+01
  dV SDPA bf16                              max_abs=2.748e-02  mean_abs=9.435e-05  max_rel=7.400e+01
Saved backward reference data to /root/jeni/Hopper_jeni/data/

Triton vs SDPA bf16   max_abs=5.029e-01  mean_abs=5.701e-03

=== Latency  (2x12x4096x128, GQA G=3, bf16) ===
Kernel                      median ms     p5 ms    p95 ms     TFLOP/s
---------------------------------------------------------------------
SDPA bf16 (enable_gqa)         0.1988    0.1972    0.2030     1036.76
SDPA bf16 (compiled)           0.1988    0.1971    0.2031     1036.85
Triton flash (GQA)             0.6834    0.6791    0.6881      301.67

=== Backward precision (Triton flash vs SDPA bf16) ===
  dQ Triton flash vs SDPA                   max_abs=1.953e-03  mean_abs=9.641e-06  max_rel=3.300e+01
  dK Triton flash vs SDPA                   max_abs=3.906e-03  mean_abs=1.587e-05  max_rel=4.730e+01
  dV Triton flash vs SDPA                   max_abs=3.125e-02  mean_abs=5.489e-05  max_rel=4.578e+02

=== Backward latency  (2x12x4096x128, GQA G=3, bf16) ===
Kernel                      median ms     p5 ms    p95 ms     TFLOP/s
---------------------------------------------------------------------
SDPA bwd (enable_gqa)          0.8016    0.7992    0.8065     1028.71
SDPA bwd (compiled)            0.8092    0.8028    0.8126     1019.01
Triton flash bwd (GQA)         1.6435    1.6385    1.6507      501.75
GQA Backward — precision test  [Hopper SM_90 / H200]
Prerequisite: python precision/baseline_gqa.py

  shape: B=2 Hq=12 Hkv=4 (G=3)

Loaded PyTorch reference from data/gqa_*.bin

── V43 Br=64 Bc=64 TMA-reduce dQ (Hopper SM_90) ──
  dQ  max_abs=9.766e-04  mean_abs=1.182e-05  max_rel=2.247e+01
  dK  max_abs=3.906e-03  mean_abs=1.858e-05  max_rel=2.062e+01
  dV  max_abs=3.125e-02  mean_abs=5.445e-05  max_rel=1.000e+01
  dQ: [32mValues match!
[0m  dK: [32mValues match!
[0m  dV: [32mValues match!
[0m
── V44 Br=64 Bc=64 swizzled TMA-reduce dQ (Hopper SM_90) ──
  dQ  max_abs=9.766e-04  mean_abs=1.182e-05  max_rel=2.247e+01
  dK  max_abs=3.906e-03  mean_abs=1.858e-05  max_rel=2.062e+01
  dV  max_abs=3.125e-02  mean_abs=5.445e-05  max_rel=1.000e+01
  dQ: [32mValues match!
[0m  dK: [32mValues match!
[0m  dV: [32mValues match!
[0m
── Vz2 wgmma tensor cores (Hopper SM_90) ──
  dQ  max_abs=9.766e-04  mean_abs=1.182e-05  max_rel=2.247e+01
  dK  max_abs=3.906e-03  mean_abs=1.858e-05  max_rel=2.062e+01
  dV  max_abs=3.125e-02  mean_abs=5.445e-05  max_rel=1.000e+01
  dQ: [32mValues match!
[0m  dK: [32mValues match!
[0m  dV: [32mValues match!
[0m
── Vj1 clone of Vz2 + levers (Hopper SM_90) ──
  dQ  max_abs=9.766e-04  mean_abs=1.182e-05  max_rel=2.247e+01
  dK  max_abs=3.906e-03  mean_abs=1.916e-05  max_rel=1.875e+01
  dV  max_abs=7.812e-03  mean_abs=1.469e-06  max_rel=8.000e+00
  dQ: [32mValues match!
[0m  dK: [32mValues match!
[0m  dV: [32mValues match!
[0m
── V45 Br=64 Bc=64 adaptive raster (default<=B4, raster B8) (Hopper SM_90) ──
  dQ  max_abs=9.766e-04  mean_abs=1.182e-05  max_rel=2.247e+01
  dK  max_abs=3.906e-03  mean_abs=1.858e-05  max_rel=2.062e+01
  dV  max_abs=3.125e-02  mean_abs=5.445e-05  max_rel=1.000e+01
  dQ: [32mValues match!
[0m  dK: [32mValues match!
[0m  dV: [32mValues match!
[0m
=== Latency  (B=2 Hq=12 Hkv=4 S=4096 D=128, GQA G=3, bf16, causal) ===

----------------------------------------------------------
Benchmark: GQA bwd V43 Br=64, Bc=64  TMA-reduce dQ  (Hopper SM_90)
----------------------------------------------------------
Average Time:      0.8605 ms
Median Time:       0.8605 ms
Std Dev:           0.0011 ms
Min Time:          0.8583 ms
Max Time:          0.8632 ms
Performance:     958.2913 TFLOPS
----------------------------------------------------------

----------------------------------------------------------
Benchmark: GQA bwd V44 Br=64, Bc=64  swizzled TMA-reduce dQ  (Hopper SM_90)
----------------------------------------------------------
Average Time:      0.7534 ms
Median Time:       0.7530 ms
Std Dev:           0.0020 ms
Min Time:          0.7506 ms
Max Time:          0.7593 ms
Performance:    1094.5967 TFLOPS
----------------------------------------------------------

----------------------------------------------------------
Benchmark: GQA bwd Vz2 wgmma tensor cores  (Hopper SM_90)
----------------------------------------------------------
Average Time:      0.9414 ms
Median Time:       0.9397 ms
Std Dev:           0.0167 ms
Min Time:          0.8976 ms
Max Time:          0.9821 ms
Performance:     875.9972 TFLOPS
----------------------------------------------------------

----------------------------------------------------------
Benchmark: GQA bwd Vj1 clone of Vz2 + levers  (Hopper SM_90)
----------------------------------------------------------
Average Time:      0.7637 ms
Median Time:       0.7639 ms
Std Dev:           0.0069 ms
Min Time:          0.7477 ms
Max Time:          0.7770 ms
Performance:    1079.7341 TFLOPS
----------------------------------------------------------

----------------------------------------------------------
Benchmark: GQA bwd V45 Br=64, Bc=64  adaptive raster (default<=B4, raster B8)  (Hopper SM_90)
----------------------------------------------------------
Average Time:      0.7666 ms
Median Time:       0.7666 ms
Std Dev:           0.0010 ms
Min Time:          0.7647 ms
Max Time:          0.7688 ms
Performance:    1075.6554 TFLOPS
----------------------------------------------------------

############################################################
# SHAPE  B=4  Hq=12  Hkv=4  (G=3)  S=4096 D=128
############################################################
=== Precision vs FP64 ground truth  (4x12x4096x128, GQA G=3) ===
  SDPA bf16 (enable_gqa)                    max_abs=3.169e-03  mean_abs=7.379e-04  max_rel=5.601e-03
Saved forward reference data (B=4, Hq=12, Hkv=4, S=4096, D=128) to /root/jeni/Hopper_jeni/data/

=== Backward precision vs FP64 ground truth ===
  dQ SDPA bf16                              max_abs=2.849e-03  mean_abs=3.607e-04  max_rel=2.160e+02
  dK SDPA bf16                              max_abs=4.119e-03  mean_abs=2.351e-05  max_rel=9.926e+01
  dV SDPA bf16                              max_abs=3.559e-02  mean_abs=9.463e-05  max_rel=1.473e+02
Saved backward reference data to /root/jeni/Hopper_jeni/data/

Triton vs SDPA bf16   max_abs=5.090e-01  mean_abs=5.671e-03

=== Latency  (4x12x4096x128, GQA G=3, bf16) ===
Kernel                      median ms     p5 ms    p95 ms     TFLOP/s
---------------------------------------------------------------------
SDPA bf16 (enable_gqa)         0.3578    0.3528    0.3622     1152.50
SDPA bf16 (compiled)           0.3660    0.3607    0.3703     1126.65
Triton flash (GQA)             1.3558    1.3487    1.3611      304.12

=== Backward precision (Triton flash vs SDPA bf16) ===
  dQ Triton flash vs SDPA                   max_abs=1.221e-03  mean_abs=9.644e-06  max_rel=1.221e+02
  dK Triton flash vs SDPA                   max_abs=3.906e-03  mean_abs=1.600e-05  max_rel=6.866e+01
  dV Triton flash vs SDPA                   max_abs=3.125e-02  mean_abs=5.488e-05  max_rel=1.450e+02

=== Backward latency  (4x12x4096x128, GQA G=3, bf16) ===
Kernel                      median ms     p5 ms    p95 ms     TFLOP/s
---------------------------------------------------------------------
SDPA bwd (enable_gqa)          1.5189    1.4470    1.5328     1085.82
SDPA bwd (compiled)            1.5129    1.4583    1.5192     1090.13
Triton flash bwd (GQA)         2.9808    2.9761    3.0423      553.29
GQA Backward — precision test  [Hopper SM_90 / H200]
Prerequisite: python precision/baseline_gqa.py

  shape: B=4 Hq=12 Hkv=4 (G=3)

Loaded PyTorch reference from data/gqa_*.bin

── V43 Br=64 Bc=64 TMA-reduce dQ (Hopper SM_90) ──
  dQ  max_abs=1.953e-03  mean_abs=1.188e-05  max_rel=3.332e+01
  dK  max_abs=3.906e-03  mean_abs=1.849e-05  max_rel=2.125e+01
  dV  max_abs=3.125e-02  mean_abs=5.476e-05  max_rel=3.520e+01
  dQ: [32mValues match!
[0m  dK: [32mValues match!
[0m  dV: [32mValues match!
[0m
── V44 Br=64 Bc=64 swizzled TMA-reduce dQ (Hopper SM_90) ──
  dQ  max_abs=1.953e-03  mean_abs=1.188e-05  max_rel=3.332e+01
  dK  max_abs=3.906e-03  mean_abs=1.849e-05  max_rel=2.125e+01
  dV  max_abs=3.125e-02  mean_abs=5.476e-05  max_rel=3.520e+01
  dQ: [32mValues match!
[0m  dK: [32mValues match!
[0m  dV: [32mValues match!
[0m
── Vz2 wgmma tensor cores (Hopper SM_90) ──
  dQ  max_abs=1.953e-03  mean_abs=1.188e-05  max_rel=3.332e+01
  dK  max_abs=3.906e-03  mean_abs=1.849e-05  max_rel=2.125e+01
  dV  max_abs=3.125e-02  mean_abs=5.476e-05  max_rel=3.520e+01
  dQ: [32mValues match!
[0m  dK: [32mValues match!
[0m  dV: [32mValues match!
[0m
── Vj1 clone of Vz2 + levers (Hopper SM_90) ──
  dQ  max_abs=1.953e-03  mean_abs=1.188e-05  max_rel=3.332e+01
  dK  max_abs=3.906e-03  mean_abs=1.906e-05  max_rel=2.750e+01
  dV  max_abs=7.812e-03  mean_abs=1.489e-06  max_rel=1.067e+01
  dQ: [32mValues match!
[0m  dK: [32mValues match!
[0m  dV: [32mValues match!
[0m
── V45 Br=64 Bc=64 adaptive raster (default<=B4, raster B8) (Hopper SM_90) ──
  dQ  max_abs=1.953e-03  mean_abs=1.188e-05  max_rel=3.332e+01
  dK  max_abs=3.906e-03  mean_abs=1.849e-05  max_rel=2.125e+01
  dV  max_abs=3.125e-02  mean_abs=5.476e-05  max_rel=3.520e+01
  dQ: [32mValues match!
[0m  dK: [32mValues match!
[0m  dV: [32mValues match!
[0m
=== Latency  (B=4 Hq=12 Hkv=4 S=4096 D=128, GQA G=3, bf16, causal) ===

----------------------------------------------------------
Benchmark: GQA bwd V43 Br=64, Bc=64  TMA-reduce dQ  (Hopper SM_90)
----------------------------------------------------------
Average Time:      1.7083 ms
Median Time:       1.7086 ms
Std Dev:           0.0012 ms
Min Time:          1.7049 ms
Max Time:          1.7108 ms
Performance:     965.4597 TFLOPS
----------------------------------------------------------

----------------------------------------------------------
Benchmark: GQA bwd V44 Br=64, Bc=64  swizzled TMA-reduce dQ  (Hopper SM_90)
----------------------------------------------------------
Average Time:      1.5212 ms
Median Time:       1.5434 ms
Std Dev:           0.0266 ms
Min Time:          1.4855 ms
Max Time:          1.5476 ms
Performance:    1084.1950 TFLOPS
----------------------------------------------------------

----------------------------------------------------------
Benchmark: GQA bwd Vz2 wgmma tensor cores  (Hopper SM_90)
----------------------------------------------------------
Average Time:      1.5653 ms
Median Time:       1.5641 ms
Std Dev:           0.0211 ms
Min Time:          1.5201 ms
Max Time:          1.6185 ms
Performance:    1053.6397 TFLOPS
----------------------------------------------------------

----------------------------------------------------------
Benchmark: GQA bwd Vj1 clone of Vz2 + levers  (Hopper SM_90)
----------------------------------------------------------
Average Time:      1.4105 ms
Median Time:       1.4105 ms
Std Dev:           0.0082 ms
Min Time:          1.3913 ms
Max Time:          1.4300 ms
Performance:    1169.2676 TFLOPS
----------------------------------------------------------

----------------------------------------------------------
Benchmark: GQA bwd V45 Br=64, Bc=64  adaptive raster (default<=B4, raster B8)  (Hopper SM_90)
----------------------------------------------------------
Average Time:      1.5299 ms
Median Time:       1.5230 ms
Std Dev:           0.0116 ms
Min Time:          1.5176 ms
Max Time:          1.5545 ms
Performance:    1078.0279 TFLOPS
----------------------------------------------------------

############################################################
# SHAPE  B=8  Hq=12  Hkv=4  (G=3)  S=4096 D=128
############################################################
=== Precision vs FP64 ground truth  (8x12x4096x128, GQA G=3) ===
  SDPA bf16 (enable_gqa)                    max_abs=3.274e-03  mean_abs=7.343e-04  max_rel=5.817e-03
Saved forward reference data (B=8, Hq=12, Hkv=4, S=4096, D=128) to /root/jeni/Hopper_jeni/data/

=== Backward precision vs FP64 ground truth ===
  dQ SDPA bf16                              max_abs=2.919e-03  mean_abs=3.595e-04  max_rel=1.971e+02
  dK SDPA bf16                              max_abs=4.025e-03  mean_abs=2.368e-05  max_rel=4.152e+01
  dV SDPA bf16                              max_abs=2.831e-02  mean_abs=9.493e-05  max_rel=9.863e+01
Saved backward reference data to /root/jeni/Hopper_jeni/data/

Triton vs SDPA bf16   max_abs=5.117e-01  mean_abs=5.605e-03

=== Latency  (8x12x4096x128, GQA G=3, bf16) ===
Kernel                      median ms     p5 ms    p95 ms     TFLOP/s
---------------------------------------------------------------------
SDPA bf16 (enable_gqa)         0.7033    0.6595    0.7069     1172.47
SDPA bf16 (compiled)           0.7135    0.7007    0.7244     1155.78
Triton flash (GQA)             2.6551    2.6482    2.7113      310.58

=== Backward precision (Triton flash vs SDPA bf16) ===
  dQ Triton flash vs SDPA                   max_abs=1.953e-03  mean_abs=9.653e-06  max_rel=5.569e+01
  dK Triton flash vs SDPA                   max_abs=3.906e-03  mean_abs=1.601e-05  max_rel=5.608e+01
  dV Triton flash vs SDPA                   max_abs=3.125e-02  mean_abs=5.487e-05  max_rel=7.538e+02

=== Backward latency  (8x12x4096x128, GQA G=3, bf16) ===
Kernel                      median ms     p5 ms    p95 ms     TFLOP/s
---------------------------------------------------------------------
SDPA bwd (enable_gqa)          2.8695    2.7570    2.8786     1149.50
SDPA bwd (compiled)            2.9205    2.7719    2.9338     1129.46
Triton flash bwd (GQA)         5.6609    5.6521    5.7846      582.69
GQA Backward — precision test  [Hopper SM_90 / H200]
Prerequisite: python precision/baseline_gqa.py

  shape: B=8 Hq=12 Hkv=4 (G=3)

Loaded PyTorch reference from data/gqa_*.bin

── V43 Br=64 Bc=64 TMA-reduce dQ (Hopper SM_90) ──
  dQ  max_abs=1.953e-03  mean_abs=1.185e-05  max_rel=3.991e+01
  dK  max_abs=3.906e-03  mean_abs=1.860e-05  max_rel=2.583e+01
  dV  max_abs=3.125e-02  mean_abs=5.508e-05  max_rel=2.008e+01
  dQ: [32mValues match!
[0m  dK: [32mValues match!
[0m  dV: [32mValues match!
[0m
── V44 Br=64 Bc=64 swizzled TMA-reduce dQ (Hopper SM_90) ──
  dQ  max_abs=1.953e-03  mean_abs=1.185e-05  max_rel=3.991e+01
  dK  max_abs=3.906e-03  mean_abs=1.860e-05  max_rel=2.583e+01
  dV  max_abs=3.125e-02  mean_abs=5.508e-05  max_rel=2.008e+01
  dQ: [32mValues match!
[0m  dK: [32mValues match!
[0m  dV: [32mValues match!
[0m
── Vz2 wgmma tensor cores (Hopper SM_90) ──
  dQ  max_abs=1.953e-03  mean_abs=1.185e-05  max_rel=3.991e+01
  dK  max_abs=3.906e-03  mean_abs=1.860e-05  max_rel=2.583e+01
  dV  max_abs=3.125e-02  mean_abs=5.508e-05  max_rel=2.008e+01
  dQ: [32mValues match!
[0m  dK: [32mValues match!
[0m  dV: [32mValues match!
[0m
── Vj1 clone of Vz2 + levers (Hopper SM_90) ──
  dQ  max_abs=1.953e-03  mean_abs=1.185e-05  max_rel=3.991e+01
  dK  max_abs=7.812e-03  mean_abs=1.919e-05  max_rel=2.600e+01
  dV  max_abs=7.812e-03  mean_abs=1.486e-06  max_rel=1.625e+01
  dQ: [32mValues match!
[0m  dK: [32mValues match!
[0m  dV: [32mValues match!
[0m
── V45 Br=64 Bc=64 adaptive raster (default<=B4, raster B8) (Hopper SM_90) ──
  dQ  max_abs=1.953e-03  mean_abs=1.185e-05  max_rel=3.991e+01
  dK  max_abs=3.906e-03  mean_abs=1.860e-05  max_rel=2.583e+01
  dV  max_abs=3.125e-02  mean_abs=5.508e-05  max_rel=2.008e+01
  dQ: [32mValues match!
[0m  dK: [32mValues match!
[0m  dV: [32mValues match!
[0m
=== Latency  (B=8 Hq=12 Hkv=4 S=4096 D=128, GQA G=3, bf16, causal) ===

----------------------------------------------------------
Benchmark: GQA bwd V43 Br=64, Bc=64  TMA-reduce dQ  (Hopper SM_90)
----------------------------------------------------------
Average Time:      3.3851 ms
Median Time:       3.3852 ms
Std Dev:           0.0031 ms
Min Time:          3.3807 ms
Max Time:          3.3876 ms
Performance:     974.4406 TFLOPS
----------------------------------------------------------

----------------------------------------------------------
Benchmark: GQA bwd V44 Br=64, Bc=64  swizzled TMA-reduce dQ  (Hopper SM_90)
----------------------------------------------------------
Average Time:      3.1336 ms
Median Time:       3.1427 ms
Std Dev:           0.0486 ms
Min Time:          2.9698 ms
Max Time:          3.1738 ms
Performance:    1052.6366 TFLOPS
----------------------------------------------------------

----------------------------------------------------------
Benchmark: GQA bwd Vz2 wgmma tensor cores  (Hopper SM_90)
----------------------------------------------------------
Average Time:      3.2231 ms
Median Time:       3.2907 ms
Std Dev:           0.1852 ms
Min Time:          2.8100 ms
Max Time:          3.4349 ms
Performance:    1023.4034 TFLOPS
----------------------------------------------------------

----------------------------------------------------------
Benchmark: GQA bwd Vj1 clone of Vz2 + levers  (Hopper SM_90)
----------------------------------------------------------
Average Time:      2.7482 ms
Median Time:       2.7513 ms
Std Dev:           0.0295 ms
Min Time:          2.6830 ms
Max Time:          2.8077 ms
Performance:    1200.2668 TFLOPS
----------------------------------------------------------

----------------------------------------------------------
Benchmark: GQA bwd V45 Br=64, Bc=64  adaptive raster (default<=B4, raster B8)  (Hopper SM_90)
----------------------------------------------------------
Average Time:      3.1581 ms
Median Time:       3.1600 ms
Std Dev:           0.0078 ms
Min Time:          3.1353 ms
Max Time:          3.1737 ms
Performance:    1044.4704 TFLOPS
----------------------------------------------------------

############################################################
# SHAPE  B=2  Hq=16  Hkv=4  (G=4)  S=4096 D=128
############################################################
=== Precision vs FP64 ground truth  (2x16x4096x128, GQA G=4) ===
  SDPA bf16 (enable_gqa)                    max_abs=3.011e-03  mean_abs=7.270e-04  max_rel=5.301e-03
Saved forward reference data (B=2, Hq=16, Hkv=4, S=4096, D=128) to /root/jeni/Hopper_jeni/data/

=== Backward precision vs FP64 ground truth ===
  dQ SDPA bf16                              max_abs=3.056e-03  mean_abs=3.566e-04  max_rel=1.941e+02
  dK SDPA bf16                              max_abs=3.470e-03  mean_abs=2.733e-05  max_rel=3.131e+01
  dV SDPA bf16                              max_abs=2.835e-02  mean_abs=1.103e-04  max_rel=5.850e+01
Saved backward reference data to /root/jeni/Hopper_jeni/data/

Triton vs SDPA bf16   max_abs=5.039e-01  mean_abs=5.618e-03

=== Latency  (2x16x4096x128, GQA G=4, bf16) ===
Kernel                      median ms     p5 ms    p95 ms     TFLOP/s
---------------------------------------------------------------------
SDPA bf16 (enable_gqa)         0.2505    0.2492    0.2550     1097.19
SDPA bf16 (compiled)           0.2498    0.2482    0.2543     1100.57
Triton flash (GQA)             0.8930    0.8893    0.8972      307.83

=== Backward precision (Triton flash vs SDPA bf16) ===
  dQ Triton flash vs SDPA                   max_abs=1.221e-03  mean_abs=9.659e-06  max_rel=2.763e+01
  dK Triton flash vs SDPA                   max_abs=2.930e-03  mean_abs=1.826e-05  max_rel=3.872e+01
  dV Triton flash vs SDPA                   max_abs=3.125e-02  mean_abs=6.311e-05  max_rel=9.995e+01

=== Backward latency  (2x16x4096x128, GQA G=4, bf16) ===
Kernel                      median ms     p5 ms    p95 ms     TFLOP/s
---------------------------------------------------------------------
SDPA bwd (enable_gqa)          1.0310    1.0146    1.0357     1066.48
SDPA bwd (compiled)            1.0232    1.0189    1.0394     1074.58
Triton flash bwd (GQA)         2.1309    2.1253    2.1411      515.97
GQA Backward — precision test  [Hopper SM_90 / H200]
Prerequisite: python precision/baseline_gqa.py

  shape: B=2 Hq=16 Hkv=4 (G=4)

Loaded PyTorch reference from data/gqa_*.bin

── V43 Br=64 Bc=64 TMA-reduce dQ (Hopper SM_90) ──
  dQ  max_abs=1.038e-03  mean_abs=1.183e-05  max_rel=4.058e+01
  dK  max_abs=3.906e-03  mean_abs=2.136e-05  max_rel=2.800e+01
  dV  max_abs=3.125e-02  mean_abs=6.392e-05  max_rel=1.988e+01
  dQ: [32mValues match!
[0m  dK: [32mValues match!
[0m  dV: [32mValues match!
[0m
── V44 Br=64 Bc=64 swizzled TMA-reduce dQ (Hopper SM_90) ──
  dQ  max_abs=1.038e-03  mean_abs=1.183e-05  max_rel=4.058e+01
  dK  max_abs=3.906e-03  mean_abs=2.136e-05  max_rel=2.800e+01
  dV  max_abs=3.125e-02  mean_abs=6.392e-05  max_rel=1.988e+01
  dQ: [32mValues match!
[0m  dK: [32mValues match!
[0m  dV: [32mValues match!
[0m
── Vz2 wgmma tensor cores (Hopper SM_90) ──
  dQ  max_abs=1.038e-03  mean_abs=1.183e-05  max_rel=4.058e+01
  dK  max_abs=3.906e-03  mean_abs=2.136e-05  max_rel=2.800e+01
  dV  max_abs=3.125e-02  mean_abs=6.392e-05  max_rel=1.988e+01
  dQ: [32mValues match!
[0m  dK: [32mValues match!
[0m  dV: [32mValues match!
[0m
── Vj1 clone of Vz2 + levers (Hopper SM_90) ──
  dQ  max_abs=1.038e-03  mean_abs=1.183e-05  max_rel=4.058e+01
  dK  max_abs=3.906e-03  mean_abs=2.245e-05  max_rel=3.300e+01
  dV  max_abs=1.562e-02  mean_abs=1.990e-06  max_rel=8.000e+00
  dQ: [32mValues match!
[0m  dK: [32mValues match!
[0m  dV: [32mValues match!
[0m
── V45 Br=64 Bc=64 adaptive raster (default<=B4, raster B8) (Hopper SM_90) ──
  dQ  max_abs=1.038e-03  mean_abs=1.183e-05  max_rel=4.058e+01
  dK  max_abs=3.906e-03  mean_abs=2.136e-05  max_rel=2.800e+01
  dV  max_abs=3.125e-02  mean_abs=6.392e-05  max_rel=1.988e+01
  dQ: [32mValues match!
[0m  dK: [32mValues match!
[0m  dV: [32mValues match!
[0m
=== Latency  (B=2 Hq=16 Hkv=4 S=4096 D=128, GQA G=4, bf16, causal) ===

----------------------------------------------------------
Benchmark: GQA bwd V43 Br=64, Bc=64  TMA-reduce dQ  (Hopper SM_90)
----------------------------------------------------------
Average Time:      1.1371 ms
Median Time:       1.1369 ms
Std Dev:           0.0015 ms
Min Time:          1.1349 ms
Max Time:          1.1423 ms
Performance:     966.9090 TFLOPS
----------------------------------------------------------

----------------------------------------------------------
Benchmark: GQA bwd V44 Br=64, Bc=64  swizzled TMA-reduce dQ  (Hopper SM_90)
----------------------------------------------------------
Average Time:      0.9931 ms
Median Time:       0.9931 ms
Std Dev:           0.0010 ms
Min Time:          0.9912 ms
Max Time:          0.9972 ms
Performance:    1107.1059 TFLOPS
----------------------------------------------------------

----------------------------------------------------------
Benchmark: GQA bwd Vz2 wgmma tensor cores  (Hopper SM_90)
----------------------------------------------------------
Average Time:      1.2509 ms
Median Time:       1.2456 ms
Std Dev:           0.0261 ms
Min Time:          1.1948 ms
Max Time:          1.3037 ms
Performance:     878.9773 TFLOPS
----------------------------------------------------------

----------------------------------------------------------
Benchmark: GQA bwd Vj1 clone of Vz2 + levers  (Hopper SM_90)
----------------------------------------------------------
Average Time:      0.9715 ms
Median Time:       0.9725 ms
Std Dev:           0.0075 ms
Min Time:          0.9516 ms
Max Time:          0.9860 ms
Performance:    1131.7174 TFLOPS
----------------------------------------------------------

----------------------------------------------------------
Benchmark: GQA bwd V45 Br=64, Bc=64  adaptive raster (default<=B4, raster B8)  (Hopper SM_90)
----------------------------------------------------------
Average Time:      1.0087 ms
Median Time:       1.0075 ms
Std Dev:           0.0030 ms
Min Time:          1.0056 ms
Max Time:          1.0174 ms
Performance:    1090.0795 TFLOPS
----------------------------------------------------------

############################################################
# SHAPE  B=4  Hq=16  Hkv=4  (G=4)  S=4096 D=128
############################################################
=== Precision vs FP64 ground truth  (4x16x4096x128, GQA G=4) ===
  SDPA bf16 (enable_gqa)                    max_abs=3.134e-03  mean_abs=7.362e-04  max_rel=5.570e-03
Saved forward reference data (B=4, Hq=16, Hkv=4, S=4096, D=128) to /root/jeni/Hopper_jeni/data/

=== Backward precision vs FP64 ground truth ===
  dQ SDPA bf16                              max_abs=2.843e-03  mean_abs=3.604e-04  max_rel=2.335e+02
  dK SDPA bf16                              max_abs=4.936e-03  mean_abs=2.767e-05  max_rel=9.825e+01
  dV SDPA bf16                              max_abs=2.929e-02  mean_abs=1.104e-04  max_rel=2.676e+02
Saved backward reference data to /root/jeni/Hopper_jeni/data/

Triton vs SDPA bf16   max_abs=5.039e-01  mean_abs=5.665e-03

=== Latency  (4x16x4096x128, GQA G=4, bf16) ===
Kernel                      median ms     p5 ms    p95 ms     TFLOP/s
---------------------------------------------------------------------
SDPA bf16 (enable_gqa)         0.4712    0.4572    0.4955     1166.83
SDPA bf16 (compiled)           0.4831    0.4790    0.4855     1138.04
Triton flash (GQA)             1.7636    1.7547    1.7910      311.73

=== Backward precision (Triton flash vs SDPA bf16) ===
  dQ Triton flash vs SDPA                   max_abs=1.953e-03  mean_abs=9.644e-06  max_rel=5.401e+01
  dK Triton flash vs SDPA                   max_abs=3.906e-03  mean_abs=1.848e-05  max_rel=1.213e+02
  dV Triton flash vs SDPA                   max_abs=3.125e-02  mean_abs=6.345e-05  max_rel=2.487e+02

=== Backward latency  (4x16x4096x128, GQA G=4, bf16) ===
Kernel                      median ms     p5 ms    p95 ms     TFLOP/s
---------------------------------------------------------------------
SDPA bwd (enable_gqa)          1.8798    1.8768    1.8861     1169.79
SDPA bwd (compiled)            1.9568    1.8855    1.9834     1123.80
Triton flash bwd (GQA)         3.9152    3.9099    3.9443      561.67
GQA Backward — precision test  [Hopper SM_90 / H200]
Prerequisite: python precision/baseline_gqa.py

  shape: B=4 Hq=16 Hkv=4 (G=4)

Loaded PyTorch reference from data/gqa_*.bin

── V43 Br=64 Bc=64 TMA-reduce dQ (Hopper SM_90) ──
  dQ  max_abs=1.953e-03  mean_abs=1.183e-05  max_rel=3.281e+01
  dK  max_abs=3.906e-03  mean_abs=2.138e-05  max_rel=3.575e+01
  dV  max_abs=3.125e-02  mean_abs=6.380e-05  max_rel=2.025e+01
  dQ: [32mValues match!
[0m  dK: [32mValues match!
[0m  dV: [32mValues match!
[0m
── V44 Br=64 Bc=64 swizzled TMA-reduce dQ (Hopper SM_90) ──
  dQ  max_abs=1.953e-03  mean_abs=1.183e-05  max_rel=3.281e+01
  dK  max_abs=3.906e-03  mean_abs=2.138e-05  max_rel=3.575e+01
  dV  max_abs=3.125e-02  mean_abs=6.380e-05  max_rel=2.025e+01
  dQ: [32mValues match!
[0m  dK: [32mValues match!
[0m  dV: [32mValues match!
[0m
── Vz2 wgmma tensor cores (Hopper SM_90) ──
  dQ  max_abs=1.953e-03  mean_abs=1.183e-05  max_rel=3.281e+01
  dK  max_abs=3.906e-03  mean_abs=2.138e-05  max_rel=3.575e+01
  dV  max_abs=3.125e-02  mean_abs=6.380e-05  max_rel=2.025e+01
  dQ: [32mValues match!
[0m  dK: [32mValues match!
[0m  dV: [32mValues match!
[0m
── Vj1 clone of Vz2 + levers (Hopper SM_90) ──
  dQ  max_abs=1.953e-03  mean_abs=1.183e-05  max_rel=3.281e+01
  dK  max_abs=3.906e-03  mean_abs=2.246e-05  max_rel=3.850e+01
  dV  max_abs=7.812e-03  mean_abs=1.991e-06  max_rel=8.000e+00
  dQ: [32mValues match!
[0m  dK: [32mValues match!
[0m  dV: [32mValues match!
[0m
── V45 Br=64 Bc=64 adaptive raster (default<=B4, raster B8) (Hopper SM_90) ──
  dQ  max_abs=1.953e-03  mean_abs=1.183e-05  max_rel=3.281e+01
  dK  max_abs=3.906e-03  mean_abs=2.138e-05  max_rel=3.575e+01
  dV  max_abs=3.125e-02  mean_abs=6.380e-05  max_rel=2.025e+01
  dQ: [32mValues match!
[0m  dK: [32mValues match!
[0m  dV: [32mValues match!
[0m
=== Latency  (B=4 Hq=16 Hkv=4 S=4096 D=128, GQA G=4, bf16, causal) ===

----------------------------------------------------------
Benchmark: GQA bwd V43 Br=64, Bc=64  TMA-reduce dQ  (Hopper SM_90)
----------------------------------------------------------
Average Time:      2.2611 ms
Median Time:       2.2613 ms
Std Dev:           0.0018 ms
Min Time:          2.2565 ms
Max Time:          2.2671 ms
Performance:     972.5569 TFLOPS
----------------------------------------------------------

----------------------------------------------------------
Benchmark: GQA bwd V44 Br=64, Bc=64  swizzled TMA-reduce dQ  (Hopper SM_90)
----------------------------------------------------------
Average Time:      1.9998 ms
Median Time:       1.9866 ms
Std Dev:           0.0214 ms
Min Time:          1.9668 ms
Max Time:          2.0384 ms
Performance:    1099.6377 TFLOPS
----------------------------------------------------------

----------------------------------------------------------
Benchmark: GQA bwd Vz2 wgmma tensor cores  (Hopper SM_90)
----------------------------------------------------------
Average Time:      2.0513 ms
Median Time:       2.0528 ms
Std Dev:           0.0256 ms
Min Time:          1.9716 ms
Max Time:          2.0988 ms
Performance:    1071.9970 TFLOPS
----------------------------------------------------------

----------------------------------------------------------
Benchmark: GQA bwd Vj1 clone of Vz2 + levers  (Hopper SM_90)
----------------------------------------------------------
Average Time:      1.9875 ms
Median Time:       2.0234 ms
Std Dev:           0.1279 ms
Min Time:          1.8065 ms
Max Time:          2.1558 ms
Performance:    1106.4433 TFLOPS
----------------------------------------------------------

----------------------------------------------------------
Benchmark: GQA bwd V45 Br=64, Bc=64  adaptive raster (default<=B4, raster B8)  (Hopper SM_90)
----------------------------------------------------------
Average Time:      2.2290 ms
Median Time:       2.2216 ms
Std Dev:           0.0202 ms
Min Time:          2.2165 ms
Max Time:          2.3326 ms
Performance:     986.5482 TFLOPS
----------------------------------------------------------

############################################################
# SHAPE  B=8  Hq=16  Hkv=4  (G=4)  S=4096 D=128
############################################################
=== Precision vs FP64 ground truth  (8x16x4096x128, GQA G=4) ===
  SDPA bf16 (enable_gqa)                    max_abs=3.018e-03  mean_abs=7.304e-04  max_rel=6.053e-03
Saved forward reference data (B=8, Hq=16, Hkv=4, S=4096, D=128) to /root/jeni/Hopper_jeni/data/

=== Backward precision vs FP64 ground truth ===
  dQ SDPA bf16                              max_abs=2.521e-03  mean_abs=3.567e-04  max_rel=2.060e+02
  dK SDPA bf16                              max_abs=5.085e-03  mean_abs=2.733e-05  max_rel=7.292e+01
  dV SDPA bf16                              max_abs=3.461e-02  mean_abs=1.100e-04  max_rel=1.469e+02
Saved backward reference data to /root/jeni/Hopper_jeni/data/

Triton vs SDPA bf16   max_abs=5.039e-01  mean_abs=5.682e-03

=== Latency  (8x16x4096x128, GQA G=4, bf16) ===
Kernel                      median ms     p5 ms    p95 ms     TFLOP/s
---------------------------------------------------------------------
SDPA bf16 (enable_gqa)         0.9340    0.8634    0.9467     1177.19
SDPA bf16 (compiled)           0.9247    0.9161    0.9311     1189.00
Triton flash (GQA)             3.4704    3.4650    3.5015      316.83

=== Backward precision (Triton flash vs SDPA bf16) ===
  dQ Triton flash vs SDPA                   max_abs=1.953e-03  mean_abs=9.636e-06  max_rel=6.142e+01
  dK Triton flash vs SDPA                   max_abs=3.906e-03  mean_abs=1.841e-05  max_rel=7.095e+01
  dV Triton flash vs SDPA                   max_abs=6.250e-02  mean_abs=6.355e-05  max_rel=5.432e+02

=== Backward latency  (8x16x4096x128, GQA G=4, bf16) ===
Kernel                      median ms     p5 ms    p95 ms     TFLOP/s
---------------------------------------------------------------------
SDPA bwd (enable_gqa)          3.8665    3.6234    3.9000     1137.49
SDPA bwd (compiled)            3.8776    3.6285    3.9319     1134.23
Triton flash bwd (GQA)         7.4683    7.4633    7.4958      588.89
GQA Backward — precision test  [Hopper SM_90 / H200]
Prerequisite: python precision/baseline_gqa.py

  shape: B=8 Hq=16 Hkv=4 (G=4)

Loaded PyTorch reference from data/gqa_*.bin

── V43 Br=64 Bc=64 TMA-reduce dQ (Hopper SM_90) ──
  dQ  max_abs=1.953e-03  mean_abs=1.183e-05  max_rel=3.062e+01
  dK  max_abs=3.906e-03  mean_abs=2.133e-05  max_rel=2.167e+01
  dV  max_abs=3.125e-02  mean_abs=6.380e-05  max_rel=1.018e+02
  dQ: [32mValues match!
[0m  dK: [32mValues match!
[0m  dV: [32mValues match!
[0m
── V44 Br=64 Bc=64 swizzled TMA-reduce dQ (Hopper SM_90) ──
  dQ  max_abs=1.953e-03  mean_abs=1.183e-05  max_rel=3.062e+01
  dK  max_abs=3.906e-03  mean_abs=2.133e-05  max_rel=2.167e+01
  dV  max_abs=3.125e-02  mean_abs=6.380e-05  max_rel=1.018e+02
  dQ: [32mValues match!
[0m  dK: [32mValues match!
[0m  dV: [32mValues match!
[0m
── Vz2 wgmma tensor cores (Hopper SM_90) ──
  dQ  max_abs=1.953e-03  mean_abs=1.183e-05  max_rel=3.062e+01
  dK  max_abs=3.906e-03  mean_abs=2.133e-05  max_rel=2.167e+01
  dV  max_abs=3.125e-02  mean_abs=6.380e-05  max_rel=1.018e+02
  dQ: [32mValues match!
[0m  dK: [32mValues match!
[0m  dV: [32mValues match!
[0m
── Vj1 clone of Vz2 + levers (Hopper SM_90) ──
  dQ  max_abs=1.953e-03  mean_abs=1.183e-05  max_rel=3.062e+01
  dK  max_abs=3.906e-03  mean_abs=2.244e-05  max_rel=4.067e+01
  dV  max_abs=1.562e-02  mean_abs=2.022e-06  max_rel=1.800e+01
  dQ: [32mValues match!
[0m  dK: [32mValues match!
[0m  dV: [32mValues match!
[0m
── V45 Br=64 Bc=64 adaptive raster (default<=B4, raster B8) (Hopper SM_90) ──
  dQ  max_abs=1.953e-03  mean_abs=1.183e-05  max_rel=3.062e+01
  dK  max_abs=3.906e-03  mean_abs=2.133e-05  max_rel=2.167e+01
  dV  max_abs=3.125e-02  mean_abs=6.380e-05  max_rel=1.018e+02
  dQ: [32mValues match!
[0m  dK: [32mValues match!
[0m  dV: [32mValues match!
[0m
=== Latency  (B=8 Hq=16 Hkv=4 S=4096 D=128, GQA G=4, bf16, causal) ===

----------------------------------------------------------
Benchmark: GQA bwd V43 Br=64, Bc=64  TMA-reduce dQ  (Hopper SM_90)
----------------------------------------------------------
Average Time:      4.5135 ms
Median Time:       4.5222 ms
Std Dev:           0.0165 ms
Min Time:          4.4826 ms
Max Time:          4.5306 ms
Performance:     974.4243 TFLOPS
----------------------------------------------------------

----------------------------------------------------------
Benchmark: GQA bwd V44 Br=64, Bc=64  swizzled TMA-reduce dQ  (Hopper SM_90)
----------------------------------------------------------
Average Time:      5.2274 ms
Median Time:       5.2246 ms
Std Dev:           0.5618 ms
Min Time:          4.2198 ms
Max Time:          6.3003 ms
Performance:     841.3436 TFLOPS
----------------------------------------------------------

----------------------------------------------------------
Benchmark: GQA bwd Vz2 wgmma tensor cores  (Hopper SM_90)
----------------------------------------------------------
Average Time:      3.8309 ms
Median Time:       3.8200 ms
Std Dev:           0.0611 ms
Min Time:          3.6932 ms
Max Time:          3.9462 ms
Performance:    1148.0409 TFLOPS
----------------------------------------------------------

----------------------------------------------------------
Benchmark: GQA bwd Vj1 clone of Vz2 + levers  (Hopper SM_90)
----------------------------------------------------------
Average Time:      3.8934 ms
Median Time:       3.8051 ms
Std Dev:           0.2641 ms
Min Time:          3.6420 ms
Max Time:          6.0204 ms
Performance:    1129.6193 TFLOPS
----------------------------------------------------------

----------------------------------------------------------
Benchmark: GQA bwd V45 Br=64, Bc=64  adaptive raster (default<=B4, raster B8)  (Hopper SM_90)
----------------------------------------------------------
Average Time:      4.1926 ms
Median Time:       4.1958 ms
Std Dev:           0.0226 ms
Min Time:          4.1622 ms
Max Time:          4.2783 ms
Performance:    1049.0016 TFLOPS
----------------------------------------------------------

############################################################
# SHAPE  B=2  Hq=24  Hkv=8  (G=3)  S=4096 D=128
############################################################
=== Precision vs FP64 ground truth  (2x24x4096x128, GQA G=3) ===
  SDPA bf16 (enable_gqa)                    max_abs=3.169e-03  mean_abs=7.379e-04  max_rel=5.601e-03
Saved forward reference data (B=2, Hq=24, Hkv=8, S=4096, D=128) to /root/jeni/Hopper_jeni/data/

=== Backward precision vs FP64 ground truth ===
  dQ SDPA bf16                              max_abs=2.849e-03  mean_abs=3.607e-04  max_rel=2.160e+02
  dK SDPA bf16                              max_abs=4.119e-03  mean_abs=2.351e-05  max_rel=9.926e+01
  dV SDPA bf16                              max_abs=3.559e-02  mean_abs=9.463e-05  max_rel=1.473e+02
Saved backward reference data to /root/jeni/Hopper_jeni/data/

Triton vs SDPA bf16   max_abs=5.090e-01  mean_abs=5.671e-03

=== Latency  (2x24x4096x128, GQA G=3, bf16) ===
Kernel                      median ms     p5 ms    p95 ms     TFLOP/s
---------------------------------------------------------------------
SDPA bf16 (enable_gqa)         0.3620    0.3540    0.3670     1138.95
SDPA bf16 (compiled)           0.3591    0.3567    0.3634     1148.13
Triton flash (GQA)             1.3549    1.3500    1.3628      304.32

=== Backward precision (Triton flash vs SDPA bf16) ===
  dQ Triton flash vs SDPA                   max_abs=1.221e-03  mean_abs=9.644e-06  max_rel=1.221e+02
  dK Triton flash vs SDPA                   max_abs=3.906e-03  mean_abs=1.600e-05  max_rel=6.866e+01
  dV Triton flash vs SDPA                   max_abs=3.125e-02  mean_abs=5.488e-05  max_rel=1.450e+02

=== Backward latency  (2x24x4096x128, GQA G=3, bf16) ===
Kernel                      median ms     p5 ms    p95 ms     TFLOP/s
---------------------------------------------------------------------
SDPA bwd (enable_gqa)          1.4743    1.4481    1.5223     1118.70
SDPA bwd (compiled)            1.4493    1.4460    1.4530     1137.99
Triton flash bwd (GQA)         2.9785    2.9751    3.0000      553.72
GQA Backward — precision test  [Hopper SM_90 / H200]
Prerequisite: python precision/baseline_gqa.py

  shape: B=2 Hq=24 Hkv=8 (G=3)

Loaded PyTorch reference from data/gqa_*.bin

── V43 Br=64 Bc=64 TMA-reduce dQ (Hopper SM_90) ──
  dQ  max_abs=1.953e-03  mean_abs=1.188e-05  max_rel=3.332e+01
  dK  max_abs=3.906e-03  mean_abs=1.849e-05  max_rel=2.125e+01
  dV  max_abs=3.125e-02  mean_abs=5.476e-05  max_rel=3.520e+01
  dQ: [32mValues match!
[0m  dK: [32mValues match!
[0m  dV: [32mValues match!
[0m
── V44 Br=64 Bc=64 swizzled TMA-reduce dQ (Hopper SM_90) ──
  dQ  max_abs=1.953e-03  mean_abs=1.188e-05  max_rel=3.332e+01
  dK  max_abs=3.906e-03  mean_abs=1.849e-05  max_rel=2.125e+01
  dV  max_abs=3.125e-02  mean_abs=5.476e-05  max_rel=3.520e+01
  dQ: [32mValues match!
[0m  dK: [32mValues match!
[0m  dV: [32mValues match!
[0m
── Vz2 wgmma tensor cores (Hopper SM_90) ──
  dQ  max_abs=1.953e-03  mean_abs=1.188e-05  max_rel=3.332e+01
  dK  max_abs=3.906e-03  mean_abs=1.849e-05  max_rel=2.125e+01
  dV  max_abs=3.125e-02  mean_abs=5.476e-05  max_rel=3.520e+01
  dQ: [32mValues match!
[0m  dK: [32mValues match!
[0m  dV: [32mValues match!
[0m
── Vj1 clone of Vz2 + levers (Hopper SM_90) ──
  dQ  max_abs=1.953e-03  mean_abs=1.188e-05  max_rel=3.332e+01
  dK  max_abs=3.906e-03  mean_abs=1.906e-05  max_rel=2.750e+01
  dV  max_abs=7.812e-03  mean_abs=1.489e-06  max_rel=1.067e+01
  dQ: [32mValues match!
[0m  dK: [32mValues match!
[0m  dV: [32mValues match!
[0m
── V45 Br=64 Bc=64 adaptive raster (default<=B4, raster B8) (Hopper SM_90) ──
  dQ  max_abs=1.953e-03  mean_abs=1.188e-05  max_rel=3.332e+01
  dK  max_abs=3.906e-03  mean_abs=1.849e-05  max_rel=2.125e+01
  dV  max_abs=3.125e-02  mean_abs=5.476e-05  max_rel=3.520e+01
  dQ: [32mValues match!
[0m  dK: [32mValues match!
[0m  dV: [32mValues match!
[0m
=== Latency  (B=2 Hq=24 Hkv=8 S=4096 D=128, GQA G=3, bf16, causal) ===

----------------------------------------------------------
Benchmark: GQA bwd V43 Br=64, Bc=64  TMA-reduce dQ  (Hopper SM_90)
----------------------------------------------------------
Average Time:      1.7089 ms
Median Time:       1.7090 ms
Std Dev:           0.0007 ms
Min Time:          1.7053 ms
Max Time:          1.7113 ms
Performance:     965.1183 TFLOPS
----------------------------------------------------------

----------------------------------------------------------
Benchmark: GQA bwd V44 Br=64, Bc=64  swizzled TMA-reduce dQ  (Hopper SM_90)
----------------------------------------------------------
Average Time:      1.5146 ms
Median Time:       1.5198 ms
Std Dev:           0.0212 ms
Min Time:          1.4878 ms
Max Time:          1.5624 ms
Performance:    1088.9062 TFLOPS
----------------------------------------------------------

----------------------------------------------------------
Benchmark: GQA bwd Vz2 wgmma tensor cores  (Hopper SM_90)
----------------------------------------------------------
Average Time:      1.5671 ms
Median Time:       1.5678 ms
Std Dev:           0.0283 ms
Min Time:          1.5068 ms
Max Time:          1.6308 ms
Performance:    1052.4142 TFLOPS
----------------------------------------------------------

----------------------------------------------------------
Benchmark: GQA bwd Vj1 clone of Vz2 + levers  (Hopper SM_90)
----------------------------------------------------------
Average Time:      1.4158 ms
Median Time:       1.4164 ms
Std Dev:           0.0085 ms
Min Time:          1.3987 ms
Max Time:          1.4371 ms
Performance:    1164.8732 TFLOPS
----------------------------------------------------------

----------------------------------------------------------
Benchmark: GQA bwd V45 Br=64, Bc=64  adaptive raster (default<=B4, raster B8)  (Hopper SM_90)
----------------------------------------------------------
Average Time:      1.5710 ms
Median Time:       1.5945 ms
Std Dev:           0.0409 ms
Min Time:          1.5196 ms
Max Time:          1.6256 ms
Performance:    1049.7934 TFLOPS
----------------------------------------------------------

############################################################
# SHAPE  B=4  Hq=24  Hkv=8  (G=3)  S=4096 D=128
############################################################
=== Precision vs FP64 ground truth  (4x24x4096x128, GQA G=3) ===
  SDPA bf16 (enable_gqa)                    max_abs=3.274e-03  mean_abs=7.343e-04  max_rel=5.817e-03
Saved forward reference data (B=4, Hq=24, Hkv=8, S=4096, D=128) to /root/jeni/Hopper_jeni/data/

=== Backward precision vs FP64 ground truth ===
  dQ SDPA bf16                              max_abs=2.919e-03  mean_abs=3.595e-04  max_rel=1.971e+02
  dK SDPA bf16                              max_abs=4.025e-03  mean_abs=2.368e-05  max_rel=4.152e+01
  dV SDPA bf16                              max_abs=2.831e-02  mean_abs=9.493e-05  max_rel=9.863e+01
Saved backward reference data to /root/jeni/Hopper_jeni/data/

Triton vs SDPA bf16   max_abs=5.117e-01  mean_abs=5.605e-03

=== Latency  (4x24x4096x128, GQA G=3, bf16) ===
Kernel                      median ms     p5 ms    p95 ms     TFLOP/s
---------------------------------------------------------------------
SDPA bf16 (enable_gqa)         0.7064    0.6821    0.7223     1167.45
SDPA bf16 (compiled)           0.7091    0.6990    0.7233     1163.00
Triton flash (GQA)             2.6545    2.6501    2.6770      310.66

=== Backward precision (Triton flash vs SDPA bf16) ===
  dQ Triton flash vs SDPA                   max_abs=1.953e-03  mean_abs=9.653e-06  max_rel=5.569e+01
  dK Triton flash vs SDPA                   max_abs=3.906e-03  mean_abs=1.601e-05  max_rel=5.608e+01
  dV Triton flash vs SDPA                   max_abs=3.125e-02  mean_abs=5.487e-05  max_rel=7.538e+02

=== Backward latency  (4x24x4096x128, GQA G=3, bf16) ===
Kernel                      median ms     p5 ms    p95 ms     TFLOP/s
---------------------------------------------------------------------
SDPA bwd (enable_gqa)          2.7976    2.7719    2.9490     1179.07
SDPA bwd (compiled)            2.9657    2.7661    2.9886     1112.24
Triton flash bwd (GQA)         5.6521    5.6480    5.6693      583.59
GQA Backward — precision test  [Hopper SM_90 / H200]
Prerequisite: python precision/baseline_gqa.py

  shape: B=4 Hq=24 Hkv=8 (G=3)

Loaded PyTorch reference from data/gqa_*.bin

── V43 Br=64 Bc=64 TMA-reduce dQ (Hopper SM_90) ──
  dQ  max_abs=1.953e-03  mean_abs=1.185e-05  max_rel=3.991e+01
  dK  max_abs=3.906e-03  mean_abs=1.860e-05  max_rel=2.583e+01
  dV  max_abs=3.125e-02  mean_abs=5.508e-05  max_rel=2.008e+01
  dQ: [32mValues match!
[0m  dK: [32mValues match!
[0m  dV: [32mValues match!
[0m
── V44 Br=64 Bc=64 swizzled TMA-reduce dQ (Hopper SM_90) ──
  dQ  max_abs=1.953e-03  mean_abs=1.185e-05  max_rel=3.991e+01
  dK  max_abs=3.906e-03  mean_abs=1.860e-05  max_rel=2.583e+01
  dV  max_abs=3.125e-02  mean_abs=5.508e-05  max_rel=2.008e+01
  dQ: [32mValues match!
[0m  dK: [32mValues match!
[0m  dV: [32mValues match!
[0m
── Vz2 wgmma tensor cores (Hopper SM_90) ──
  dQ  max_abs=1.953e-03  mean_abs=1.185e-05  max_rel=3.991e+01
  dK  max_abs=3.906e-03  mean_abs=1.860e-05  max_rel=2.583e+01
  dV  max_abs=3.125e-02  mean_abs=5.508e-05  max_rel=2.008e+01
  dQ: [32mValues match!
[0m  dK: [32mValues match!
[0m  dV: [32mValues match!
[0m
── Vj1 clone of Vz2 + levers (Hopper SM_90) ──
  dQ  max_abs=1.953e-03  mean_abs=1.185e-05  max_rel=3.991e+01
  dK  max_abs=7.812e-03  mean_abs=1.919e-05  max_rel=2.600e+01
  dV  max_abs=7.812e-03  mean_abs=1.486e-06  max_rel=1.625e+01
  dQ: [32mValues match!
[0m  dK: [32mValues match!
[0m  dV: [32mValues match!
[0m
── V45 Br=64 Bc=64 adaptive raster (default<=B4, raster B8) (Hopper SM_90) ──
  dQ  max_abs=1.953e-03  mean_abs=1.185e-05  max_rel=3.991e+01
  dK  max_abs=3.906e-03  mean_abs=1.860e-05  max_rel=2.583e+01
  dV  max_abs=3.125e-02  mean_abs=5.508e-05  max_rel=2.008e+01
  dQ: [32mValues match!
[0m  dK: [32mValues match!
[0m  dV: [32mValues match!
[0m
=== Latency  (B=4 Hq=24 Hkv=8 S=4096 D=128, GQA G=3, bf16, causal) ===

----------------------------------------------------------
Benchmark: GQA bwd V43 Br=64, Bc=64  TMA-reduce dQ  (Hopper SM_90)
----------------------------------------------------------
Average Time:      3.3903 ms
Median Time:       3.3855 ms
Std Dev:           0.0093 ms
Min Time:          3.3814 ms
Max Time:          3.4134 ms
Performance:     972.9467 TFLOPS
----------------------------------------------------------

----------------------------------------------------------
Benchmark: GQA bwd V44 Br=64, Bc=64  swizzled TMA-reduce dQ  (Hopper SM_90)
----------------------------------------------------------
Average Time:      3.1172 ms
Median Time:       3.1378 ms
Std Dev:           0.0507 ms
Min Time:          2.9900 ms
Max Time:          3.1729 ms
Performance:    1058.1790 TFLOPS
----------------------------------------------------------

----------------------------------------------------------
Benchmark: GQA bwd Vz2 wgmma tensor cores  (Hopper SM_90)
----------------------------------------------------------
Average Time:      3.0007 ms
Median Time:       2.9828 ms
Std Dev:           0.1352 ms
Min Time:          2.8002 ms
Max Time:          3.4140 ms
Performance:    1099.2424 TFLOPS
----------------------------------------------------------

----------------------------------------------------------
Benchmark: GQA bwd Vj1 clone of Vz2 + levers  (Hopper SM_90)
----------------------------------------------------------
Average Time:      2.8421 ms
Median Time:       2.8188 ms
Std Dev:           0.1199 ms
Min Time:          2.6781 ms
Max Time:          3.0930 ms
Performance:    1160.5965 TFLOPS
----------------------------------------------------------

----------------------------------------------------------
Benchmark: GQA bwd V45 Br=64, Bc=64  adaptive raster (default<=B4, raster B8)  (Hopper SM_90)
----------------------------------------------------------
Average Time:      3.1872 ms
Median Time:       3.1652 ms
Std Dev:           0.0460 ms
Min Time:          3.1574 ms
Max Time:          3.2981 ms
Performance:    1034.9184 TFLOPS
----------------------------------------------------------

############################################################
# SHAPE  B=8  Hq=24  Hkv=8  (G=3)  S=4096 D=128
############################################################
=== Precision vs FP64 ground truth  (8x24x4096x128, GQA G=3) ===
  SDPA bf16 (enable_gqa)                    max_abs=3.234e-03  mean_abs=7.330e-04  max_rel=5.727e-03
Saved forward reference data (B=8, Hq=24, Hkv=8, S=4096, D=128) to /root/jeni/Hopper_jeni/data/

=== Backward precision vs FP64 ground truth ===
  dQ SDPA bf16                              max_abs=2.851e-03  mean_abs=3.587e-04  max_rel=2.371e+02
  dK SDPA bf16                              max_abs=3.931e-03  mean_abs=2.330e-05  max_rel=1.948e+02
  dV SDPA bf16                              max_abs=2.851e-02  mean_abs=9.470e-05  max_rel=1.951e+02
Saved backward reference data to /root/jeni/Hopper_jeni/data/

Triton vs SDPA bf16   max_abs=5.098e-01  mean_abs=5.635e-03

=== Latency  (8x24x4096x128, GQA G=3, bf16) ===
Kernel                      median ms     p5 ms    p95 ms     TFLOP/s
---------------------------------------------------------------------
SDPA bf16 (enable_gqa)         1.3984    1.2783    1.4037     1179.40
SDPA bf16 (compiled)           1.3855    1.3660    1.3895     1190.35
Triton flash (GQA)             5.1940    5.1876    5.2375      317.53

=== Backward precision (Triton flash vs SDPA bf16) ===
  dQ Triton flash vs SDPA                   max_abs=1.465e-03  mean_abs=9.641e-06  max_rel=4.253e+01
  dK Triton flash vs SDPA                   max_abs=3.906e-03  mean_abs=1.601e-05  max_rel=1.251e+02
  dV Triton flash vs SDPA                   max_abs=6.250e-02  mean_abs=5.479e-05  max_rel=5.127e+02

=== Backward latency  (8x24x4096x128, GQA G=3, bf16) ===
Kernel                      median ms     p5 ms    p95 ms     TFLOP/s
---------------------------------------------------------------------
SDPA bwd (enable_gqa)          5.6145    5.6001    5.7796     1175.01
SDPA bwd (compiled)            5.8385    5.4478    5.8621     1129.92
Triton flash bwd (GQA)        11.0217   11.0076   11.0221      598.55
GQA Backward — precision test  [Hopper SM_90 / H200]
Prerequisite: python precision/baseline_gqa.py

  shape: B=8 Hq=24 Hkv=8 (G=3)

Loaded PyTorch reference from data/gqa_*.bin

── V43 Br=64 Bc=64 TMA-reduce dQ (Hopper SM_90) ──
  dQ  max_abs=1.953e-03  mean_abs=1.183e-05  max_rel=2.465e+01
  dK  max_abs=3.906e-03  mean_abs=1.853e-05  max_rel=2.012e+01
  dV  max_abs=3.125e-02  mean_abs=5.487e-05  max_rel=2.818e+01
  dQ: [32mValues match!
[0m  dK: [32mValues match!
[0m  dV: [32mValues match!
[0m
── V44 Br=64 Bc=64 swizzled TMA-reduce dQ (Hopper SM_90) ──
  dQ  max_abs=1.953e-03  mean_abs=1.183e-05  max_rel=2.465e+01
  dK  max_abs=3.906e-03  mean_abs=1.853e-05  max_rel=2.012e+01
  dV  max_abs=3.125e-02  mean_abs=5.487e-05  max_rel=2.818e+01
  dQ: [32mValues match!
[0m  dK: [32mValues match!
[0m  dV: [32mValues match!
[0m
── Vz2 wgmma tensor cores (Hopper SM_90) ──
  dQ  max_abs=1.953e-03  mean_abs=1.183e-05  max_rel=2.465e+01
  dK  max_abs=3.906e-03  mean_abs=1.853e-05  max_rel=2.012e+01
  dV  max_abs=3.125e-02  mean_abs=5.487e-05  max_rel=2.818e+01
  dQ: [32mValues match!
[0m  dK: [32mValues match!
[0m  dV: [32mValues match!
[0m
── Vj1 clone of Vz2 + levers (Hopper SM_90) ──
  dQ  max_abs=1.953e-03  mean_abs=1.183e-05  max_rel=2.465e+01
  dK  max_abs=3.906e-03  mean_abs=1.910e-05  max_rel=1.900e+01
  dV  max_abs=1.562e-02  mean_abs=1.494e-06  max_rel=1.600e+01
  dQ: [32mValues match!
[0m  dK: [32mValues match!
[0m  dV: [32mValues match!
[0m
── V45 Br=64 Bc=64 adaptive raster (default<=B4, raster B8) (Hopper SM_90) ──
  dQ  max_abs=1.953e-03  mean_abs=1.183e-05  max_rel=2.465e+01
  dK  max_abs=3.906e-03  mean_abs=1.853e-05  max_rel=2.012e+01
  dV  max_abs=3.125e-02  mean_abs=5.487e-05  max_rel=2.818e+01
  dQ: [32mValues match!
[0m  dK: [32mValues match!
[0m  dV: [32mValues match!
[0m
=== Latency  (B=8 Hq=24 Hkv=8 S=4096 D=128, GQA G=3, bf16, causal) ===

----------------------------------------------------------
Benchmark: GQA bwd V43 Br=64, Bc=64  TMA-reduce dQ  (Hopper SM_90)
----------------------------------------------------------
Average Time:     11.0213 ms
Median Time:      11.0308 ms
Std Dev:           0.1210 ms
Min Time:         10.5071 ms
Max Time:         11.2386 ms
Performance:     598.5769 TFLOPS
----------------------------------------------------------

----------------------------------------------------------
Benchmark: GQA bwd V44 Br=64, Bc=64  swizzled TMA-reduce dQ  (Hopper SM_90)
----------------------------------------------------------
Average Time:     10.9156 ms
Median Time:      10.8934 ms
Std Dev:           0.2387 ms
Min Time:         10.4100 ms
Max Time:         11.6299 ms
Performance:     604.3713 TFLOPS
----------------------------------------------------------

----------------------------------------------------------
Benchmark: GQA bwd Vz2 wgmma tensor cores  (Hopper SM_90)
----------------------------------------------------------
Average Time:      5.6613 ms
Median Time:       5.7333 ms
Std Dev:           0.1477 ms
Min Time:          5.3709 ms
Max Time:          5.8531 ms
Performance:    1165.2892 TFLOPS
----------------------------------------------------------

----------------------------------------------------------
Benchmark: GQA bwd Vj1 clone of Vz2 + levers  (Hopper SM_90)
----------------------------------------------------------
Average Time:      5.5049 ms
Median Time:       5.5031 ms
Std Dev:           0.0815 ms
Min Time:          5.2468 ms
Max Time:          5.6615 ms
Performance:    1198.3934 TFLOPS
----------------------------------------------------------

----------------------------------------------------------
Benchmark: GQA bwd V45 Br=64, Bc=64  adaptive raster (default<=B4, raster B8)  (Hopper SM_90)
----------------------------------------------------------
Average Time:      6.2164 ms
Median Time:       6.1444 ms
Std Dev:           0.1395 ms
Min Time:          6.1333 ms
Max Time:          6.6137 ms
Performance:    1061.2338 TFLOPS
----------------------------------------------------------

############################################################
# SHAPE  B=2  Hq=32  Hkv=8  (G=4)  S=4096 D=128
############################################################
=== Precision vs FP64 ground truth  (2x32x4096x128, GQA G=4) ===
  SDPA bf16 (enable_gqa)                    max_abs=3.134e-03  mean_abs=7.362e-04  max_rel=5.570e-03
Saved forward reference data (B=2, Hq=32, Hkv=8, S=4096, D=128) to /root/jeni/Hopper_jeni/data/

=== Backward precision vs FP64 ground truth ===
  dQ SDPA bf16                              max_abs=2.843e-03  mean_abs=3.604e-04  max_rel=2.335e+02
  dK SDPA bf16                              max_abs=4.936e-03  mean_abs=2.767e-05  max_rel=9.825e+01
  dV SDPA bf16                              max_abs=2.929e-02  mean_abs=1.104e-04  max_rel=2.676e+02
Saved backward reference data to /root/jeni/Hopper_jeni/data/

Triton vs SDPA bf16   max_abs=5.039e-01  mean_abs=5.665e-03

=== Latency  (2x32x4096x128, GQA G=4, bf16) ===
Kernel                      median ms     p5 ms    p95 ms     TFLOP/s
---------------------------------------------------------------------
SDPA bf16 (enable_gqa)         0.4756    0.4547    0.4823     1156.00
SDPA bf16 (compiled)           0.4791    0.4742    0.4845     1147.54
Triton flash (GQA)             1.7597    1.7547    1.7751      312.42

=== Backward precision (Triton flash vs SDPA bf16) ===
  dQ Triton flash vs SDPA                   max_abs=1.953e-03  mean_abs=9.644e-06  max_rel=5.401e+01
  dK Triton flash vs SDPA                   max_abs=3.906e-03  mean_abs=1.848e-05  max_rel=1.213e+02
  dV Triton flash vs SDPA                   max_abs=3.125e-02  mean_abs=6.345e-05  max_rel=2.487e+02

=== Backward latency  (2x32x4096x128, GQA G=4, bf16) ===
Kernel                      median ms     p5 ms    p95 ms     TFLOP/s
---------------------------------------------------------------------
SDPA bwd (enable_gqa)          1.8802    1.8757    1.9385     1169.54
SDPA bwd (compiled)            1.8815    1.8768    2.2722     1168.78
Triton flash bwd (GQA)         3.8851    3.8779    3.8892      566.01
GQA Backward — precision test  [Hopper SM_90 / H200]
Prerequisite: python precision/baseline_gqa.py

  shape: B=2 Hq=32 Hkv=8 (G=4)

Loaded PyTorch reference from data/gqa_*.bin

── V43 Br=64 Bc=64 TMA-reduce dQ (Hopper SM_90) ──
  dQ  max_abs=1.953e-03  mean_abs=1.183e-05  max_rel=3.281e+01
  dK  max_abs=3.906e-03  mean_abs=2.138e-05  max_rel=3.575e+01
  dV  max_abs=3.125e-02  mean_abs=6.380e-05  max_rel=2.025e+01
  dQ: [32mValues match!
[0m  dK: [32mValues match!
[0m  dV: [32mValues match!
[0m
── V44 Br=64 Bc=64 swizzled TMA-reduce dQ (Hopper SM_90) ──
  dQ  max_abs=1.953e-03  mean_abs=1.183e-05  max_rel=3.281e+01
  dK  max_abs=3.906e-03  mean_abs=2.138e-05  max_rel=3.575e+01
  dV  max_abs=3.125e-02  mean_abs=6.380e-05  max_rel=2.025e+01
  dQ: [32mValues match!
[0m  dK: [32mValues match!
[0m  dV: [32mValues match!
[0m
── Vz2 wgmma tensor cores (Hopper SM_90) ──
  dQ  max_abs=1.953e-03  mean_abs=1.183e-05  max_rel=3.281e+01
  dK  max_abs=3.906e-03  mean_abs=2.138e-05  max_rel=3.575e+01
  dV  max_abs=3.125e-02  mean_abs=6.380e-05  max_rel=2.025e+01
  dQ: [32mValues match!
[0m  dK: [32mValues match!
[0m  dV: [32mValues match!
[0m
── Vj1 clone of Vz2 + levers (Hopper SM_90) ──
  dQ  max_abs=1.953e-03  mean_abs=1.183e-05  max_rel=3.281e+01
  dK  max_abs=3.906e-03  mean_abs=2.246e-05  max_rel=3.850e+01
  dV  max_abs=7.812e-03  mean_abs=1.991e-06  max_rel=8.000e+00
  dQ: [32mValues match!
[0m  dK: [32mValues match!
[0m  dV: [32mValues match!
[0m
── V45 Br=64 Bc=64 adaptive raster (default<=B4, raster B8) (Hopper SM_90) ──
  dQ  max_abs=1.953e-03  mean_abs=1.183e-05  max_rel=3.281e+01
  dK  max_abs=3.906e-03  mean_abs=2.138e-05  max_rel=3.575e+01
  dV  max_abs=3.125e-02  mean_abs=6.380e-05  max_rel=2.025e+01
  dQ: [32mValues match!
[0m  dK: [32mValues match!
[0m  dV: [32mValues match!
[0m
=== Latency  (B=2 Hq=32 Hkv=8 S=4096 D=128, GQA G=4, bf16, causal) ===

----------------------------------------------------------
Benchmark: GQA bwd V43 Br=64, Bc=64  TMA-reduce dQ  (Hopper SM_90)
----------------------------------------------------------
Average Time:      2.2596 ms
Median Time:       2.2596 ms
Std Dev:           0.0017 ms
Min Time:          2.2560 ms
Max Time:          2.2637 ms
Performance:     973.1877 TFLOPS
----------------------------------------------------------

----------------------------------------------------------
Benchmark: GQA bwd V44 Br=64, Bc=64  swizzled TMA-reduce dQ  (Hopper SM_90)
----------------------------------------------------------
Average Time:      2.0115 ms
Median Time:       2.0141 ms
Std Dev:           0.0195 ms
Min Time:          1.9649 ms
Max Time:          2.0363 ms
Performance:    1093.2426 TFLOPS
----------------------------------------------------------

----------------------------------------------------------
Benchmark: GQA bwd Vz2 wgmma tensor cores  (Hopper SM_90)
----------------------------------------------------------
Average Time:      2.0672 ms
Median Time:       2.0684 ms
Std Dev:           0.0285 ms
Min Time:          1.9878 ms
Max Time:          2.1277 ms
Performance:    1063.7917 TFLOPS
----------------------------------------------------------

----------------------------------------------------------
Benchmark: GQA bwd Vj1 clone of Vz2 + levers  (Hopper SM_90)
----------------------------------------------------------
Average Time:      1.8517 ms
Median Time:       1.8533 ms
Std Dev:           0.0138 ms
Min Time:          1.8035 ms
Max Time:          1.8799 ms
Performance:    1187.5750 TFLOPS
----------------------------------------------------------

----------------------------------------------------------
Benchmark: GQA bwd V45 Br=64, Bc=64  adaptive raster (default<=B4, raster B8)  (Hopper SM_90)
----------------------------------------------------------
Average Time:      2.2218 ms
Median Time:       2.2212 ms
Std Dev:           0.0048 ms
Min Time:          2.2137 ms
Max Time:          2.2451 ms
Performance:     989.7569 TFLOPS
----------------------------------------------------------

############################################################
# SHAPE  B=4  Hq=32  Hkv=8  (G=4)  S=4096 D=128
############################################################
=== Precision vs FP64 ground truth  (4x32x4096x128, GQA G=4) ===
  SDPA bf16 (enable_gqa)                    max_abs=3.018e-03  mean_abs=7.304e-04  max_rel=6.053e-03
Saved forward reference data (B=4, Hq=32, Hkv=8, S=4096, D=128) to /root/jeni/Hopper_jeni/data/

=== Backward precision vs FP64 ground truth ===
  dQ SDPA bf16                              max_abs=2.521e-03  mean_abs=3.567e-04  max_rel=2.060e+02
  dK SDPA bf16                              max_abs=5.085e-03  mean_abs=2.733e-05  max_rel=7.292e+01
  dV SDPA bf16                              max_abs=3.461e-02  mean_abs=1.100e-04  max_rel=1.469e+02
Saved backward reference data to /root/jeni/Hopper_jeni/data/

Triton vs SDPA bf16   max_abs=5.039e-01  mean_abs=5.682e-03

=== Latency  (4x32x4096x128, GQA G=4, bf16) ===
Kernel                      median ms     p5 ms    p95 ms     TFLOP/s
---------------------------------------------------------------------
SDPA bf16 (enable_gqa)         0.9304    0.8655    0.9452     1181.76
SDPA bf16 (compiled)           0.9412    0.9335    0.9459     1168.14
Triton flash (GQA)             3.4691    3.4645    3.5047      316.94

=== Backward precision (Triton flash vs SDPA bf16) ===
  dQ Triton flash vs SDPA                   max_abs=1.953e-03  mean_abs=9.636e-06  max_rel=6.142e+01
  dK Triton flash vs SDPA                   max_abs=3.906e-03  mean_abs=1.841e-05  max_rel=7.095e+01
  dV Triton flash vs SDPA                   max_abs=6.250e-02  mean_abs=6.355e-05  max_rel=5.432e+02

=== Backward latency  (4x32x4096x128, GQA G=4, bf16) ===
Kernel                      median ms     p5 ms    p95 ms     TFLOP/s
---------------------------------------------------------------------
SDPA bwd (enable_gqa)          3.8140    3.7748    3.8993     1153.15
SDPA bwd (compiled)            3.8355    3.6161    3.8997     1146.68
Triton flash bwd (GQA)         7.4692    7.4640    7.5140      588.83
GQA Backward — precision test  [Hopper SM_90 / H200]
Prerequisite: python precision/baseline_gqa.py

  shape: B=4 Hq=32 Hkv=8 (G=4)

Loaded PyTorch reference from data/gqa_*.bin

── V43 Br=64 Bc=64 TMA-reduce dQ (Hopper SM_90) ──
  dQ  max_abs=1.953e-03  mean_abs=1.183e-05  max_rel=3.062e+01
  dK  max_abs=3.906e-03  mean_abs=2.133e-05  max_rel=2.167e+01
  dV  max_abs=3.125e-02  mean_abs=6.380e-05  max_rel=1.018e+02
  dQ: [32mValues match!
[0m  dK: [32mValues match!
[0m  dV: [32mValues match!
[0m
── V44 Br=64 Bc=64 swizzled TMA-reduce dQ (Hopper SM_90) ──
  dQ  max_abs=1.953e-03  mean_abs=1.183e-05  max_rel=3.062e+01
  dK  max_abs=3.906e-03  mean_abs=2.133e-05  max_rel=2.167e+01
  dV  max_abs=3.125e-02  mean_abs=6.380e-05  max_rel=1.018e+02
  dQ: [32mValues match!
[0m  dK: [32mValues match!
[0m  dV: [32mValues match!
[0m
── Vz2 wgmma tensor cores (Hopper SM_90) ──
  dQ  max_abs=1.953e-03  mean_abs=1.183e-05  max_rel=3.062e+01
  dK  max_abs=3.906e-03  mean_abs=2.133e-05  max_rel=2.167e+01
  dV  max_abs=3.125e-02  mean_abs=6.380e-05  max_rel=1.018e+02
  dQ: [32mValues match!
[0m  dK: [32mValues match!
[0m  dV: [32mValues match!
[0m
── Vj1 clone of Vz2 + levers (Hopper SM_90) ──
  dQ  max_abs=1.953e-03  mean_abs=1.183e-05  max_rel=3.062e+01
  dK  max_abs=3.906e-03  mean_abs=2.244e-05  max_rel=4.067e+01
  dV  max_abs=1.562e-02  mean_abs=2.022e-06  max_rel=1.800e+01
  dQ: [32mValues match!
[0m  dK: [32mValues match!
[0m  dV: [32mValues match!
[0m
── V45 Br=64 Bc=64 adaptive raster (default<=B4, raster B8) (Hopper SM_90) ──
  dQ  max_abs=1.953e-03  mean_abs=1.183e-05  max_rel=3.062e+01
  dK  max_abs=3.906e-03  mean_abs=2.133e-05  max_rel=2.167e+01
  dV  max_abs=3.125e-02  mean_abs=6.380e-05  max_rel=1.018e+02
  dQ: [32mValues match!
[0m  dK: [32mValues match!
[0m  dV: [32mValues match!
[0m
=== Latency  (B=4 Hq=32 Hkv=8 S=4096 D=128, GQA G=4, bf16, causal) ===

----------------------------------------------------------
Benchmark: GQA bwd V43 Br=64, Bc=64  TMA-reduce dQ  (Hopper SM_90)
----------------------------------------------------------
Average Time:      4.5100 ms
Median Time:       4.5190 ms
Std Dev:           0.0181 ms
Min Time:          4.4820 ms
Max Time:          4.5314 ms
Performance:     975.1766 TFLOPS
----------------------------------------------------------

----------------------------------------------------------
Benchmark: GQA bwd V44 Br=64, Bc=64  swizzled TMA-reduce dQ  (Hopper SM_90)
----------------------------------------------------------
Average Time:      5.4253 ms
Median Time:       5.6084 ms
Std Dev:           0.6130 ms
Min Time:          3.9970 ms
Max Time:          6.5747 ms
Performance:     810.6592 TFLOPS
----------------------------------------------------------

----------------------------------------------------------
Benchmark: GQA bwd Vz2 wgmma tensor cores  (Hopper SM_90)
----------------------------------------------------------
Average Time:      3.8306 ms
Median Time:       3.8347 ms
Std Dev:           0.0585 ms
Min Time:          3.6917 ms
Max Time:          3.9597 ms
Performance:    1148.1316 TFLOPS
----------------------------------------------------------

----------------------------------------------------------
Benchmark: GQA bwd Vj1 clone of Vz2 + levers  (Hopper SM_90)
----------------------------------------------------------
Average Time:      3.7977 ms
Median Time:       3.7938 ms
Std Dev:           0.1370 ms
Min Time:          3.5561 ms
Max Time:          4.3743 ms
Performance:    1158.0845 TFLOPS
----------------------------------------------------------

----------------------------------------------------------
Benchmark: GQA bwd V45 Br=64, Bc=64  adaptive raster (default<=B4, raster B8)  (Hopper SM_90)
----------------------------------------------------------
Average Time:      4.1944 ms
Median Time:       4.1977 ms
Std Dev:           0.0151 ms
Min Time:          4.1622 ms
Max Time:          4.2356 ms
Performance:    1048.5593 TFLOPS
----------------------------------------------------------

############################################################
# SHAPE  B=8  Hq=32  Hkv=8  (G=4)  S=4096 D=128
############################################################
=== Precision vs FP64 ground truth  (8x32x4096x128, GQA G=4) ===
  SDPA bf16 (enable_gqa)                    max_abs=3.114e-03  mean_abs=7.333e-04  max_rel=6.027e-03
Saved forward reference data (B=8, Hq=32, Hkv=8, S=4096, D=128) to /root/jeni/Hopper_jeni/data/

=== Backward precision vs FP64 ground truth ===
  dQ SDPA bf16                              max_abs=3.325e-03  mean_abs=3.580e-04  max_rel=2.884e+02
  dK SDPA bf16                              max_abs=5.476e-03  mean_abs=2.741e-05  max_rel=7.639e+01
  dV SDPA bf16                              max_abs=3.531e-02  mean_abs=1.098e-04  max_rel=1.835e+02
Saved backward reference data to /root/jeni/Hopper_jeni/data/

Triton vs SDPA bf16   max_abs=5.078e-01  mean_abs=5.636e-03

=== Latency  (8x32x4096x128, GQA G=4, bf16) ===
Kernel                      median ms     p5 ms    p95 ms     TFLOP/s
---------------------------------------------------------------------
SDPA bf16 (enable_gqa)         1.8475    1.7928    1.8756     1190.26
SDPA bf16 (compiled)           1.8492    1.8282    1.8709     1189.19
Triton flash (GQA)             6.8503    6.8473    6.8542      321.01

=== Backward precision (Triton flash vs SDPA bf16) ===
  dQ Triton flash vs SDPA                   max_abs=1.953e-03  mean_abs=9.656e-06  max_rel=7.133e+01
  dK Triton flash vs SDPA                   max_abs=3.906e-03  mean_abs=1.846e-05  max_rel=9.613e+01
  dV Triton flash vs SDPA                   max_abs=6.250e-02  mean_abs=6.359e-05  max_rel=1.202e+03

=== Backward latency  (8x32x4096x128, GQA G=4, bf16) ===
Kernel                      median ms     p5 ms    p95 ms     TFLOP/s
---------------------------------------------------------------------
SDPA bwd (enable_gqa)          7.6857    7.6234    7.7587     1144.48
SDPA bwd (compiled)            7.7505    7.6448    7.7807     1134.91
Triton flash bwd (GQA)        14.5933   14.5809   14.5978      602.75
GQA Backward — precision test  [Hopper SM_90 / H200]
Prerequisite: python precision/baseline_gqa.py

  shape: B=8 Hq=32 Hkv=8 (G=4)

Loaded PyTorch reference from data/gqa_*.bin

── V43 Br=64 Bc=64 TMA-reduce dQ (Hopper SM_90) ──
  dQ  max_abs=1.465e-03  mean_abs=1.184e-05  max_rel=3.168e+01
  dK  max_abs=3.906e-03  mean_abs=2.141e-05  max_rel=5.133e+01
  dV  max_abs=6.250e-02  mean_abs=6.364e-05  max_rel=2.638e+01
  dQ: [32mValues match!
[0m  dK: [32mValues match!
[0m  dV: [32mValues match!
[0m
── V44 Br=64 Bc=64 swizzled TMA-reduce dQ (Hopper SM_90) ──
  dQ  max_abs=1.465e-03  mean_abs=1.184e-05  max_rel=3.168e+01
  dK  max_abs=3.906e-03  mean_abs=2.141e-05  max_rel=5.133e+01
  dV  max_abs=6.250e-02  mean_abs=6.364e-05  max_rel=2.638e+01
  dQ: [32mValues match!
[0m  dK: [32mValues match!
[0m  dV: [32mValues match!
[0m
── Vz2 wgmma tensor cores (Hopper SM_90) ──
  dQ  max_abs=1.465e-03  mean_abs=1.184e-05  max_rel=3.168e+01
  dK  max_abs=3.906e-03  mean_abs=2.141e-05  max_rel=5.133e+01
  dV  max_abs=6.250e-02  mean_abs=6.364e-05  max_rel=2.638e+01
  dQ: [32mValues match!
[0m  dK: [32mValues match!
[0m  dV: [32mValues match!
[0m
── Vj1 clone of Vz2 + levers (Hopper SM_90) ──
  dQ  max_abs=1.465e-03  mean_abs=1.184e-05  max_rel=3.168e+01
  dK  max_abs=5.859e-03  mean_abs=2.252e-05  max_rel=6.400e+01
  dV  max_abs=3.125e-02  mean_abs=1.999e-06  max_rel=1.600e+01
  dQ: [32mValues match!
[0m  dK: [32mValues match!
[0m  dV: [32mValues match!
[0m
── V45 Br=64 Bc=64 adaptive raster (default<=B4, raster B8) (Hopper SM_90) ──
  dQ  max_abs=1.465e-03  mean_abs=1.184e-05  max_rel=3.168e+01
  dK  max_abs=3.906e-03  mean_abs=2.141e-05  max_rel=5.133e+01
  dV  max_abs=6.250e-02  mean_abs=6.364e-05  max_rel=2.638e+01
  dQ: [32mValues match!
[0m  dK: [32mValues match!
[0m  dV: [32mValues match!
[0m
=== Latency  (B=8 Hq=32 Hkv=8 S=4096 D=128, GQA G=4, bf16, causal) ===

----------------------------------------------------------
Benchmark: GQA bwd V43 Br=64, Bc=64  TMA-reduce dQ  (Hopper SM_90)
----------------------------------------------------------
Average Time:     14.9466 ms
Median Time:      14.9483 ms
Std Dev:           0.0757 ms
Min Time:         14.7277 ms
Max Time:         15.1345 ms
Performance:     588.5005 TFLOPS
----------------------------------------------------------

----------------------------------------------------------
Benchmark: GQA bwd V44 Br=64, Bc=64  swizzled TMA-reduce dQ  (Hopper SM_90)
----------------------------------------------------------
Average Time:     15.0026 ms
Median Time:      14.9920 ms
Std Dev:           0.2622 ms
Min Time:         14.3339 ms
Max Time:         15.5961 ms
Performance:     586.3062 TFLOPS
----------------------------------------------------------

----------------------------------------------------------
Benchmark: GQA bwd Vz2 wgmma tensor cores  (Hopper SM_90)
----------------------------------------------------------
Average Time:      7.5619 ms
Median Time:       7.4418 ms
Std Dev:           0.3604 ms
Min Time:          7.0610 ms
Max Time:          8.5097 ms
Performance:    1163.2182 TFLOPS
----------------------------------------------------------

----------------------------------------------------------
Benchmark: GQA bwd Vj1 clone of Vz2 + levers  (Hopper SM_90)
----------------------------------------------------------
Average Time:      7.4615 ms
Median Time:       7.4979 ms
Std Dev:           0.2348 ms
Min Time:          6.9249 ms
Max Time:          7.7669 ms
Performance:    1178.8600 TFLOPS
----------------------------------------------------------

----------------------------------------------------------
Benchmark: GQA bwd V45 Br=64, Bc=64  adaptive raster (default<=B4, raster B8)  (Hopper SM_90)
----------------------------------------------------------
Average Time:      8.3967 ms
Median Time:       8.2785 ms
Std Dev:           0.3074 ms
Min Time:          8.1441 ms
Max Time:          9.4780 ms
Performance:    1047.5707 TFLOPS
----------------------------------------------------------
