
############################################################
# SHAPE  B=2  Hq=12  Hkv=4  (G=3)  S=4096 D=128
############################################################
=== Precision vs FP64 ground truth  (2x12x4096x128, GQA G=3) ===
  SDPA bf16 (enable_gqa)                    max_abs=2.888e-03  mean_abs=7.245e-04  max_rel=5.419e-03
Saved forward reference data (B=2, Hq=12, Hkv=4, S=4096, D=128) to /root/jeni/Hopper_jeni/data/

=== Backward precision vs FP64 ground truth ===
  dQ SDPA bf16                              max_abs=2.638e-03  mean_abs=3.538e-04  max_rel=1.904e+02
  dK SDPA bf16                              max_abs=2.888e-03  mean_abs=2.372e-05  max_rel=3.435e+01
  dV SDPA bf16                              max_abs=2.748e-02  mean_abs=9.435e-05  max_rel=7.400e+01
Saved backward reference data to /root/jeni/Hopper_jeni/data/

Triton vs SDPA bf16   max_abs=5.029e-01  mean_abs=5.701e-03

=== Latency  (2x12x4096x128, GQA G=3, bf16) ===
Kernel                      median ms     p5 ms    p95 ms     TFLOP/s
---------------------------------------------------------------------
SDPA bf16 (enable_gqa)         0.1990    0.1973    0.2031     1036.10
SDPA bf16 (compiled)           0.1987    0.1969    0.2029     1037.60
Triton flash (GQA)             0.6811    0.6757    0.6854      302.68

=== Backward precision (Triton flash vs SDPA bf16) ===
  dQ Triton flash vs SDPA                   max_abs=1.953e-03  mean_abs=9.641e-06  max_rel=3.300e+01
  dK Triton flash vs SDPA                   max_abs=3.906e-03  mean_abs=1.587e-05  max_rel=4.730e+01
  dV Triton flash vs SDPA                   max_abs=3.125e-02  mean_abs=5.489e-05  max_rel=4.578e+02

=== Backward latency  (2x12x4096x128, GQA G=3, bf16) ===
Kernel                      median ms     p5 ms    p95 ms     TFLOP/s
---------------------------------------------------------------------
SDPA bwd (enable_gqa)          0.8008    0.7986    0.8091     1029.80
SDPA bwd (compiled)            0.8054    0.8034    0.8085     1023.83
Triton flash bwd (GQA)         1.6425    1.6380    1.6488      502.05
GQA Backward — precision test  [Hopper SM_90 / H200]
Prerequisite: python precision/baseline_gqa.py

  shape: B=2 Hq=12 Hkv=4 (G=3)

Loaded PyTorch reference from data/gqa_*.bin

── V43 Br=64 Bc=64 TMA-reduce dQ (Hopper SM_90) ──
  dQ  max_abs=9.766e-04  mean_abs=1.182e-05  max_rel=2.247e+01
  dK  max_abs=3.906e-03  mean_abs=1.858e-05  max_rel=2.062e+01
  dV  max_abs=3.125e-02  mean_abs=5.445e-05  max_rel=1.000e+01
  dQ: [32mValues match!
[0m  dK: [32mValues match!
[0m  dV: [32mValues match!
[0m
── V44 Br=64 Bc=64 swizzled TMA-reduce dQ (Hopper SM_90) ──
  dQ  max_abs=9.766e-04  mean_abs=1.182e-05  max_rel=2.247e+01
  dK  max_abs=3.906e-03  mean_abs=1.858e-05  max_rel=2.062e+01
  dV  max_abs=3.125e-02  mean_abs=5.445e-05  max_rel=1.000e+01
  dQ: [32mValues match!
[0m  dK: [32mValues match!
[0m  dV: [32mValues match!
[0m
── Vz2 wgmma tensor cores (Hopper SM_90) ──
  dQ  max_abs=9.766e-04  mean_abs=1.182e-05  max_rel=2.247e+01
  dK  max_abs=3.906e-03  mean_abs=1.858e-05  max_rel=2.062e+01
  dV  max_abs=3.125e-02  mean_abs=5.445e-05  max_rel=1.000e+01
  dQ: [32mValues match!
[0m  dK: [32mValues match!
[0m  dV: [32mValues match!
[0m
── Vj1 clone of Vz2 + levers (Hopper SM_90) ──
  dQ  max_abs=9.766e-04  mean_abs=1.182e-05  max_rel=2.247e+01
  dK  max_abs=3.906e-03  mean_abs=1.916e-05  max_rel=1.875e+01
  dV  max_abs=7.812e-03  mean_abs=1.469e-06  max_rel=8.000e+00
  dQ: [32mValues match!
[0m  dK: [32mValues match!
[0m  dV: [32mValues match!
[0m
── V45 Br=64 Bc=64 adaptive raster (default<=B4, raster B8) (Hopper SM_90) ──
  dQ  max_abs=9.766e-04  mean_abs=1.182e-05  max_rel=2.247e+01
  dK  max_abs=3.906e-03  mean_abs=1.858e-05  max_rel=2.062e+01
  dV  max_abs=3.125e-02  mean_abs=5.445e-05  max_rel=1.000e+01
  dQ: [32mValues match!
[0m  dK: [32mValues match!
[0m  dV: [32mValues match!
[0m
=== Latency  (B=2 Hq=12 Hkv=4 S=4096 D=128, GQA G=3, bf16, causal) ===

----------------------------------------------------------
Benchmark: GQA bwd V43 Br=64, Bc=64  TMA-reduce dQ  (Hopper SM_90)
----------------------------------------------------------
Average Time:      0.8642 ms
Median Time:       0.8643 ms
Std Dev:           0.0010 ms
Min Time:          0.8618 ms
Max Time:          0.8663 ms
Performance:     954.2114 TFLOPS
----------------------------------------------------------

----------------------------------------------------------
Benchmark: GQA bwd V44 Br=64, Bc=64  swizzled TMA-reduce dQ  (Hopper SM_90)
----------------------------------------------------------
Average Time:      0.7427 ms
Median Time:       0.7425 ms
Std Dev:           0.0007 ms
Min Time:          0.7411 ms
Max Time:          0.7452 ms
Performance:    1110.2894 TFLOPS
----------------------------------------------------------

----------------------------------------------------------
Benchmark: GQA bwd Vz2 wgmma tensor cores  (Hopper SM_90)
----------------------------------------------------------
Average Time:      0.9378 ms
Median Time:       0.9368 ms
Std Dev:           0.0135 ms
Min Time:          0.8875 ms
Max Time:          0.9735 ms
Performance:     879.3014 TFLOPS
----------------------------------------------------------

----------------------------------------------------------
Benchmark: GQA bwd Vj1 clone of Vz2 + levers  (Hopper SM_90)
----------------------------------------------------------
Average Time:      0.7613 ms
Median Time:       0.7612 ms
Std Dev:           0.0083 ms
Min Time:          0.7440 ms
Max Time:          0.7845 ms
Performance:    1083.1556 TFLOPS
----------------------------------------------------------

----------------------------------------------------------
Benchmark: GQA bwd V45 Br=64, Bc=64  adaptive raster (default<=B4, raster B8)  (Hopper SM_90)
----------------------------------------------------------
Average Time:      0.7633 ms
Median Time:       0.7634 ms
Std Dev:           0.0008 ms
Min Time:          0.7609 ms
Max Time:          0.7649 ms
Performance:    1080.3839 TFLOPS
----------------------------------------------------------

############################################################
# SHAPE  B=4  Hq=12  Hkv=4  (G=3)  S=4096 D=128
############################################################
=== Precision vs FP64 ground truth  (4x12x4096x128, GQA G=3) ===
  SDPA bf16 (enable_gqa)                    max_abs=3.169e-03  mean_abs=7.379e-04  max_rel=5.601e-03
Saved forward reference data (B=4, Hq=12, Hkv=4, S=4096, D=128) to /root/jeni/Hopper_jeni/data/

=== Backward precision vs FP64 ground truth ===
  dQ SDPA bf16                              max_abs=2.849e-03  mean_abs=3.607e-04  max_rel=2.160e+02
  dK SDPA bf16                              max_abs=4.119e-03  mean_abs=2.351e-05  max_rel=9.926e+01
  dV SDPA bf16                              max_abs=3.559e-02  mean_abs=9.463e-05  max_rel=1.473e+02
Saved backward reference data to /root/jeni/Hopper_jeni/data/

Triton vs SDPA bf16   max_abs=5.090e-01  mean_abs=5.671e-03

=== Latency  (4x12x4096x128, GQA G=3, bf16) ===
Kernel                      median ms     p5 ms    p95 ms     TFLOP/s
---------------------------------------------------------------------
SDPA bf16 (enable_gqa)         0.3623    0.3542    0.3688     1138.04
SDPA bf16 (compiled)           0.3556    0.3531    0.3598     1159.44
Triton flash (GQA)             1.3515    1.3471    1.3624      305.08

=== Backward precision (Triton flash vs SDPA bf16) ===
  dQ Triton flash vs SDPA                   max_abs=1.221e-03  mean_abs=9.644e-06  max_rel=1.221e+02
  dK Triton flash vs SDPA                   max_abs=3.906e-03  mean_abs=1.600e-05  max_rel=6.866e+01
  dV Triton flash vs SDPA                   max_abs=3.125e-02  mean_abs=5.488e-05  max_rel=1.450e+02

=== Backward latency  (4x12x4096x128, GQA G=3, bf16) ===
Kernel                      median ms     p5 ms    p95 ms     TFLOP/s
---------------------------------------------------------------------
SDPA bwd (enable_gqa)          1.5028    1.4528    1.5077     1097.45
SDPA bwd (compiled)            1.4625    1.4596    1.5170     1127.71
Triton flash bwd (GQA)         2.9761    2.9696    2.9948      554.17
GQA Backward — precision test  [Hopper SM_90 / H200]
Prerequisite: python precision/baseline_gqa.py

  shape: B=4 Hq=12 Hkv=4 (G=3)

Loaded PyTorch reference from data/gqa_*.bin

── V43 Br=64 Bc=64 TMA-reduce dQ (Hopper SM_90) ──
  dQ  max_abs=1.953e-03  mean_abs=1.188e-05  max_rel=3.332e+01
  dK  max_abs=3.906e-03  mean_abs=1.849e-05  max_rel=2.125e+01
  dV  max_abs=3.125e-02  mean_abs=5.476e-05  max_rel=3.520e+01
  dQ: [32mValues match!
[0m  dK: [32mValues match!
[0m  dV: [32mValues match!
[0m
── V44 Br=64 Bc=64 swizzled TMA-reduce dQ (Hopper SM_90) ──
  dQ  max_abs=1.953e-03  mean_abs=1.188e-05  max_rel=3.332e+01
  dK  max_abs=3.906e-03  mean_abs=1.849e-05  max_rel=2.125e+01
  dV  max_abs=3.125e-02  mean_abs=5.476e-05  max_rel=3.520e+01
  dQ: [32mValues match!
[0m  dK: [32mValues match!
[0m  dV: [32mValues match!
[0m
── Vz2 wgmma tensor cores (Hopper SM_90) ──
  dQ  max_abs=1.953e-03  mean_abs=1.188e-05  max_rel=3.332e+01
  dK  max_abs=3.906e-03  mean_abs=1.849e-05  max_rel=2.125e+01
  dV  max_abs=3.125e-02  mean_abs=5.476e-05  max_rel=3.520e+01
  dQ: [32mValues match!
[0m  dK: [32mValues match!
[0m  dV: [32mValues match!
[0m
── Vj1 clone of Vz2 + levers (Hopper SM_90) ──
  dQ  max_abs=1.953e-03  mean_abs=1.188e-05  max_rel=3.332e+01
  dK  max_abs=3.906e-03  mean_abs=1.906e-05  max_rel=2.750e+01
  dV  max_abs=7.812e-03  mean_abs=1.489e-06  max_rel=1.067e+01
  dQ: [32mValues match!
[0m  dK: [32mValues match!
[0m  dV: [32mValues match!
[0m
── V45 Br=64 Bc=64 adaptive raster (default<=B4, raster B8) (Hopper SM_90) ──
  dQ  max_abs=1.953e-03  mean_abs=1.188e-05  max_rel=3.332e+01
  dK  max_abs=3.906e-03  mean_abs=1.849e-05  max_rel=2.125e+01
  dV  max_abs=3.125e-02  mean_abs=5.476e-05  max_rel=3.520e+01
  dQ: [32mValues match!
[0m  dK: [32mValues match!
[0m  dV: [32mValues match!
[0m
=== Latency  (B=4 Hq=12 Hkv=4 S=4096 D=128, GQA G=3, bf16, causal) ===

----------------------------------------------------------
Benchmark: GQA bwd V43 Br=64, Bc=64  TMA-reduce dQ  (Hopper SM_90)
----------------------------------------------------------
Average Time:      1.7150 ms
Median Time:       1.7151 ms
Std Dev:           0.0020 ms
Min Time:          1.7115 ms
Max Time:          1.7185 ms
Performance:     961.6460 TFLOPS
----------------------------------------------------------

----------------------------------------------------------
Benchmark: GQA bwd V44 Br=64, Bc=64  swizzled TMA-reduce dQ  (Hopper SM_90)
----------------------------------------------------------
Average Time:      1.5003 ms
Median Time:       1.5046 ms
Std Dev:           0.0188 ms
Min Time:          1.4683 ms
Max Time:          1.5292 ms
Performance:    1099.2964 TFLOPS
----------------------------------------------------------

----------------------------------------------------------
Benchmark: GQA bwd Vz2 wgmma tensor cores  (Hopper SM_90)
----------------------------------------------------------
Average Time:      1.5579 ms
Median Time:       1.5583 ms
Std Dev:           0.0263 ms
Min Time:          1.5045 ms
Max Time:          1.6154 ms
Performance:    1058.6385 TFLOPS
----------------------------------------------------------

----------------------------------------------------------
Benchmark: GQA bwd Vj1 clone of Vz2 + levers  (Hopper SM_90)
----------------------------------------------------------
Average Time:      1.4076 ms
Median Time:       1.4076 ms
Std Dev:           0.0086 ms
Min Time:          1.3839 ms
Max Time:          1.4253 ms
Performance:    1171.6790 TFLOPS
----------------------------------------------------------

----------------------------------------------------------
Benchmark: GQA bwd V45 Br=64, Bc=64  adaptive raster (default<=B4, raster B8)  (Hopper SM_90)
----------------------------------------------------------
Average Time:      1.5460 ms
Median Time:       1.5500 ms
Std Dev:           0.0252 ms
Min Time:          1.5113 ms
Max Time:          1.5746 ms
Performance:    1066.7971 TFLOPS
----------------------------------------------------------

############################################################
# SHAPE  B=8  Hq=12  Hkv=4  (G=3)  S=4096 D=128
############################################################
=== Precision vs FP64 ground truth  (8x12x4096x128, GQA G=3) ===
  SDPA bf16 (enable_gqa)                    max_abs=3.274e-03  mean_abs=7.343e-04  max_rel=5.817e-03
Saved forward reference data (B=8, Hq=12, Hkv=4, S=4096, D=128) to /root/jeni/Hopper_jeni/data/

=== Backward precision vs FP64 ground truth ===
  dQ SDPA bf16                              max_abs=2.919e-03  mean_abs=3.595e-04  max_rel=1.971e+02
  dK SDPA bf16                              max_abs=4.025e-03  mean_abs=2.368e-05  max_rel=4.152e+01
  dV SDPA bf16                              max_abs=2.831e-02  mean_abs=9.493e-05  max_rel=9.863e+01
Saved backward reference data to /root/jeni/Hopper_jeni/data/

Triton vs SDPA bf16   max_abs=5.117e-01  mean_abs=5.605e-03

=== Latency  (8x12x4096x128, GQA G=3, bf16) ===
Kernel                      median ms     p5 ms    p95 ms     TFLOP/s
---------------------------------------------------------------------
SDPA bf16 (enable_gqa)         0.7195    0.6830    0.7262     1146.06
SDPA bf16 (compiled)           0.7156    0.6960    0.7190     1152.39
Triton flash (GQA)             2.6445    2.6397    2.6637      311.83

=== Backward precision (Triton flash vs SDPA bf16) ===
  dQ Triton flash vs SDPA                   max_abs=1.953e-03  mean_abs=9.653e-06  max_rel=5.569e+01
  dK Triton flash vs SDPA                   max_abs=3.906e-03  mean_abs=1.601e-05  max_rel=5.608e+01
  dV Triton flash vs SDPA                   max_abs=3.125e-02  mean_abs=5.487e-05  max_rel=7.538e+02

=== Backward latency  (8x12x4096x128, GQA G=3, bf16) ===
Kernel                      median ms     p5 ms    p95 ms     TFLOP/s
---------------------------------------------------------------------
SDPA bwd (enable_gqa)          2.7637    2.7604    2.7673     1193.53
SDPA bwd (compiled)            2.8997    2.7716    2.9668     1137.56
Triton flash bwd (GQA)         5.6559    5.6521    5.7305      583.20
GQA Backward — precision test  [Hopper SM_90 / H200]
Prerequisite: python precision/baseline_gqa.py

  shape: B=8 Hq=12 Hkv=4 (G=3)

Loaded PyTorch reference from data/gqa_*.bin

── V43 Br=64 Bc=64 TMA-reduce dQ (Hopper SM_90) ──
  dQ  max_abs=1.953e-03  mean_abs=1.185e-05  max_rel=3.991e+01
  dK  max_abs=3.906e-03  mean_abs=1.860e-05  max_rel=2.583e+01
  dV  max_abs=3.125e-02  mean_abs=5.508e-05  max_rel=2.008e+01
  dQ: [32mValues match!
[0m  dK: [32mValues match!
[0m  dV: [32mValues match!
[0m
── V44 Br=64 Bc=64 swizzled TMA-reduce dQ (Hopper SM_90) ──
  dQ  max_abs=1.953e-03  mean_abs=1.185e-05  max_rel=3.991e+01
  dK  max_abs=3.906e-03  mean_abs=1.860e-05  max_rel=2.583e+01
  dV  max_abs=3.125e-02  mean_abs=5.508e-05  max_rel=2.008e+01
  dQ: [32mValues match!
[0m  dK: [32mValues match!
[0m  dV: [32mValues match!
[0m
── Vz2 wgmma tensor cores (Hopper SM_90) ──
  dQ  max_abs=1.953e-03  mean_abs=1.185e-05  max_rel=3.991e+01
  dK  max_abs=3.906e-03  mean_abs=1.860e-05  max_rel=2.583e+01
  dV  max_abs=3.125e-02  mean_abs=5.508e-05  max_rel=2.008e+01
  dQ: [32mValues match!
[0m  dK: [32mValues match!
[0m  dV: [32mValues match!
[0m
── Vj1 clone of Vz2 + levers (Hopper SM_90) ──
  dQ  max_abs=1.953e-03  mean_abs=1.185e-05  max_rel=3.991e+01
  dK  max_abs=7.812e-03  mean_abs=1.919e-05  max_rel=2.600e+01
  dV  max_abs=7.812e-03  mean_abs=1.486e-06  max_rel=1.625e+01
  dQ: [32mValues match!
[0m  dK: [32mValues match!
[0m  dV: [32mValues match!
[0m
── V45 Br=64 Bc=64 adaptive raster (default<=B4, raster B8) (Hopper SM_90) ──
  dQ  max_abs=1.953e-03  mean_abs=1.185e-05  max_rel=3.991e+01
  dK  max_abs=3.906e-03  mean_abs=1.860e-05  max_rel=2.583e+01
  dV  max_abs=3.125e-02  mean_abs=5.508e-05  max_rel=2.008e+01
  dQ: [32mValues match!
[0m  dK: [32mValues match!
[0m  dV: [32mValues match!
[0m
=== Latency  (B=8 Hq=12 Hkv=4 S=4096 D=128, GQA G=3, bf16, causal) ===

----------------------------------------------------------
Benchmark: GQA bwd V43 Br=64, Bc=64  TMA-reduce dQ  (Hopper SM_90)
----------------------------------------------------------
Average Time:      3.4268 ms
Median Time:       3.4249 ms
Std Dev:           0.0133 ms
Min Time:          3.3988 ms
Max Time:          3.4529 ms
Performance:     962.5818 TFLOPS
----------------------------------------------------------

----------------------------------------------------------
Benchmark: GQA bwd V44 Br=64, Bc=64  swizzled TMA-reduce dQ  (Hopper SM_90)
----------------------------------------------------------
Average Time:      3.1457 ms
Median Time:       3.1555 ms
Std Dev:           0.0290 ms
Min Time:          3.0286 ms
Max Time:          3.1867 ms
Performance:    1048.5948 TFLOPS
----------------------------------------------------------

----------------------------------------------------------
Benchmark: GQA bwd Vz2 wgmma tensor cores  (Hopper SM_90)
----------------------------------------------------------
Average Time:      3.1927 ms
Median Time:       3.2004 ms
Std Dev:           0.2457 ms
Min Time:          2.7797 ms
Max Time:          3.5268 ms
Performance:    1033.1405 TFLOPS
----------------------------------------------------------

----------------------------------------------------------
Benchmark: GQA bwd Vj1 clone of Vz2 + levers  (Hopper SM_90)
----------------------------------------------------------
Average Time:      2.7631 ms
Median Time:       2.7629 ms
Std Dev:           0.0295 ms
Min Time:          2.6882 ms
Max Time:          2.8272 ms
Performance:    1193.8018 TFLOPS
----------------------------------------------------------

----------------------------------------------------------
Benchmark: GQA bwd V45 Br=64, Bc=64  adaptive raster (default<=B4, raster B8)  (Hopper SM_90)
----------------------------------------------------------
Average Time:      3.1407 ms
Median Time:       3.1396 ms
Std Dev:           0.0064 ms
Min Time:          3.1106 ms
Max Time:          3.1545 ms
Performance:    1050.2510 TFLOPS
----------------------------------------------------------

############################################################
# SHAPE  B=2  Hq=16  Hkv=4  (G=4)  S=4096 D=128
############################################################
=== Precision vs FP64 ground truth  (2x16x4096x128, GQA G=4) ===
  SDPA bf16 (enable_gqa)                    max_abs=3.011e-03  mean_abs=7.270e-04  max_rel=5.301e-03
Saved forward reference data (B=2, Hq=16, Hkv=4, S=4096, D=128) to /root/jeni/Hopper_jeni/data/

=== Backward precision vs FP64 ground truth ===
  dQ SDPA bf16                              max_abs=3.056e-03  mean_abs=3.566e-04  max_rel=1.941e+02
  dK SDPA bf16                              max_abs=3.470e-03  mean_abs=2.733e-05  max_rel=3.131e+01
  dV SDPA bf16                              max_abs=2.835e-02  mean_abs=1.103e-04  max_rel=5.850e+01
Saved backward reference data to /root/jeni/Hopper_jeni/data/

Triton vs SDPA bf16   max_abs=5.039e-01  mean_abs=5.618e-03

=== Latency  (2x16x4096x128, GQA G=4, bf16) ===
Kernel                      median ms     p5 ms    p95 ms     TFLOP/s
---------------------------------------------------------------------
SDPA bf16 (enable_gqa)         0.2507    0.2491    0.2551     1096.49
SDPA bf16 (compiled)           0.2509    0.2490    0.2552     1095.38
Triton flash (GQA)             0.8897    0.8858    0.8946      308.95

=== Backward precision (Triton flash vs SDPA bf16) ===
  dQ Triton flash vs SDPA                   max_abs=1.221e-03  mean_abs=9.659e-06  max_rel=2.763e+01
  dK Triton flash vs SDPA                   max_abs=2.930e-03  mean_abs=1.826e-05  max_rel=3.872e+01
  dV Triton flash vs SDPA                   max_abs=3.125e-02  mean_abs=6.311e-05  max_rel=9.995e+01

=== Backward latency  (2x16x4096x128, GQA G=4, bf16) ===
Kernel                      median ms     p5 ms    p95 ms     TFLOP/s
---------------------------------------------------------------------
SDPA bwd (enable_gqa)          1.0216    1.0157    1.0410     1076.21
SDPA bwd (compiled)            1.0204    1.0177    1.0398     1077.50
Triton flash bwd (GQA)         2.1308    2.1255    2.1468      516.00
GQA Backward — precision test  [Hopper SM_90 / H200]
Prerequisite: python precision/baseline_gqa.py

  shape: B=2 Hq=16 Hkv=4 (G=4)

Loaded PyTorch reference from data/gqa_*.bin

── V43 Br=64 Bc=64 TMA-reduce dQ (Hopper SM_90) ──
  dQ  max_abs=1.038e-03  mean_abs=1.183e-05  max_rel=4.058e+01
  dK  max_abs=3.906e-03  mean_abs=2.136e-05  max_rel=2.800e+01
  dV  max_abs=3.125e-02  mean_abs=6.392e-05  max_rel=1.988e+01
  dQ: [32mValues match!
[0m  dK: [32mValues match!
[0m  dV: [32mValues match!
[0m
── V44 Br=64 Bc=64 swizzled TMA-reduce dQ (Hopper SM_90) ──
  dQ  max_abs=1.038e-03  mean_abs=1.183e-05  max_rel=4.058e+01
  dK  max_abs=3.906e-03  mean_abs=2.136e-05  max_rel=2.800e+01
  dV  max_abs=3.125e-02  mean_abs=6.392e-05  max_rel=1.988e+01
  dQ: [32mValues match!
[0m  dK: [32mValues match!
[0m  dV: [32mValues match!
[0m
── Vz2 wgmma tensor cores (Hopper SM_90) ──
  dQ  max_abs=1.038e-03  mean_abs=1.183e-05  max_rel=4.058e+01
  dK  max_abs=3.906e-03  mean_abs=2.136e-05  max_rel=2.800e+01
  dV  max_abs=3.125e-02  mean_abs=6.392e-05  max_rel=1.988e+01
  dQ: [32mValues match!
[0m  dK: [32mValues match!
[0m  dV: [32mValues match!
[0m
── Vj1 clone of Vz2 + levers (Hopper SM_90) ──
  dQ  max_abs=1.038e-03  mean_abs=1.183e-05  max_rel=4.058e+01
  dK  max_abs=3.906e-03  mean_abs=2.245e-05  max_rel=3.300e+01
  dV  max_abs=1.562e-02  mean_abs=1.990e-06  max_rel=8.000e+00
  dQ: [32mValues match!
[0m  dK: [32mValues match!
[0m  dV: [32mValues match!
[0m
── V45 Br=64 Bc=64 adaptive raster (default<=B4, raster B8) (Hopper SM_90) ──
  dQ  max_abs=1.038e-03  mean_abs=1.183e-05  max_rel=4.058e+01
  dK  max_abs=3.906e-03  mean_abs=2.136e-05  max_rel=2.800e+01
  dV  max_abs=3.125e-02  mean_abs=6.392e-05  max_rel=1.988e+01
  dQ: [32mValues match!
[0m  dK: [32mValues match!
[0m  dV: [32mValues match!
[0m
=== Latency  (B=2 Hq=16 Hkv=4 S=4096 D=128, GQA G=4, bf16, causal) ===

----------------------------------------------------------
Benchmark: GQA bwd V43 Br=64, Bc=64  TMA-reduce dQ  (Hopper SM_90)
----------------------------------------------------------
Average Time:      1.1415 ms
Median Time:       1.1413 ms
Std Dev:           0.0019 ms
Min Time:          1.1388 ms
Max Time:          1.1487 ms
Performance:     963.2359 TFLOPS
----------------------------------------------------------

----------------------------------------------------------
Benchmark: GQA bwd V44 Br=64, Bc=64  swizzled TMA-reduce dQ  (Hopper SM_90)
----------------------------------------------------------
Average Time:      0.9815 ms
Median Time:       0.9806 ms
Std Dev:           0.0036 ms
Min Time:          0.9783 ms
Max Time:          0.9956 ms
Performance:    1120.1884 TFLOPS
----------------------------------------------------------

----------------------------------------------------------
Benchmark: GQA bwd Vz2 wgmma tensor cores  (Hopper SM_90)
----------------------------------------------------------
Average Time:      1.2526 ms
Median Time:       1.2489 ms
Std Dev:           0.0215 ms
Min Time:          1.2183 ms
Max Time:          1.3015 ms
Performance:     877.7729 TFLOPS
----------------------------------------------------------

----------------------------------------------------------
Benchmark: GQA bwd Vj1 clone of Vz2 + levers  (Hopper SM_90)
----------------------------------------------------------
Average Time:      0.9696 ms
Median Time:       0.9706 ms
Std Dev:           0.0061 ms
Min Time:          0.9545 ms
Max Time:          0.9836 ms
Performance:    1134.0409 TFLOPS
----------------------------------------------------------

----------------------------------------------------------
Benchmark: GQA bwd V45 Br=64, Bc=64  adaptive raster (default<=B4, raster B8)  (Hopper SM_90)
----------------------------------------------------------
Average Time:      1.0012 ms
Median Time:       1.0011 ms
Std Dev:           0.0011 ms
Min Time:          0.9986 ms
Max Time:          1.0043 ms
Performance:    1098.2137 TFLOPS
----------------------------------------------------------

############################################################
# SHAPE  B=4  Hq=16  Hkv=4  (G=4)  S=4096 D=128
############################################################
=== Precision vs FP64 ground truth  (4x16x4096x128, GQA G=4) ===
  SDPA bf16 (enable_gqa)                    max_abs=3.134e-03  mean_abs=7.362e-04  max_rel=5.570e-03
Saved forward reference data (B=4, Hq=16, Hkv=4, S=4096, D=128) to /root/jeni/Hopper_jeni/data/

=== Backward precision vs FP64 ground truth ===
  dQ SDPA bf16                              max_abs=2.843e-03  mean_abs=3.604e-04  max_rel=2.335e+02
  dK SDPA bf16                              max_abs=4.936e-03  mean_abs=2.767e-05  max_rel=9.825e+01
  dV SDPA bf16                              max_abs=2.929e-02  mean_abs=1.104e-04  max_rel=2.676e+02
Saved backward reference data to /root/jeni/Hopper_jeni/data/

Triton vs SDPA bf16   max_abs=5.039e-01  mean_abs=5.665e-03

=== Latency  (4x16x4096x128, GQA G=4, bf16) ===
Kernel                      median ms     p5 ms    p95 ms     TFLOP/s
---------------------------------------------------------------------
SDPA bf16 (enable_gqa)         0.4760    0.4580    0.4821     1154.91
SDPA bf16 (compiled)           0.4752    0.4705    0.4857     1156.97
Triton flash (GQA)             1.7596    1.7527    1.7784      312.42

=== Backward precision (Triton flash vs SDPA bf16) ===
  dQ Triton flash vs SDPA                   max_abs=1.953e-03  mean_abs=9.644e-06  max_rel=5.401e+01
  dK Triton flash vs SDPA                   max_abs=3.906e-03  mean_abs=1.848e-05  max_rel=1.213e+02
  dV Triton flash vs SDPA                   max_abs=3.125e-02  mean_abs=6.345e-05  max_rel=2.487e+02

=== Backward latency  (4x16x4096x128, GQA G=4, bf16) ===
Kernel                      median ms     p5 ms    p95 ms     TFLOP/s
---------------------------------------------------------------------
SDPA bwd (enable_gqa)          1.8838    1.8823    1.8857     1167.31
SDPA bwd (compiled)            1.9782    1.8977    1.9853     1111.61
Triton flash bwd (GQA)         3.9128    3.9066    3.9609      562.01
GQA Backward — precision test  [Hopper SM_90 / H200]
Prerequisite: python precision/baseline_gqa.py

  shape: B=4 Hq=16 Hkv=4 (G=4)

Loaded PyTorch reference from data/gqa_*.bin

── V43 Br=64 Bc=64 TMA-reduce dQ (Hopper SM_90) ──
  dQ  max_abs=1.953e-03  mean_abs=1.183e-05  max_rel=3.281e+01
  dK  max_abs=3.906e-03  mean_abs=2.138e-05  max_rel=3.575e+01
  dV  max_abs=3.125e-02  mean_abs=6.380e-05  max_rel=2.025e+01
  dQ: [32mValues match!
[0m  dK: [32mValues match!
[0m  dV: [32mValues match!
[0m
── V44 Br=64 Bc=64 swizzled TMA-reduce dQ (Hopper SM_90) ──
  dQ  max_abs=1.953e-03  mean_abs=1.183e-05  max_rel=3.281e+01
  dK  max_abs=3.906e-03  mean_abs=2.138e-05  max_rel=3.575e+01
  dV  max_abs=3.125e-02  mean_abs=6.380e-05  max_rel=2.025e+01
  dQ: [32mValues match!
[0m  dK: [32mValues match!
[0m  dV: [32mValues match!
[0m
── Vz2 wgmma tensor cores (Hopper SM_90) ──
  dQ  max_abs=1.953e-03  mean_abs=1.183e-05  max_rel=3.281e+01
  dK  max_abs=3.906e-03  mean_abs=2.138e-05  max_rel=3.575e+01
  dV  max_abs=3.125e-02  mean_abs=6.380e-05  max_rel=2.025e+01
  dQ: [32mValues match!
[0m  dK: [32mValues match!
[0m  dV: [32mValues match!
[0m
── Vj1 clone of Vz2 + levers (Hopper SM_90) ──
  dQ  max_abs=1.953e-03  mean_abs=1.183e-05  max_rel=3.281e+01
  dK  max_abs=3.906e-03  mean_abs=2.246e-05  max_rel=3.850e+01
  dV  max_abs=7.812e-03  mean_abs=1.991e-06  max_rel=8.000e+00
  dQ: [32mValues match!
[0m  dK: [32mValues match!
[0m  dV: [32mValues match!
[0m
── V45 Br=64 Bc=64 adaptive raster (default<=B4, raster B8) (Hopper SM_90) ──
  dQ  max_abs=1.953e-03  mean_abs=1.183e-05  max_rel=3.281e+01
  dK  max_abs=3.906e-03  mean_abs=2.138e-05  max_rel=3.575e+01
  dV  max_abs=3.125e-02  mean_abs=6.380e-05  max_rel=2.025e+01
  dQ: [32mValues match!
[0m  dK: [32mValues match!
[0m  dV: [32mValues match!
[0m
=== Latency  (B=4 Hq=16 Hkv=4 S=4096 D=128, GQA G=4, bf16, causal) ===

----------------------------------------------------------
Benchmark: GQA bwd V43 Br=64, Bc=64  TMA-reduce dQ  (Hopper SM_90)
----------------------------------------------------------
Average Time:      2.2671 ms
Median Time:       2.2671 ms
Std Dev:           0.0012 ms
Min Time:          2.2642 ms
Max Time:          2.2705 ms
Performance:     969.9595 TFLOPS
----------------------------------------------------------

----------------------------------------------------------
Benchmark: GQA bwd V44 Br=64, Bc=64  swizzled TMA-reduce dQ  (Hopper SM_90)
----------------------------------------------------------
Average Time:      2.0102 ms
Median Time:       2.0164 ms
Std Dev:           0.0256 ms
Min Time:          1.9432 ms
Max Time:          2.0422 ms
Performance:    1093.9353 TFLOPS
----------------------------------------------------------

----------------------------------------------------------
Benchmark: GQA bwd Vz2 wgmma tensor cores  (Hopper SM_90)
----------------------------------------------------------
Average Time:      2.0556 ms
Median Time:       2.0575 ms
Std Dev:           0.0291 ms
Min Time:          1.9842 ms
Max Time:          2.1162 ms
Performance:    1069.7780 TFLOPS
----------------------------------------------------------

----------------------------------------------------------
Benchmark: GQA bwd Vj1 clone of Vz2 + levers  (Hopper SM_90)
----------------------------------------------------------
Average Time:      1.9249 ms
Median Time:       1.9486 ms
Std Dev:           0.0748 ms
Min Time:          1.8026 ms
Max Time:          2.0462 ms
Performance:    1142.4117 TFLOPS
----------------------------------------------------------

----------------------------------------------------------
Benchmark: GQA bwd V45 Br=64, Bc=64  adaptive raster (default<=B4, raster B8)  (Hopper SM_90)
----------------------------------------------------------
Average Time:      2.2055 ms
Median Time:       2.2041 ms
Std Dev:           0.0047 ms
Min Time:          2.1975 ms
Max Time:          2.2232 ms
Performance:     997.0621 TFLOPS
----------------------------------------------------------

############################################################
# SHAPE  B=8  Hq=16  Hkv=4  (G=4)  S=4096 D=128
############################################################
=== Precision vs FP64 ground truth  (8x16x4096x128, GQA G=4) ===
  SDPA bf16 (enable_gqa)                    max_abs=3.018e-03  mean_abs=7.304e-04  max_rel=6.053e-03
Saved forward reference data (B=8, Hq=16, Hkv=4, S=4096, D=128) to /root/jeni/Hopper_jeni/data/

=== Backward precision vs FP64 ground truth ===
  dQ SDPA bf16                              max_abs=2.521e-03  mean_abs=3.567e-04  max_rel=2.060e+02
  dK SDPA bf16                              max_abs=5.085e-03  mean_abs=2.733e-05  max_rel=7.292e+01
  dV SDPA bf16                              max_abs=3.461e-02  mean_abs=1.100e-04  max_rel=1.469e+02
Saved backward reference data to /root/jeni/Hopper_jeni/data/

Triton vs SDPA bf16   max_abs=5.039e-01  mean_abs=5.682e-03

=== Latency  (8x16x4096x128, GQA G=4, bf16) ===
Kernel                      median ms     p5 ms    p95 ms     TFLOP/s
---------------------------------------------------------------------
SDPA bf16 (enable_gqa)         0.9190    0.8698    0.9355     1196.39
SDPA bf16 (compiled)           0.9354    0.9267    0.9419     1175.42
Triton flash (GQA)             3.4746    3.4661    3.5208      316.44

=== Backward precision (Triton flash vs SDPA bf16) ===
  dQ Triton flash vs SDPA                   max_abs=1.953e-03  mean_abs=9.636e-06  max_rel=6.142e+01
  dK Triton flash vs SDPA                   max_abs=3.906e-03  mean_abs=1.841e-05  max_rel=7.095e+01
  dV Triton flash vs SDPA                   max_abs=6.250e-02  mean_abs=6.355e-05  max_rel=5.432e+02

=== Backward latency  (8x16x4096x128, GQA G=4, bf16) ===
Kernel                      median ms     p5 ms    p95 ms     TFLOP/s
---------------------------------------------------------------------
SDPA bwd (enable_gqa)          3.9189    3.6345    3.9288     1122.27
SDPA bwd (compiled)            3.8885    3.6409    3.9209     1131.04
Triton flash bwd (GQA)         7.4717    7.4651    7.5056      588.62
GQA Backward — precision test  [Hopper SM_90 / H200]
Prerequisite: python precision/baseline_gqa.py

  shape: B=8 Hq=16 Hkv=4 (G=4)

Loaded PyTorch reference from data/gqa_*.bin

── V43 Br=64 Bc=64 TMA-reduce dQ (Hopper SM_90) ──
  dQ  max_abs=1.953e-03  mean_abs=1.183e-05  max_rel=3.062e+01
  dK  max_abs=3.906e-03  mean_abs=2.133e-05  max_rel=2.167e+01
  dV  max_abs=3.125e-02  mean_abs=6.380e-05  max_rel=1.018e+02
  dQ: [32mValues match!
[0m  dK: [32mValues match!
[0m  dV: [32mValues match!
[0m
── V44 Br=64 Bc=64 swizzled TMA-reduce dQ (Hopper SM_90) ──
  dQ  max_abs=1.953e-03  mean_abs=1.183e-05  max_rel=3.062e+01
  dK  max_abs=3.906e-03  mean_abs=2.133e-05  max_rel=2.167e+01
  dV  max_abs=3.125e-02  mean_abs=6.380e-05  max_rel=1.018e+02
  dQ: [32mValues match!
[0m  dK: [32mValues match!
[0m  dV: [32mValues match!
[0m
── Vz2 wgmma tensor cores (Hopper SM_90) ──
  dQ  max_abs=1.953e-03  mean_abs=1.183e-05  max_rel=3.062e+01
  dK  max_abs=3.906e-03  mean_abs=2.133e-05  max_rel=2.167e+01
  dV  max_abs=3.125e-02  mean_abs=6.380e-05  max_rel=1.018e+02
  dQ: [32mValues match!
[0m  dK: [32mValues match!
[0m  dV: [32mValues match!
[0m
── Vj1 clone of Vz2 + levers (Hopper SM_90) ──
  dQ  max_abs=1.953e-03  mean_abs=1.183e-05  max_rel=3.062e+01
  dK  max_abs=3.906e-03  mean_abs=2.244e-05  max_rel=4.067e+01
  dV  max_abs=1.562e-02  mean_abs=2.022e-06  max_rel=1.800e+01
  dQ: [32mValues match!
[0m  dK: [32mValues match!
[0m  dV: [32mValues match!
[0m
── V45 Br=64 Bc=64 adaptive raster (default<=B4, raster B8) (Hopper SM_90) ──
  dQ  max_abs=1.953e-03  mean_abs=1.183e-05  max_rel=3.062e+01
  dK  max_abs=3.906e-03  mean_abs=2.133e-05  max_rel=2.167e+01
  dV  max_abs=3.125e-02  mean_abs=6.380e-05  max_rel=1.018e+02
  dQ: [32mValues match!
[0m  dK: [32mValues match!
[0m  dV: [32mValues match!
[0m
=== Latency  (B=8 Hq=16 Hkv=4 S=4096 D=128, GQA G=4, bf16, causal) ===

----------------------------------------------------------
Benchmark: GQA bwd V43 Br=64, Bc=64  TMA-reduce dQ  (Hopper SM_90)
----------------------------------------------------------
Average Time:      4.5700 ms
Median Time:       4.5745 ms
Std Dev:           0.0231 ms
Min Time:          4.5009 ms
Max Time:          4.6100 ms
Performance:     962.3819 TFLOPS
----------------------------------------------------------

----------------------------------------------------------
Benchmark: GQA bwd V44 Br=64, Bc=64  swizzled TMA-reduce dQ  (Hopper SM_90)
----------------------------------------------------------
Average Time:      5.2176 ms
Median Time:       5.2698 ms
Std Dev:           0.4661 ms
Min Time:          4.2328 ms
Max Time:          6.1266 ms
Performance:     842.9275 TFLOPS
----------------------------------------------------------

----------------------------------------------------------
Benchmark: GQA bwd Vz2 wgmma tensor cores  (Hopper SM_90)
----------------------------------------------------------
Average Time:      3.7973 ms
Median Time:       3.7966 ms
Std Dev:           0.0397 ms
Min Time:          3.7026 ms
Max Time:          3.8777 ms
Performance:    1158.2178 TFLOPS
----------------------------------------------------------

----------------------------------------------------------
Benchmark: GQA bwd Vj1 clone of Vz2 + levers  (Hopper SM_90)
----------------------------------------------------------
Average Time:      3.6905 ms
Median Time:       3.6528 ms
Std Dev:           0.1125 ms
Min Time:          3.4963 ms
Max Time:          4.0076 ms
Performance:    1191.7360 TFLOPS
----------------------------------------------------------

----------------------------------------------------------
Benchmark: GQA bwd V45 Br=64, Bc=64  adaptive raster (default<=B4, raster B8)  (Hopper SM_90)
----------------------------------------------------------
Average Time:      4.2397 ms
Median Time:       4.1707 ms
Std Dev:           0.1582 ms
Min Time:          4.1277 ms
Max Time:          4.6472 ms
Performance:    1037.3384 TFLOPS
----------------------------------------------------------

############################################################
# SHAPE  B=2  Hq=24  Hkv=8  (G=3)  S=4096 D=128
############################################################
=== Precision vs FP64 ground truth  (2x24x4096x128, GQA G=3) ===
  SDPA bf16 (enable_gqa)                    max_abs=3.169e-03  mean_abs=7.379e-04  max_rel=5.601e-03
Saved forward reference data (B=2, Hq=24, Hkv=8, S=4096, D=128) to /root/jeni/Hopper_jeni/data/

=== Backward precision vs FP64 ground truth ===
  dQ SDPA bf16                              max_abs=2.849e-03  mean_abs=3.607e-04  max_rel=2.160e+02
  dK SDPA bf16                              max_abs=4.119e-03  mean_abs=2.351e-05  max_rel=9.926e+01
  dV SDPA bf16                              max_abs=3.559e-02  mean_abs=9.463e-05  max_rel=1.473e+02
Saved backward reference data to /root/jeni/Hopper_jeni/data/

Triton vs SDPA bf16   max_abs=5.090e-01  mean_abs=5.671e-03

=== Latency  (2x24x4096x128, GQA G=3, bf16) ===
Kernel                      median ms     p5 ms    p95 ms     TFLOP/s
---------------------------------------------------------------------
SDPA bf16 (enable_gqa)         0.3685    0.3526    0.3724     1118.97
SDPA bf16 (compiled)           0.3667    0.3620    0.3710     1124.44
Triton flash (GQA)             1.3503    1.3439    1.3573      305.35

=== Backward precision (Triton flash vs SDPA bf16) ===
  dQ Triton flash vs SDPA                   max_abs=1.221e-03  mean_abs=9.644e-06  max_rel=1.221e+02
  dK Triton flash vs SDPA                   max_abs=3.906e-03  mean_abs=1.600e-05  max_rel=6.866e+01
  dV Triton flash vs SDPA                   max_abs=3.125e-02  mean_abs=5.488e-05  max_rel=1.450e+02

=== Backward latency  (2x24x4096x128, GQA G=3, bf16) ===
Kernel                      median ms     p5 ms    p95 ms     TFLOP/s
---------------------------------------------------------------------
SDPA bwd (enable_gqa)          1.4735    1.4687    1.5321     1119.28
SDPA bwd (compiled)            1.4641    1.4574    1.5406     1126.45
Triton flash bwd (GQA)         2.9793    2.9744    2.9981      553.58
GQA Backward — precision test  [Hopper SM_90 / H200]
Prerequisite: python precision/baseline_gqa.py

  shape: B=2 Hq=24 Hkv=8 (G=3)

Loaded PyTorch reference from data/gqa_*.bin

── V43 Br=64 Bc=64 TMA-reduce dQ (Hopper SM_90) ──
  dQ  max_abs=1.953e-03  mean_abs=1.188e-05  max_rel=3.332e+01
  dK  max_abs=3.906e-03  mean_abs=1.849e-05  max_rel=2.125e+01
  dV  max_abs=3.125e-02  mean_abs=5.476e-05  max_rel=3.520e+01
  dQ: [32mValues match!
[0m  dK: [32mValues match!
[0m  dV: [32mValues match!
[0m
── V44 Br=64 Bc=64 swizzled TMA-reduce dQ (Hopper SM_90) ──
  dQ  max_abs=1.953e-03  mean_abs=1.188e-05  max_rel=3.332e+01
  dK  max_abs=3.906e-03  mean_abs=1.849e-05  max_rel=2.125e+01
  dV  max_abs=3.125e-02  mean_abs=5.476e-05  max_rel=3.520e+01
  dQ: [32mValues match!
[0m  dK: [32mValues match!
[0m  dV: [32mValues match!
[0m
── Vz2 wgmma tensor cores (Hopper SM_90) ──
  dQ  max_abs=1.953e-03  mean_abs=1.188e-05  max_rel=3.332e+01
  dK  max_abs=3.906e-03  mean_abs=1.849e-05  max_rel=2.125e+01
  dV  max_abs=3.125e-02  mean_abs=5.476e-05  max_rel=3.520e+01
  dQ: [32mValues match!
[0m  dK: [32mValues match!
[0m  dV: [32mValues match!
[0m
── Vj1 clone of Vz2 + levers (Hopper SM_90) ──
  dQ  max_abs=1.953e-03  mean_abs=1.188e-05  max_rel=3.332e+01
  dK  max_abs=3.906e-03  mean_abs=1.906e-05  max_rel=2.750e+01
  dV  max_abs=7.812e-03  mean_abs=1.489e-06  max_rel=1.067e+01
  dQ: [32mValues match!
[0m  dK: [32mValues match!
[0m  dV: [32mValues match!
[0m
── V45 Br=64 Bc=64 adaptive raster (default<=B4, raster B8) (Hopper SM_90) ──
  dQ  max_abs=1.953e-03  mean_abs=1.188e-05  max_rel=3.332e+01
  dK  max_abs=3.906e-03  mean_abs=1.849e-05  max_rel=2.125e+01
  dV  max_abs=3.125e-02  mean_abs=5.476e-05  max_rel=3.520e+01
  dQ: [32mValues match!
[0m  dK: [32mValues match!
[0m  dV: [32mValues match!
[0m
=== Latency  (B=2 Hq=24 Hkv=8 S=4096 D=128, GQA G=3, bf16, causal) ===

----------------------------------------------------------
Benchmark: GQA bwd V43 Br=64, Bc=64  TMA-reduce dQ  (Hopper SM_90)
----------------------------------------------------------
Average Time:      1.7128 ms
Median Time:       1.7128 ms
Std Dev:           0.0008 ms
Min Time:          1.7111 ms
Max Time:          1.7153 ms
Performance:     962.8860 TFLOPS
----------------------------------------------------------

----------------------------------------------------------
Benchmark: GQA bwd V44 Br=64, Bc=64  swizzled TMA-reduce dQ  (Hopper SM_90)
----------------------------------------------------------
Average Time:      1.5043 ms
Median Time:       1.5057 ms
Std Dev:           0.0279 ms
Min Time:          1.4684 ms
Max Time:          1.5417 ms
Performance:    1096.3791 TFLOPS
----------------------------------------------------------

----------------------------------------------------------
Benchmark: GQA bwd Vz2 wgmma tensor cores  (Hopper SM_90)
----------------------------------------------------------
Average Time:      1.5685 ms
Median Time:       1.5628 ms
Std Dev:           0.0309 ms
Min Time:          1.5139 ms
Max Time:          1.6610 ms
Performance:    1051.4954 TFLOPS
----------------------------------------------------------

----------------------------------------------------------
Benchmark: GQA bwd Vj1 clone of Vz2 + levers  (Hopper SM_90)
----------------------------------------------------------
Average Time:      1.4055 ms
Median Time:       1.4045 ms
Std Dev:           0.0112 ms
Min Time:          1.3830 ms
Max Time:          1.4306 ms
Performance:    1173.4071 TFLOPS
----------------------------------------------------------

----------------------------------------------------------
Benchmark: GQA bwd V45 Br=64, Bc=64  adaptive raster (default<=B4, raster B8)  (Hopper SM_90)
----------------------------------------------------------
Average Time:      1.5360 ms
Median Time:       1.5351 ms
Std Dev:           0.0151 ms
Min Time:          1.5098 ms
Max Time:          1.5667 ms
Performance:    1073.7396 TFLOPS
----------------------------------------------------------

############################################################
# SHAPE  B=4  Hq=24  Hkv=8  (G=3)  S=4096 D=128
############################################################
=== Precision vs FP64 ground truth  (4x24x4096x128, GQA G=3) ===
  SDPA bf16 (enable_gqa)                    max_abs=3.274e-03  mean_abs=7.343e-04  max_rel=5.817e-03
Saved forward reference data (B=4, Hq=24, Hkv=8, S=4096, D=128) to /root/jeni/Hopper_jeni/data/

=== Backward precision vs FP64 ground truth ===
  dQ SDPA bf16                              max_abs=2.919e-03  mean_abs=3.595e-04  max_rel=1.971e+02
  dK SDPA bf16                              max_abs=4.025e-03  mean_abs=2.368e-05  max_rel=4.152e+01
  dV SDPA bf16                              max_abs=2.831e-02  mean_abs=9.493e-05  max_rel=9.863e+01
Saved backward reference data to /root/jeni/Hopper_jeni/data/

Triton vs SDPA bf16   max_abs=5.117e-01  mean_abs=5.605e-03

=== Latency  (4x24x4096x128, GQA G=3, bf16) ===
Kernel                      median ms     p5 ms    p95 ms     TFLOP/s
---------------------------------------------------------------------
SDPA bf16 (enable_gqa)         0.6847    0.6782    0.7131     1204.42
SDPA bf16 (compiled)           0.7136    0.6953    0.7197     1155.67
Triton flash (GQA)             2.6464    2.6395    2.6826      311.61

=== Backward precision (Triton flash vs SDPA bf16) ===
  dQ Triton flash vs SDPA                   max_abs=1.953e-03  mean_abs=9.653e-06  max_rel=5.569e+01
  dK Triton flash vs SDPA                   max_abs=3.906e-03  mean_abs=1.601e-05  max_rel=5.608e+01
  dV Triton flash vs SDPA                   max_abs=3.125e-02  mean_abs=5.487e-05  max_rel=7.538e+02

=== Backward latency  (4x24x4096x128, GQA G=3, bf16) ===
Kernel                      median ms     p5 ms    p95 ms     TFLOP/s
---------------------------------------------------------------------
SDPA bwd (enable_gqa)          2.9352    2.8098    2.9381     1123.80
SDPA bwd (compiled)            2.8936    2.8723    2.9682     1139.95
Triton flash bwd (GQA)         5.6516    5.6469    5.6634      583.65
GQA Backward — precision test  [Hopper SM_90 / H200]
Prerequisite: python precision/baseline_gqa.py

  shape: B=4 Hq=24 Hkv=8 (G=3)

Loaded PyTorch reference from data/gqa_*.bin

── V43 Br=64 Bc=64 TMA-reduce dQ (Hopper SM_90) ──
  dQ  max_abs=1.953e-03  mean_abs=1.185e-05  max_rel=3.991e+01
  dK  max_abs=3.906e-03  mean_abs=1.860e-05  max_rel=2.583e+01
  dV  max_abs=3.125e-02  mean_abs=5.508e-05  max_rel=2.008e+01
  dQ: [32mValues match!
[0m  dK: [32mValues match!
[0m  dV: [32mValues match!
[0m
── V44 Br=64 Bc=64 swizzled TMA-reduce dQ (Hopper SM_90) ──
  dQ  max_abs=1.953e-03  mean_abs=1.185e-05  max_rel=3.991e+01
  dK  max_abs=3.906e-03  mean_abs=1.860e-05  max_rel=2.583e+01
  dV  max_abs=3.125e-02  mean_abs=5.508e-05  max_rel=2.008e+01
  dQ: [32mValues match!
[0m  dK: [32mValues match!
[0m  dV: [32mValues match!
[0m
── Vz2 wgmma tensor cores (Hopper SM_90) ──
  dQ  max_abs=1.953e-03  mean_abs=1.185e-05  max_rel=3.991e+01
  dK  max_abs=3.906e-03  mean_abs=1.860e-05  max_rel=2.583e+01
  dV  max_abs=3.125e-02  mean_abs=5.508e-05  max_rel=2.008e+01
  dQ: [32mValues match!
[0m  dK: [32mValues match!
[0m  dV: [32mValues match!
[0m
── Vj1 clone of Vz2 + levers (Hopper SM_90) ──
  dQ  max_abs=1.953e-03  mean_abs=1.185e-05  max_rel=3.991e+01
  dK  max_abs=7.812e-03  mean_abs=1.919e-05  max_rel=2.600e+01
  dV  max_abs=7.812e-03  mean_abs=1.486e-06  max_rel=1.625e+01
  dQ: [32mValues match!
[0m  dK: [32mValues match!
[0m  dV: [32mValues match!
[0m
── V45 Br=64 Bc=64 adaptive raster (default<=B4, raster B8) (Hopper SM_90) ──
  dQ  max_abs=1.953e-03  mean_abs=1.185e-05  max_rel=3.991e+01
  dK  max_abs=3.906e-03  mean_abs=1.860e-05  max_rel=2.583e+01
  dV  max_abs=3.125e-02  mean_abs=5.508e-05  max_rel=2.008e+01
  dQ: [32mValues match!
[0m  dK: [32mValues match!
[0m  dV: [32mValues match!
[0m
=== Latency  (B=4 Hq=24 Hkv=8 S=4096 D=128, GQA G=3, bf16, causal) ===

----------------------------------------------------------
Benchmark: GQA bwd V43 Br=64, Bc=64  TMA-reduce dQ  (Hopper SM_90)
----------------------------------------------------------
Average Time:      3.4252 ms
Median Time:       3.4247 ms
Std Dev:           0.0198 ms
Min Time:          3.3931 ms
Max Time:          3.4526 ms
Performance:     963.0077 TFLOPS
----------------------------------------------------------

----------------------------------------------------------
Benchmark: GQA bwd V44 Br=64, Bc=64  swizzled TMA-reduce dQ  (Hopper SM_90)
----------------------------------------------------------
Average Time:      3.1609 ms
Median Time:       3.1621 ms
Std Dev:           0.0353 ms
Min Time:          3.0332 ms
Max Time:          3.1982 ms
Performance:    1043.5345 TFLOPS
----------------------------------------------------------

----------------------------------------------------------
Benchmark: GQA bwd Vz2 wgmma tensor cores  (Hopper SM_90)
----------------------------------------------------------
Average Time:      3.1926 ms
Median Time:       3.2444 ms
Std Dev:           0.1992 ms
Min Time:          2.8155 ms
Max Time:          3.4521 ms
Performance:    1033.1761 TFLOPS
----------------------------------------------------------

----------------------------------------------------------
Benchmark: GQA bwd Vj1 clone of Vz2 + levers  (Hopper SM_90)
----------------------------------------------------------
Average Time:      2.7725 ms
Median Time:       2.7850 ms
Std Dev:           0.0332 ms
Min Time:          2.6801 ms
Max Time:          2.8081 ms
Performance:    1189.7523 TFLOPS
----------------------------------------------------------

----------------------------------------------------------
Benchmark: GQA bwd V45 Br=64, Bc=64  adaptive raster (default<=B4, raster B8)  (Hopper SM_90)
----------------------------------------------------------
Average Time:      3.1318 ms
Median Time:       3.1366 ms
Std Dev:           0.0122 ms
Min Time:          3.1093 ms
Max Time:          3.1518 ms
Performance:    1053.2375 TFLOPS
----------------------------------------------------------

############################################################
# SHAPE  B=8  Hq=24  Hkv=8  (G=3)  S=4096 D=128
############################################################
=== Precision vs FP64 ground truth  (8x24x4096x128, GQA G=3) ===
  SDPA bf16 (enable_gqa)                    max_abs=3.234e-03  mean_abs=7.330e-04  max_rel=5.727e-03
Saved forward reference data (B=8, Hq=24, Hkv=8, S=4096, D=128) to /root/jeni/Hopper_jeni/data/

=== Backward precision vs FP64 ground truth ===
  dQ SDPA bf16                              max_abs=2.851e-03  mean_abs=3.587e-04  max_rel=2.371e+02
  dK SDPA bf16                              max_abs=3.931e-03  mean_abs=2.330e-05  max_rel=1.948e+02
  dV SDPA bf16                              max_abs=2.851e-02  mean_abs=9.470e-05  max_rel=1.951e+02
Saved backward reference data to /root/jeni/Hopper_jeni/data/

Triton vs SDPA bf16   max_abs=5.098e-01  mean_abs=5.635e-03

=== Latency  (8x24x4096x128, GQA G=3, bf16) ===
Kernel                      median ms     p5 ms    p95 ms     TFLOP/s
---------------------------------------------------------------------
SDPA bf16 (enable_gqa)         1.4169    1.2850    1.4292     1163.99
SDPA bf16 (compiled)           1.3891    1.3838    1.4009     1187.33
Triton flash (GQA)             5.1771    5.1718    5.2149      318.57

=== Backward precision (Triton flash vs SDPA bf16) ===
  dQ Triton flash vs SDPA                   max_abs=1.465e-03  mean_abs=9.641e-06  max_rel=4.253e+01
  dK Triton flash vs SDPA                   max_abs=3.906e-03  mean_abs=1.601e-05  max_rel=1.251e+02
  dV Triton flash vs SDPA                   max_abs=6.250e-02  mean_abs=5.479e-05  max_rel=5.127e+02

=== Backward latency  (8x24x4096x128, GQA G=3, bf16) ===
Kernel                      median ms     p5 ms    p95 ms     TFLOP/s
---------------------------------------------------------------------
SDPA bwd (enable_gqa)          5.7679    5.5567    5.8544     1143.76
SDPA bwd (compiled)            5.8179    5.7493    5.8683     1133.92
Triton flash bwd (GQA)        11.0013   10.9987   11.0063      599.66
GQA Backward — precision test  [Hopper SM_90 / H200]
Prerequisite: python precision/baseline_gqa.py

  shape: B=8 Hq=24 Hkv=8 (G=3)

Loaded PyTorch reference from data/gqa_*.bin

── V43 Br=64 Bc=64 TMA-reduce dQ (Hopper SM_90) ──
  dQ  max_abs=1.953e-03  mean_abs=1.183e-05  max_rel=2.465e+01
  dK  max_abs=3.906e-03  mean_abs=1.853e-05  max_rel=2.012e+01
  dV  max_abs=3.125e-02  mean_abs=5.487e-05  max_rel=2.818e+01
  dQ: [32mValues match!
[0m  dK: [32mValues match!
[0m  dV: [32mValues match!
[0m
── V44 Br=64 Bc=64 swizzled TMA-reduce dQ (Hopper SM_90) ──
  dQ  max_abs=1.953e-03  mean_abs=1.183e-05  max_rel=2.465e+01
  dK  max_abs=3.906e-03  mean_abs=1.853e-05  max_rel=2.012e+01
  dV  max_abs=3.125e-02  mean_abs=5.487e-05  max_rel=2.818e+01
  dQ: [32mValues match!
[0m  dK: [32mValues match!
[0m  dV: [32mValues match!
[0m
── Vz2 wgmma tensor cores (Hopper SM_90) ──
  dQ  max_abs=1.953e-03  mean_abs=1.183e-05  max_rel=2.465e+01
  dK  max_abs=3.906e-03  mean_abs=1.853e-05  max_rel=2.012e+01
  dV  max_abs=3.125e-02  mean_abs=5.487e-05  max_rel=2.818e+01
  dQ: [32mValues match!
[0m  dK: [32mValues match!
[0m  dV: [32mValues match!
[0m
── Vj1 clone of Vz2 + levers (Hopper SM_90) ──
  dQ  max_abs=1.953e-03  mean_abs=1.183e-05  max_rel=2.465e+01
  dK  max_abs=3.906e-03  mean_abs=1.910e-05  max_rel=1.900e+01
  dV  max_abs=1.562e-02  mean_abs=1.494e-06  max_rel=1.600e+01
  dQ: [32mValues match!
[0m  dK: [32mValues match!
[0m  dV: [32mValues match!
[0m
── V45 Br=64 Bc=64 adaptive raster (default<=B4, raster B8) (Hopper SM_90) ──
  dQ  max_abs=1.953e-03  mean_abs=1.183e-05  max_rel=2.465e+01
  dK  max_abs=3.906e-03  mean_abs=1.853e-05  max_rel=2.012e+01
  dV  max_abs=3.125e-02  mean_abs=5.487e-05  max_rel=2.818e+01
  dQ: [32mValues match!
[0m  dK: [32mValues match!
[0m  dV: [32mValues match!
[0m
=== Latency  (B=8 Hq=24 Hkv=8 S=4096 D=128, GQA G=3, bf16, causal) ===

----------------------------------------------------------
Benchmark: GQA bwd V43 Br=64, Bc=64  TMA-reduce dQ  (Hopper SM_90)
----------------------------------------------------------
Average Time:     10.0578 ms
Median Time:      10.8057 ms
Std Dev:           1.2827 ms
Min Time:          7.4413 ms
Max Time:         11.0255 ms
Performance:     655.9155 TFLOPS
----------------------------------------------------------

----------------------------------------------------------
Benchmark: GQA bwd V44 Br=64, Bc=64  swizzled TMA-reduce dQ  (Hopper SM_90)
----------------------------------------------------------
Average Time:     10.8195 ms
Median Time:      10.8125 ms
Std Dev:           0.2578 ms
Min Time:         10.2518 ms
Max Time:         11.6126 ms
Performance:     609.7410 TFLOPS
----------------------------------------------------------

----------------------------------------------------------
Benchmark: GQA bwd Vz2 wgmma tensor cores  (Hopper SM_90)
----------------------------------------------------------
Average Time:      5.7327 ms
Median Time:       5.7220 ms
Std Dev:           0.0893 ms
Min Time:          5.3247 ms
Max Time:          5.9800 ms
Performance:    1150.7779 TFLOPS
----------------------------------------------------------

----------------------------------------------------------
Benchmark: GQA bwd Vj1 clone of Vz2 + levers  (Hopper SM_90)
----------------------------------------------------------
Average Time:      5.5352 ms
Median Time:       5.4963 ms
Std Dev:           0.0795 ms
Min Time:          5.3707 ms
Max Time:          5.7155 ms
Performance:    1191.8393 TFLOPS
----------------------------------------------------------

----------------------------------------------------------
Benchmark: GQA bwd V45 Br=64, Bc=64  adaptive raster (default<=B4, raster B8)  (Hopper SM_90)
----------------------------------------------------------
Average Time:      6.3336 ms
Median Time:       6.1137 ms
Std Dev:           0.3735 ms
Min Time:          6.0918 ms
Max Time:          7.3837 ms
Performance:    1041.6037 TFLOPS
----------------------------------------------------------

############################################################
# SHAPE  B=2  Hq=32  Hkv=8  (G=4)  S=4096 D=128
############################################################
=== Precision vs FP64 ground truth  (2x32x4096x128, GQA G=4) ===
  SDPA bf16 (enable_gqa)                    max_abs=3.134e-03  mean_abs=7.362e-04  max_rel=5.570e-03
Saved forward reference data (B=2, Hq=32, Hkv=8, S=4096, D=128) to /root/jeni/Hopper_jeni/data/

=== Backward precision vs FP64 ground truth ===
  dQ SDPA bf16                              max_abs=2.843e-03  mean_abs=3.604e-04  max_rel=2.335e+02
  dK SDPA bf16                              max_abs=4.936e-03  mean_abs=2.767e-05  max_rel=9.825e+01
  dV SDPA bf16                              max_abs=2.929e-02  mean_abs=1.104e-04  max_rel=2.676e+02
Saved backward reference data to /root/jeni/Hopper_jeni/data/

Triton vs SDPA bf16   max_abs=5.039e-01  mean_abs=5.665e-03

=== Latency  (2x32x4096x128, GQA G=4, bf16) ===
Kernel                      median ms     p5 ms    p95 ms     TFLOP/s
---------------------------------------------------------------------
SDPA bf16 (enable_gqa)         0.4842    0.4566    0.5009     1135.48
SDPA bf16 (compiled)           0.4757    0.4715    0.4802     1155.77
Triton flash (GQA)             1.7579    1.7525    1.7879      312.73

=== Backward precision (Triton flash vs SDPA bf16) ===
  dQ Triton flash vs SDPA                   max_abs=1.953e-03  mean_abs=9.644e-06  max_rel=5.401e+01
  dK Triton flash vs SDPA                   max_abs=3.906e-03  mean_abs=1.848e-05  max_rel=1.213e+02
  dV Triton flash vs SDPA                   max_abs=3.125e-02  mean_abs=6.345e-05  max_rel=2.487e+02

=== Backward latency  (2x32x4096x128, GQA G=4, bf16) ===
Kernel                      median ms     p5 ms    p95 ms     TFLOP/s
---------------------------------------------------------------------
SDPA bwd (enable_gqa)          1.9780    1.8840    1.9853     1111.76
SDPA bwd (compiled)            1.9611    1.8917    1.9963     1121.35
Triton flash bwd (GQA)         3.9080    3.9011    3.9637      562.69
GQA Backward — precision test  [Hopper SM_90 / H200]
Prerequisite: python precision/baseline_gqa.py

  shape: B=2 Hq=32 Hkv=8 (G=4)

Loaded PyTorch reference from data/gqa_*.bin

── V43 Br=64 Bc=64 TMA-reduce dQ (Hopper SM_90) ──
  dQ  max_abs=1.953e-03  mean_abs=1.183e-05  max_rel=3.281e+01
  dK  max_abs=3.906e-03  mean_abs=2.138e-05  max_rel=3.575e+01
  dV  max_abs=3.125e-02  mean_abs=6.380e-05  max_rel=2.025e+01
  dQ: [32mValues match!
[0m  dK: [32mValues match!
[0m  dV: [32mValues match!
[0m
── V44 Br=64 Bc=64 swizzled TMA-reduce dQ (Hopper SM_90) ──
  dQ  max_abs=1.953e-03  mean_abs=1.183e-05  max_rel=3.281e+01
  dK  max_abs=3.906e-03  mean_abs=2.138e-05  max_rel=3.575e+01
  dV  max_abs=3.125e-02  mean_abs=6.380e-05  max_rel=2.025e+01
  dQ: [32mValues match!
[0m  dK: [32mValues match!
[0m  dV: [32mValues match!
[0m
── Vz2 wgmma tensor cores (Hopper SM_90) ──
  dQ  max_abs=1.953e-03  mean_abs=1.183e-05  max_rel=3.281e+01
  dK  max_abs=3.906e-03  mean_abs=2.138e-05  max_rel=3.575e+01
  dV  max_abs=3.125e-02  mean_abs=6.380e-05  max_rel=2.025e+01
  dQ: [32mValues match!
[0m  dK: [32mValues match!
[0m  dV: [32mValues match!
[0m
── Vj1 clone of Vz2 + levers (Hopper SM_90) ──
  dQ  max_abs=1.953e-03  mean_abs=1.183e-05  max_rel=3.281e+01
  dK  max_abs=3.906e-03  mean_abs=2.246e-05  max_rel=3.850e+01
  dV  max_abs=7.812e-03  mean_abs=1.991e-06  max_rel=8.000e+00
  dQ: [32mValues match!
[0m  dK: [32mValues match!
[0m  dV: [32mValues match!
[0m
── V45 Br=64 Bc=64 adaptive raster (default<=B4, raster B8) (Hopper SM_90) ──
  dQ  max_abs=1.953e-03  mean_abs=1.183e-05  max_rel=3.281e+01
  dK  max_abs=3.906e-03  mean_abs=2.138e-05  max_rel=3.575e+01
  dV  max_abs=3.125e-02  mean_abs=6.380e-05  max_rel=2.025e+01
  dQ: [32mValues match!
[0m  dK: [32mValues match!
[0m  dV: [32mValues match!
[0m
=== Latency  (B=2 Hq=32 Hkv=8 S=4096 D=128, GQA G=4, bf16, causal) ===

----------------------------------------------------------
Benchmark: GQA bwd V43 Br=64, Bc=64  TMA-reduce dQ  (Hopper SM_90)
----------------------------------------------------------
Average Time:      2.2705 ms
Median Time:       2.2710 ms
Std Dev:           0.0024 ms
Min Time:          2.2644 ms
Max Time:          2.2757 ms
Performance:     968.5239 TFLOPS
----------------------------------------------------------

----------------------------------------------------------
Benchmark: GQA bwd V44 Br=64, Bc=64  swizzled TMA-reduce dQ  (Hopper SM_90)
----------------------------------------------------------
Average Time:      2.0057 ms
Median Time:       2.0248 ms
Std Dev:           0.0487 ms
Min Time:          1.9427 ms
Max Time:          2.0700 ms
Performance:    1096.3796 TFLOPS
----------------------------------------------------------

----------------------------------------------------------
Benchmark: GQA bwd Vz2 wgmma tensor cores  (Hopper SM_90)
----------------------------------------------------------
Average Time:      2.0542 ms
Median Time:       2.0587 ms
Std Dev:           0.0299 ms
Min Time:          1.9720 ms
Max Time:          2.1027 ms
Performance:    1070.5233 TFLOPS
----------------------------------------------------------

----------------------------------------------------------
Benchmark: GQA bwd Vj1 clone of Vz2 + levers  (Hopper SM_90)
----------------------------------------------------------
Average Time:      1.8540 ms
Median Time:       1.8620 ms
Std Dev:           0.0256 ms
Min Time:          1.7957 ms
Max Time:          1.8890 ms
Performance:    1186.0970 TFLOPS
----------------------------------------------------------

----------------------------------------------------------
Benchmark: GQA bwd V45 Br=64, Bc=64  adaptive raster (default<=B4, raster B8)  (Hopper SM_90)
----------------------------------------------------------
Average Time:      2.2094 ms
Median Time:       2.2090 ms
Std Dev:           0.0050 ms
Min Time:          2.1999 ms
Max Time:          2.2277 ms
Performance:     995.2887 TFLOPS
----------------------------------------------------------

############################################################
# SHAPE  B=4  Hq=32  Hkv=8  (G=4)  S=4096 D=128
############################################################
=== Precision vs FP64 ground truth  (4x32x4096x128, GQA G=4) ===
  SDPA bf16 (enable_gqa)                    max_abs=3.018e-03  mean_abs=7.304e-04  max_rel=6.053e-03
Saved forward reference data (B=4, Hq=32, Hkv=8, S=4096, D=128) to /root/jeni/Hopper_jeni/data/

=== Backward precision vs FP64 ground truth ===
  dQ SDPA bf16                              max_abs=2.521e-03  mean_abs=3.567e-04  max_rel=2.060e+02
  dK SDPA bf16                              max_abs=5.085e-03  mean_abs=2.733e-05  max_rel=7.292e+01
  dV SDPA bf16                              max_abs=3.461e-02  mean_abs=1.100e-04  max_rel=1.469e+02
Saved backward reference data to /root/jeni/Hopper_jeni/data/

Triton vs SDPA bf16   max_abs=5.039e-01  mean_abs=5.682e-03

=== Latency  (4x32x4096x128, GQA G=4, bf16) ===
Kernel                      median ms     p5 ms    p95 ms     TFLOP/s
---------------------------------------------------------------------
SDPA bf16 (enable_gqa)         0.9277    0.8690    0.9440     1185.23
SDPA bf16 (compiled)           0.9397    0.9269    0.9445     1170.09
Triton flash (GQA)             3.4644    3.4596    3.4889      317.37

=== Backward precision (Triton flash vs SDPA bf16) ===
  dQ Triton flash vs SDPA                   max_abs=1.953e-03  mean_abs=9.636e-06  max_rel=6.142e+01
  dK Triton flash vs SDPA                   max_abs=3.906e-03  mean_abs=1.841e-05  max_rel=7.095e+01
  dV Triton flash vs SDPA                   max_abs=6.250e-02  mean_abs=6.355e-05  max_rel=5.432e+02

=== Backward latency  (4x32x4096x128, GQA G=4, bf16) ===
Kernel                      median ms     p5 ms    p95 ms     TFLOP/s
---------------------------------------------------------------------
SDPA bwd (enable_gqa)          3.8832    3.6284    3.9161     1132.58
SDPA bwd (compiled)            3.8308    3.6399    3.9205     1148.09
Triton flash bwd (GQA)         7.4852    7.4646    7.5186      587.57
GQA Backward — precision test  [Hopper SM_90 / H200]
Prerequisite: python precision/baseline_gqa.py

  shape: B=4 Hq=32 Hkv=8 (G=4)

Loaded PyTorch reference from data/gqa_*.bin

── V43 Br=64 Bc=64 TMA-reduce dQ (Hopper SM_90) ──
  dQ  max_abs=1.953e-03  mean_abs=1.183e-05  max_rel=3.062e+01
  dK  max_abs=3.906e-03  mean_abs=2.133e-05  max_rel=2.167e+01
  dV  max_abs=3.125e-02  mean_abs=6.380e-05  max_rel=1.018e+02
  dQ: [32mValues match!
[0m  dK: [32mValues match!
[0m  dV: [32mValues match!
[0m
── V44 Br=64 Bc=64 swizzled TMA-reduce dQ (Hopper SM_90) ──
  dQ  max_abs=1.953e-03  mean_abs=1.183e-05  max_rel=3.062e+01
  dK  max_abs=3.906e-03  mean_abs=2.133e-05  max_rel=2.167e+01
  dV  max_abs=3.125e-02  mean_abs=6.380e-05  max_rel=1.018e+02
  dQ: [32mValues match!
[0m  dK: [32mValues match!
[0m  dV: [32mValues match!
[0m
── Vz2 wgmma tensor cores (Hopper SM_90) ──
  dQ  max_abs=1.953e-03  mean_abs=1.183e-05  max_rel=3.062e+01
  dK  max_abs=3.906e-03  mean_abs=2.133e-05  max_rel=2.167e+01
  dV  max_abs=3.125e-02  mean_abs=6.380e-05  max_rel=1.018e+02
  dQ: [32mValues match!
[0m  dK: [32mValues match!
[0m  dV: [32mValues match!
[0m
── Vj1 clone of Vz2 + levers (Hopper SM_90) ──
  dQ  max_abs=1.953e-03  mean_abs=1.183e-05  max_rel=3.062e+01
  dK  max_abs=3.906e-03  mean_abs=2.244e-05  max_rel=4.067e+01
  dV  max_abs=1.562e-02  mean_abs=2.022e-06  max_rel=1.800e+01
  dQ: [32mValues match!
[0m  dK: [32mValues match!
[0m  dV: [32mValues match!
[0m
── V45 Br=64 Bc=64 adaptive raster (default<=B4, raster B8) (Hopper SM_90) ──
  dQ  max_abs=1.953e-03  mean_abs=1.183e-05  max_rel=3.062e+01
  dK  max_abs=3.906e-03  mean_abs=2.133e-05  max_rel=2.167e+01
  dV  max_abs=3.125e-02  mean_abs=6.380e-05  max_rel=1.018e+02
  dQ: [32mValues match!
[0m  dK: [32mValues match!
[0m  dV: [32mValues match!
[0m
=== Latency  (B=4 Hq=32 Hkv=8 S=4096 D=128, GQA G=4, bf16, causal) ===

----------------------------------------------------------
Benchmark: GQA bwd V43 Br=64, Bc=64  TMA-reduce dQ  (Hopper SM_90)
----------------------------------------------------------
Average Time:      4.5602 ms
Median Time:       4.5732 ms
Std Dev:           0.0249 ms
Min Time:          4.5068 ms
Max Time:          4.5776 ms
Performance:     964.4415 TFLOPS
----------------------------------------------------------

----------------------------------------------------------
Benchmark: GQA bwd V44 Br=64, Bc=64  swizzled TMA-reduce dQ  (Hopper SM_90)
----------------------------------------------------------
Average Time:      4.9957 ms
Median Time:       4.9647 ms
Std Dev:           0.5239 ms
Min Time:          3.9851 ms
Max Time:          6.1024 ms
Performance:     880.3618 TFLOPS
----------------------------------------------------------

----------------------------------------------------------
Benchmark: GQA bwd Vz2 wgmma tensor cores  (Hopper SM_90)
----------------------------------------------------------
Average Time:      3.8931 ms
Median Time:       3.8565 ms
Std Dev:           0.1225 ms
Min Time:          3.7288 ms
Max Time:          4.1980 ms
Performance:    1129.7049 TFLOPS
----------------------------------------------------------

----------------------------------------------------------
Benchmark: GQA bwd Vj1 clone of Vz2 + levers  (Hopper SM_90)
----------------------------------------------------------
Average Time:      3.8171 ms
Median Time:       3.8267 ms
Std Dev:           0.1516 ms
Min Time:          3.5280 ms
Max Time:          4.0586 ms
Performance:    1152.1963 TFLOPS
----------------------------------------------------------

----------------------------------------------------------
Benchmark: GQA bwd V45 Br=64, Bc=64  adaptive raster (default<=B4, raster B8)  (Hopper SM_90)
----------------------------------------------------------
Average Time:      4.2054 ms
Median Time:       4.1674 ms
Std Dev:           0.1060 ms
Min Time:          4.1326 ms
Max Time:          4.5359 ms
Performance:    1045.8079 TFLOPS
----------------------------------------------------------

############################################################
# SHAPE  B=8  Hq=32  Hkv=8  (G=4)  S=4096 D=128
############################################################
=== Precision vs FP64 ground truth  (8x32x4096x128, GQA G=4) ===
  SDPA bf16 (enable_gqa)                    max_abs=3.114e-03  mean_abs=7.333e-04  max_rel=6.027e-03
Saved forward reference data (B=8, Hq=32, Hkv=8, S=4096, D=128) to /root/jeni/Hopper_jeni/data/

=== Backward precision vs FP64 ground truth ===
  dQ SDPA bf16                              max_abs=3.325e-03  mean_abs=3.580e-04  max_rel=2.884e+02
  dK SDPA bf16                              max_abs=5.476e-03  mean_abs=2.741e-05  max_rel=7.639e+01
  dV SDPA bf16                              max_abs=3.531e-02  mean_abs=1.098e-04  max_rel=1.835e+02
Saved backward reference data to /root/jeni/Hopper_jeni/data/

Triton vs SDPA bf16   max_abs=5.078e-01  mean_abs=5.636e-03

=== Latency  (8x32x4096x128, GQA G=4, bf16) ===
Kernel                      median ms     p5 ms    p95 ms     TFLOP/s
---------------------------------------------------------------------
SDPA bf16 (enable_gqa)         1.8749    1.6960    1.8843     1172.89
SDPA bf16 (compiled)           1.8506    1.8296    1.8732     1188.25
Triton flash (GQA)             6.8508    6.8454    6.9035      320.99

=== Backward precision (Triton flash vs SDPA bf16) ===
  dQ Triton flash vs SDPA                   max_abs=1.953e-03  mean_abs=9.656e-06  max_rel=7.133e+01
  dK Triton flash vs SDPA                   max_abs=3.906e-03  mean_abs=1.846e-05  max_rel=9.613e+01
  dV Triton flash vs SDPA                   max_abs=6.250e-02  mean_abs=6.359e-05  max_rel=1.202e+03

=== Backward latency  (8x32x4096x128, GQA G=4, bf16) ===
Kernel                      median ms     p5 ms    p95 ms     TFLOP/s
---------------------------------------------------------------------
SDPA bwd (enable_gqa)          7.7421    7.1499    7.8780     1136.14
SDPA bwd (compiled)            7.6787    7.5528    7.6987     1145.52
Triton flash bwd (GQA)        14.5746   14.5587   14.5839      603.52
GQA Backward — precision test  [Hopper SM_90 / H200]
Prerequisite: python precision/baseline_gqa.py

  shape: B=8 Hq=32 Hkv=8 (G=4)

Loaded PyTorch reference from data/gqa_*.bin

── V43 Br=64 Bc=64 TMA-reduce dQ (Hopper SM_90) ──
  dQ  max_abs=1.465e-03  mean_abs=1.184e-05  max_rel=3.168e+01
  dK  max_abs=3.906e-03  mean_abs=2.141e-05  max_rel=5.133e+01
  dV  max_abs=6.250e-02  mean_abs=6.364e-05  max_rel=2.638e+01
  dQ: [32mValues match!
[0m  dK: [32mValues match!
[0m  dV: [32mValues match!
[0m
── V44 Br=64 Bc=64 swizzled TMA-reduce dQ (Hopper SM_90) ──
  dQ  max_abs=1.465e-03  mean_abs=1.184e-05  max_rel=3.168e+01
  dK  max_abs=3.906e-03  mean_abs=2.141e-05  max_rel=5.133e+01
  dV  max_abs=6.250e-02  mean_abs=6.364e-05  max_rel=2.638e+01
  dQ: [32mValues match!
[0m  dK: [32mValues match!
[0m  dV: [32mValues match!
[0m
── Vz2 wgmma tensor cores (Hopper SM_90) ──
  dQ  max_abs=1.465e-03  mean_abs=1.184e-05  max_rel=3.168e+01
  dK  max_abs=3.906e-03  mean_abs=2.141e-05  max_rel=5.133e+01
  dV  max_abs=6.250e-02  mean_abs=6.364e-05  max_rel=2.638e+01
  dQ: [32mValues match!
[0m  dK: [32mValues match!
[0m  dV: [32mValues match!
[0m
── Vj1 clone of Vz2 + levers (Hopper SM_90) ──
  dQ  max_abs=1.465e-03  mean_abs=1.184e-05  max_rel=3.168e+01
  dK  max_abs=5.859e-03  mean_abs=2.252e-05  max_rel=6.400e+01
  dV  max_abs=3.125e-02  mean_abs=1.999e-06  max_rel=1.600e+01
  dQ: [32mValues match!
[0m  dK: [32mValues match!
[0m  dV: [32mValues match!
[0m
── V45 Br=64 Bc=64 adaptive raster (default<=B4, raster B8) (Hopper SM_90) ──
  dQ  max_abs=1.465e-03  mean_abs=1.184e-05  max_rel=3.168e+01
  dK  max_abs=3.906e-03  mean_abs=2.141e-05  max_rel=5.133e+01
  dV  max_abs=6.250e-02  mean_abs=6.364e-05  max_rel=2.638e+01
  dQ: [32mValues match!
[0m  dK: [32mValues match!
[0m  dV: [32mValues match!
[0m
=== Latency  (B=8 Hq=32 Hkv=8 S=4096 D=128, GQA G=4, bf16, causal) ===

----------------------------------------------------------
Benchmark: GQA bwd V43 Br=64, Bc=64  TMA-reduce dQ  (Hopper SM_90)
----------------------------------------------------------
Average Time:     14.7618 ms
Median Time:      14.7668 ms
Std Dev:           0.1032 ms
Min Time:         14.3449 ms
Max Time:         14.9622 ms
Performance:     595.8679 TFLOPS
----------------------------------------------------------

----------------------------------------------------------
Benchmark: GQA bwd V44 Br=64, Bc=64  swizzled TMA-reduce dQ  (Hopper SM_90)
----------------------------------------------------------
Average Time:     14.8579 ms
Median Time:      14.8294 ms
Std Dev:           0.2679 ms
Min Time:         14.3736 ms
Max Time:         15.5751 ms
Performance:     592.0133 TFLOPS
----------------------------------------------------------

----------------------------------------------------------
Benchmark: GQA bwd Vz2 wgmma tensor cores  (Hopper SM_90)
----------------------------------------------------------
Average Time:      7.5262 ms
Median Time:       7.4359 ms
Std Dev:           0.2134 ms
Min Time:          7.3070 ms
Max Time:          8.5969 ms
Performance:    1168.7314 TFLOPS
----------------------------------------------------------

----------------------------------------------------------
Benchmark: GQA bwd Vj1 clone of Vz2 + levers  (Hopper SM_90)
----------------------------------------------------------
Average Time:      7.3303 ms
Median Time:       7.2943 ms
Std Dev:           0.1753 ms
Min Time:          7.0295 ms
Max Time:          7.9899 ms
Performance:    1199.9695 TFLOPS
----------------------------------------------------------

----------------------------------------------------------
Benchmark: GQA bwd V45 Br=64, Bc=64  adaptive raster (default<=B4, raster B8)  (Hopper SM_90)
----------------------------------------------------------
Average Time:      8.2842 ms
Median Time:       8.1105 ms
Std Dev:           0.5244 ms
Min Time:          8.0863 ms
Max Time:         11.8730 ms
Performance:    1061.7914 TFLOPS
----------------------------------------------------------
== sweep complete -> reports/vz2_sweep_20260819_061417.log ==
== per-shape medians (cuDNN / Vz2 / Vj1) — pick the faster of Vz2/Vj1 per shape ==
SHAPE  B=2  Hq=12  Hkv=4  (G=3)  S=4096 D=128 cuDNN 0.8008  Vz2 0.9368  Vj1 0.7612
SHAPE  B=4  Hq=12  Hkv=4  (G=3)  S=4096 D=128 cuDNN 1.5028  Vz2 1.5583  Vj1 1.4076
SHAPE  B=8  Hq=12  Hkv=4  (G=3)  S=4096 D=128 cuDNN 2.7637  Vz2 3.2004  Vj1 2.7629
SHAPE  B=2  Hq=16  Hkv=4  (G=4)  S=4096 D=128 cuDNN 1.0216  Vz2 1.2489  Vj1 0.9706
SHAPE  B=4  Hq=16  Hkv=4  (G=4)  S=4096 D=128 cuDNN 1.8838  Vz2 2.0575  Vj1 1.9486
SHAPE  B=8  Hq=16  Hkv=4  (G=4)  S=4096 D=128 cuDNN 3.9189  Vz2 3.7966  Vj1 3.6528
SHAPE  B=2  Hq=24  Hkv=8  (G=3)  S=4096 D=128 cuDNN 1.4735  Vz2 1.5628  Vj1 1.4045
SHAPE  B=4  Hq=24  Hkv=8  (G=3)  S=4096 D=128 cuDNN 2.9352  Vz2 3.2444  Vj1 2.7850
SHAPE  B=8  Hq=24  Hkv=8  (G=3)  S=4096 D=128 cuDNN 5.7679  Vz2 5.7220  Vj1 5.4963
SHAPE  B=2  Hq=32  Hkv=8  (G=4)  S=4096 D=128 cuDNN 1.9780  Vz2 2.0587  Vj1 1.8620
SHAPE  B=4  Hq=32  Hkv=8  (G=4)  S=4096 D=128 cuDNN 3.8832  Vz2 3.8565  Vj1 3.8267
SHAPE  B=8  Hq=32  Hkv=8  (G=4)  S=4096 D=128 cuDNN 7.7421  Vz2 7.4359  Vj1 7.2943
