
############################################################
# SHAPE  B=2  Hq=12  Hkv=4  (G=3)  S=4096 D=128
############################################################
=== Precision vs FP64 ground truth  (2x12x4096x128, GQA G=3) ===
  SDPA bf16 (enable_gqa)                    max_abs=2.888e-03  mean_abs=7.245e-04  max_rel=5.419e-03
Saved forward reference data (B=2, Hq=12, Hkv=4, S=4096, D=128) to /root/jeni/Hopper_jeni/data/

=== Backward precision vs FP64 ground truth ===
  dQ SDPA bf16                              max_abs=2.638e-03  mean_abs=3.538e-04  max_rel=1.904e+02
  dK SDPA bf16                              max_abs=2.888e-03  mean_abs=2.372e-05  max_rel=3.435e+01
  dV SDPA bf16                              max_abs=2.748e-02  mean_abs=9.435e-05  max_rel=7.400e+01
Saved backward reference data to /root/jeni/Hopper_jeni/data/

Triton vs SDPA bf16   max_abs=5.029e-01  mean_abs=5.701e-03

=== Latency  (2x12x4096x128, GQA G=3, bf16) ===
Kernel                      median ms     p5 ms    p95 ms     TFLOP/s
---------------------------------------------------------------------
SDPA bf16 (enable_gqa)         0.1989    0.1973    0.2031     1036.43
SDPA bf16 (compiled)           0.1979    0.1963    0.2020     1041.63
Triton flash (GQA)             0.6804    0.6761    0.6842      302.97

=== Backward precision (Triton flash vs SDPA bf16) ===
  dQ Triton flash vs SDPA                   max_abs=1.953e-03  mean_abs=9.641e-06  max_rel=3.300e+01
  dK Triton flash vs SDPA                   max_abs=3.906e-03  mean_abs=1.587e-05  max_rel=4.730e+01
  dV Triton flash vs SDPA                   max_abs=3.125e-02  mean_abs=5.489e-05  max_rel=4.578e+02

=== Backward latency  (2x12x4096x128, GQA G=3, bf16) ===
Kernel                      median ms     p5 ms    p95 ms     TFLOP/s
---------------------------------------------------------------------
SDPA bwd (enable_gqa)          0.7966    0.7944    0.8003     1035.18
SDPA bwd (compiled)            0.8075    0.8000    0.8270     1021.23
Triton flash bwd (GQA)         1.6398    1.6362    1.6457      502.88
GQA Backward — precision test  [Hopper SM_90 / H200]
Prerequisite: python precision/baseline_gqa.py

  shape: B=2 Hq=12 Hkv=4 (G=3)

Loaded PyTorch reference from data/gqa_*.bin

── V43 Br=64 Bc=64 TMA-reduce dQ (Hopper SM_90) ──
  dQ  max_abs=9.766e-04  mean_abs=1.182e-05  max_rel=2.247e+01
  dK  max_abs=3.906e-03  mean_abs=1.858e-05  max_rel=2.062e+01
  dV  max_abs=3.125e-02  mean_abs=5.445e-05  max_rel=1.000e+01
  dQ: [32mValues match!
[0m  dK: [32mValues match!
[0m  dV: [32mValues match!
[0m
── V44 Br=64 Bc=64 swizzled TMA-reduce dQ (Hopper SM_90) ──
  dQ  max_abs=9.766e-04  mean_abs=1.182e-05  max_rel=2.247e+01
  dK  max_abs=3.906e-03  mean_abs=1.858e-05  max_rel=2.062e+01
  dV  max_abs=3.125e-02  mean_abs=5.445e-05  max_rel=1.000e+01
  dQ: [32mValues match!
[0m  dK: [32mValues match!
[0m  dV: [32mValues match!
[0m
── Vp1 Br=64 Bc=64 PERSISTENT V44 warm-bridge (Hopper SM_90) ──
  dQ  max_abs=9.766e-04  mean_abs=1.182e-05  max_rel=2.247e+01
  dK  max_abs=3.906e-03  mean_abs=1.858e-05  max_rel=2.062e+01
  dV  max_abs=3.125e-02  mean_abs=5.445e-05  max_rel=1.000e+01
  dQ: [32mValues match!
[0m  dK: [32mValues match!
[0m  dV: [32mValues match!
[0m
── Vz2 wgmma tensor cores (Hopper SM_90) ──
  dQ  max_abs=9.766e-04  mean_abs=1.182e-05  max_rel=2.247e+01
  dK  max_abs=3.906e-03  mean_abs=1.858e-05  max_rel=2.062e+01
  dV  max_abs=3.125e-02  mean_abs=5.445e-05  max_rel=1.000e+01
  dQ: [32mValues match!
[0m  dK: [32mValues match!
[0m  dV: [32mValues match!
[0m
── Vr1 Br=64 Bc=64 per-hq main + cuDNN G-head reduce dQ (Hopper SM_90) ──
  dQ  max_abs=9.766e-04  mean_abs=1.182e-05  max_rel=2.247e+01
  dK  max_abs=3.906e-03  mean_abs=1.916e-05  max_rel=1.875e+01
  dV  max_abs=7.812e-03  mean_abs=1.469e-06  max_rel=8.000e+00
  dQ: [32mValues match!
[0m  dK: [32mValues match!
[0m  dV: [32mValues match!
[0m
── V45 Br=64 Bc=64 adaptive raster (default<=B4, raster B8) (Hopper SM_90) ──
  dQ  max_abs=9.766e-04  mean_abs=1.182e-05  max_rel=2.247e+01
  dK  max_abs=3.906e-03  mean_abs=1.858e-05  max_rel=2.062e+01
  dV  max_abs=3.125e-02  mean_abs=5.445e-05  max_rel=1.000e+01
  dQ: [32mValues match!
[0m  dK: [32mValues match!
[0m  dV: [32mValues match!
[0m
=== Latency  (B=2 Hq=12 Hkv=4 S=4096 D=128, GQA G=3, bf16, causal) ===

----------------------------------------------------------
Benchmark: GQA bwd V43 Br=64, Bc=64  TMA-reduce dQ  (Hopper SM_90)
----------------------------------------------------------
Average Time:      0.8635 ms
Median Time:       0.8635 ms
Std Dev:           0.0009 ms
Min Time:          0.8618 ms
Max Time:          0.8652 ms
Performance:     954.9527 TFLOPS
----------------------------------------------------------

----------------------------------------------------------
Benchmark: GQA bwd V44 Br=64, Bc=64  swizzled TMA-reduce dQ  (Hopper SM_90)
----------------------------------------------------------
Average Time:      0.7445 ms
Median Time:       0.7444 ms
Std Dev:           0.0010 ms
Min Time:          0.7424 ms
Max Time:          0.7489 ms
Performance:    1107.5787 TFLOPS
----------------------------------------------------------

----------------------------------------------------------
Benchmark: GQA bwd Vp1 Br=64, Bc=64  PERSISTENT V44 warm-bridge  (Hopper SM_90)
----------------------------------------------------------
Average Time:      0.7722 ms
Median Time:       0.7719 ms
Std Dev:           0.0013 ms
Min Time:          0.7705 ms
Max Time:          0.7797 ms
Performance:    1067.8905 TFLOPS
----------------------------------------------------------

----------------------------------------------------------
Benchmark: GQA bwd Vz2 wgmma tensor cores  (Hopper SM_90)
----------------------------------------------------------
Average Time:      0.9257 ms
Median Time:       0.9249 ms
Std Dev:           0.0137 ms
Min Time:          0.8970 ms
Max Time:          0.9676 ms
Performance:     890.8428 TFLOPS
----------------------------------------------------------

----------------------------------------------------------
Benchmark: GQA bwd Vr1 Br=64, Bc=64  per-hq main + cuDNN G-head reduce  (Hopper SM_90)
----------------------------------------------------------
Average Time:      0.8035 ms
Median Time:       0.8031 ms
Std Dev:           0.0021 ms
Min Time:          0.8004 ms
Max Time:          0.8129 ms
Performance:    1026.3155 TFLOPS
----------------------------------------------------------

----------------------------------------------------------
Benchmark: GQA bwd V45 Br=64, Bc=64  adaptive raster (default<=B4, raster B8)  (Hopper SM_90)
----------------------------------------------------------
Average Time:      0.7594 ms
Median Time:       0.7594 ms
Std Dev:           0.0011 ms
Min Time:          0.7568 ms
Max Time:          0.7634 ms
Performance:    1085.8865 TFLOPS
----------------------------------------------------------

############################################################
# SHAPE  B=4  Hq=12  Hkv=4  (G=3)  S=4096 D=128
############################################################
=== Precision vs FP64 ground truth  (4x12x4096x128, GQA G=3) ===
  SDPA bf16 (enable_gqa)                    max_abs=3.169e-03  mean_abs=7.379e-04  max_rel=5.601e-03
Saved forward reference data (B=4, Hq=12, Hkv=4, S=4096, D=128) to /root/jeni/Hopper_jeni/data/

=== Backward precision vs FP64 ground truth ===
  dQ SDPA bf16                              max_abs=2.849e-03  mean_abs=3.607e-04  max_rel=2.160e+02
  dK SDPA bf16                              max_abs=4.119e-03  mean_abs=2.351e-05  max_rel=9.926e+01
  dV SDPA bf16                              max_abs=3.559e-02  mean_abs=9.463e-05  max_rel=1.473e+02
Saved backward reference data to /root/jeni/Hopper_jeni/data/

Triton vs SDPA bf16   max_abs=5.090e-01  mean_abs=5.671e-03

=== Latency  (4x12x4096x128, GQA G=3, bf16) ===
Kernel                      median ms     p5 ms    p95 ms     TFLOP/s
---------------------------------------------------------------------
SDPA bf16 (enable_gqa)         0.3564    0.3519    0.3615     1156.84
SDPA bf16 (compiled)           0.3551    0.3531    0.3590     1161.22
Triton flash (GQA)             1.3483    1.3431    1.3525      305.81

=== Backward precision (Triton flash vs SDPA bf16) ===
  dQ Triton flash vs SDPA                   max_abs=1.221e-03  mean_abs=9.644e-06  max_rel=1.221e+02
  dK Triton flash vs SDPA                   max_abs=3.906e-03  mean_abs=1.600e-05  max_rel=6.866e+01
  dV Triton flash vs SDPA                   max_abs=3.125e-02  mean_abs=5.488e-05  max_rel=1.450e+02

=== Backward latency  (4x12x4096x128, GQA G=3, bf16) ===
Kernel                      median ms     p5 ms    p95 ms     TFLOP/s
---------------------------------------------------------------------
SDPA bwd (enable_gqa)          1.4452    1.4414    1.5026     1141.18
SDPA bwd (compiled)            1.4900    1.4506    1.5092     1106.90
Triton flash bwd (GQA)         2.9785    2.9722    3.0402      553.73
GQA Backward — precision test  [Hopper SM_90 / H200]
Prerequisite: python precision/baseline_gqa.py

  shape: B=4 Hq=12 Hkv=4 (G=3)

Loaded PyTorch reference from data/gqa_*.bin

── V43 Br=64 Bc=64 TMA-reduce dQ (Hopper SM_90) ──
  dQ  max_abs=1.953e-03  mean_abs=1.188e-05  max_rel=3.332e+01
  dK  max_abs=3.906e-03  mean_abs=1.849e-05  max_rel=2.125e+01
  dV  max_abs=3.125e-02  mean_abs=5.476e-05  max_rel=3.520e+01
  dQ: [32mValues match!
[0m  dK: [32mValues match!
[0m  dV: [32mValues match!
[0m
── V44 Br=64 Bc=64 swizzled TMA-reduce dQ (Hopper SM_90) ──
  dQ  max_abs=1.953e-03  mean_abs=1.188e-05  max_rel=3.332e+01
  dK  max_abs=3.906e-03  mean_abs=1.849e-05  max_rel=2.125e+01
  dV  max_abs=3.125e-02  mean_abs=5.476e-05  max_rel=3.520e+01
  dQ: [32mValues match!
[0m  dK: [32mValues match!
[0m  dV: [32mValues match!
[0m
── Vp1 Br=64 Bc=64 PERSISTENT V44 warm-bridge (Hopper SM_90) ──
  dQ  max_abs=1.953e-03  mean_abs=1.188e-05  max_rel=3.332e+01
  dK  max_abs=3.906e-03  mean_abs=1.849e-05  max_rel=2.125e+01
  dV  max_abs=3.125e-02  mean_abs=5.476e-05  max_rel=3.520e+01
  dQ: [32mValues match!
[0m  dK: [32mValues match!
[0m  dV: [32mValues match!
[0m
── Vz2 wgmma tensor cores (Hopper SM_90) ──
  dQ  max_abs=1.953e-03  mean_abs=1.188e-05  max_rel=3.332e+01
  dK  max_abs=3.906e-03  mean_abs=1.849e-05  max_rel=2.125e+01
  dV  max_abs=3.125e-02  mean_abs=5.476e-05  max_rel=3.520e+01
  dQ: [32mValues match!
[0m  dK: [32mValues match!
[0m  dV: [32mValues match!
[0m
── Vr1 Br=64 Bc=64 per-hq main + cuDNN G-head reduce dQ (Hopper SM_90) ──
  dQ  max_abs=1.953e-03  mean_abs=1.188e-05  max_rel=3.332e+01
  dK  max_abs=3.906e-03  mean_abs=1.906e-05  max_rel=2.750e+01
  dV  max_abs=7.812e-03  mean_abs=1.489e-06  max_rel=1.067e+01
  dQ: [32mValues match!
[0m  dK: [32mValues match!
[0m  dV: [32mValues match!
[0m
── V45 Br=64 Bc=64 adaptive raster (default<=B4, raster B8) (Hopper SM_90) ──
  dQ  max_abs=1.953e-03  mean_abs=1.188e-05  max_rel=3.332e+01
  dK  max_abs=3.906e-03  mean_abs=1.849e-05  max_rel=2.125e+01
  dV  max_abs=3.125e-02  mean_abs=5.476e-05  max_rel=3.520e+01
  dQ: [32mValues match!
[0m  dK: [32mValues match!
[0m  dV: [32mValues match!
[0m
=== Latency  (B=4 Hq=12 Hkv=4 S=4096 D=128, GQA G=3, bf16, causal) ===

----------------------------------------------------------
Benchmark: GQA bwd V43 Br=64, Bc=64  TMA-reduce dQ  (Hopper SM_90)
----------------------------------------------------------
Average Time:      1.7143 ms
Median Time:       1.7143 ms
Std Dev:           0.0015 ms
Min Time:          1.7119 ms
Max Time:          1.7178 ms
Performance:     962.0831 TFLOPS
----------------------------------------------------------

----------------------------------------------------------
Benchmark: GQA bwd V44 Br=64, Bc=64  swizzled TMA-reduce dQ  (Hopper SM_90)
----------------------------------------------------------
Average Time:      1.4878 ms
Median Time:       1.4931 ms
Std Dev:           0.0134 ms
Min Time:          1.4683 ms
Max Time:          1.5053 ms
Performance:    1108.5425 TFLOPS
----------------------------------------------------------

----------------------------------------------------------
Benchmark: GQA bwd Vp1 Br=64, Bc=64  PERSISTENT V44 warm-bridge  (Hopper SM_90)
----------------------------------------------------------
Average Time:      1.5333 ms
Median Time:       1.5331 ms
Std Dev:           0.0015 ms
Min Time:          1.5301 ms
Max Time:          1.5394 ms
Performance:    1075.6266 TFLOPS
----------------------------------------------------------

----------------------------------------------------------
Benchmark: GQA bwd Vz2 wgmma tensor cores  (Hopper SM_90)
----------------------------------------------------------
Average Time:      1.5498 ms
Median Time:       1.5523 ms
Std Dev:           0.0236 ms
Min Time:          1.4890 ms
Max Time:          1.6060 ms
Performance:    1064.1926 TFLOPS
----------------------------------------------------------

----------------------------------------------------------
Benchmark: GQA bwd Vr1 Br=64, Bc=64  per-hq main + cuDNN G-head reduce  (Hopper SM_90)
----------------------------------------------------------
Average Time:      1.5563 ms
Median Time:       1.5569 ms
Std Dev:           0.0028 ms
Min Time:          1.5434 ms
Max Time:          1.5616 ms
Performance:    1059.7681 TFLOPS
----------------------------------------------------------

----------------------------------------------------------
Benchmark: GQA bwd V45 Br=64, Bc=64  adaptive raster (default<=B4, raster B8)  (Hopper SM_90)
----------------------------------------------------------
Average Time:      1.5104 ms
Median Time:       1.5128 ms
Std Dev:           0.0073 ms
Min Time:          1.5015 ms
Max Time:          1.5280 ms
Performance:    1091.9165 TFLOPS
----------------------------------------------------------

############################################################
# SHAPE  B=8  Hq=12  Hkv=4  (G=3)  S=4096 D=128
############################################################
=== Precision vs FP64 ground truth  (8x12x4096x128, GQA G=3) ===
  SDPA bf16 (enable_gqa)                    max_abs=3.274e-03  mean_abs=7.343e-04  max_rel=5.817e-03
Saved forward reference data (B=8, Hq=12, Hkv=4, S=4096, D=128) to /root/jeni/Hopper_jeni/data/

=== Backward precision vs FP64 ground truth ===
  dQ SDPA bf16                              max_abs=2.919e-03  mean_abs=3.595e-04  max_rel=1.971e+02
  dK SDPA bf16                              max_abs=4.025e-03  mean_abs=2.368e-05  max_rel=4.152e+01
  dV SDPA bf16                              max_abs=2.831e-02  mean_abs=9.493e-05  max_rel=9.863e+01
Saved backward reference data to /root/jeni/Hopper_jeni/data/

Triton vs SDPA bf16   max_abs=5.117e-01  mean_abs=5.605e-03

=== Latency  (8x12x4096x128, GQA G=3, bf16) ===
Kernel                      median ms     p5 ms    p95 ms     TFLOP/s
---------------------------------------------------------------------
SDPA bf16 (enable_gqa)         0.6874    0.6589    0.6922     1199.60
SDPA bf16 (compiled)           0.7044    0.6943    0.7106     1170.66
Triton flash (GQA)             2.6426    2.6380    2.6663      312.05

=== Backward precision (Triton flash vs SDPA bf16) ===
  dQ Triton flash vs SDPA                   max_abs=1.953e-03  mean_abs=9.653e-06  max_rel=5.569e+01
  dK Triton flash vs SDPA                   max_abs=3.906e-03  mean_abs=1.601e-05  max_rel=5.608e+01
  dV Triton flash vs SDPA                   max_abs=3.125e-02  mean_abs=5.487e-05  max_rel=7.538e+02

=== Backward latency  (8x12x4096x128, GQA G=3, bf16) ===
Kernel                      median ms     p5 ms    p95 ms     TFLOP/s
---------------------------------------------------------------------
SDPA bwd (enable_gqa)          2.8367    2.7348    2.8527     1162.81
SDPA bwd (compiled)            2.8774    2.8471    2.8965     1146.38
Triton flash bwd (GQA)         5.6486    5.6423    5.7350      583.96
GQA Backward — precision test  [Hopper SM_90 / H200]
Prerequisite: python precision/baseline_gqa.py

  shape: B=8 Hq=12 Hkv=4 (G=3)

Loaded PyTorch reference from data/gqa_*.bin

── V43 Br=64 Bc=64 TMA-reduce dQ (Hopper SM_90) ──
  dQ  max_abs=1.953e-03  mean_abs=1.185e-05  max_rel=3.991e+01
  dK  max_abs=3.906e-03  mean_abs=1.860e-05  max_rel=2.583e+01
  dV  max_abs=3.125e-02  mean_abs=5.508e-05  max_rel=2.008e+01
  dQ: [32mValues match!
[0m  dK: [32mValues match!
[0m  dV: [32mValues match!
[0m
── V44 Br=64 Bc=64 swizzled TMA-reduce dQ (Hopper SM_90) ──
  dQ  max_abs=1.953e-03  mean_abs=1.185e-05  max_rel=3.991e+01
  dK  max_abs=3.906e-03  mean_abs=1.860e-05  max_rel=2.583e+01
  dV  max_abs=3.125e-02  mean_abs=5.508e-05  max_rel=2.008e+01
  dQ: [32mValues match!
[0m  dK: [32mValues match!
[0m  dV: [32mValues match!
[0m
── Vp1 Br=64 Bc=64 PERSISTENT V44 warm-bridge (Hopper SM_90) ──
  dQ  max_abs=1.953e-03  mean_abs=1.185e-05  max_rel=3.991e+01
  dK  max_abs=3.906e-03  mean_abs=1.860e-05  max_rel=2.583e+01
  dV  max_abs=3.125e-02  mean_abs=5.508e-05  max_rel=2.008e+01
  dQ: [32mValues match!
[0m  dK: [32mValues match!
[0m  dV: [32mValues match!
[0m
── Vz2 wgmma tensor cores (Hopper SM_90) ──
  dQ  max_abs=1.953e-03  mean_abs=1.185e-05  max_rel=3.991e+01
  dK  max_abs=3.906e-03  mean_abs=1.860e-05  max_rel=2.583e+01
  dV  max_abs=3.125e-02  mean_abs=5.508e-05  max_rel=2.008e+01
  dQ: [32mValues match!
[0m  dK: [32mValues match!
[0m  dV: [32mValues match!
[0m
── Vr1 Br=64 Bc=64 per-hq main + cuDNN G-head reduce dQ (Hopper SM_90) ──
  dQ  max_abs=1.953e-03  mean_abs=1.185e-05  max_rel=3.991e+01
  dK  max_abs=7.812e-03  mean_abs=1.919e-05  max_rel=2.600e+01
  dV  max_abs=7.812e-03  mean_abs=1.486e-06  max_rel=1.625e+01
  dQ: [32mValues match!
[0m  dK: [32mValues match!
[0m  dV: [32mValues match!
[0m
── V45 Br=64 Bc=64 adaptive raster (default<=B4, raster B8) (Hopper SM_90) ──
  dQ  max_abs=1.953e-03  mean_abs=1.185e-05  max_rel=3.991e+01
  dK  max_abs=3.906e-03  mean_abs=1.860e-05  max_rel=2.583e+01
  dV  max_abs=3.125e-02  mean_abs=5.508e-05  max_rel=2.008e+01
  dQ: [32mValues match!
[0m  dK: [32mValues match!
[0m  dV: [32mValues match!
[0m
=== Latency  (B=8 Hq=12 Hkv=4 S=4096 D=128, GQA G=3, bf16, causal) ===

----------------------------------------------------------
Benchmark: GQA bwd V43 Br=64, Bc=64  TMA-reduce dQ  (Hopper SM_90)
----------------------------------------------------------
Average Time:      3.3955 ms
Median Time:       3.3956 ms
Std Dev:           0.0000 ms
Min Time:          3.3934 ms
Max Time:          3.3982 ms
Performance:     971.4433 TFLOPS
----------------------------------------------------------

----------------------------------------------------------
Benchmark: GQA bwd V44 Br=64, Bc=64  swizzled TMA-reduce dQ  (Hopper SM_90)
----------------------------------------------------------
Average Time:      3.0958 ms
Median Time:       3.0845 ms
Std Dev:           0.0391 ms
Min Time:          2.9708 ms
Max Time:          3.1382 ms
Performance:    1065.4904 TFLOPS
----------------------------------------------------------

----------------------------------------------------------
Benchmark: GQA bwd Vp1 Br=64, Bc=64  PERSISTENT V44 warm-bridge  (Hopper SM_90)
----------------------------------------------------------
Average Time:      3.3658 ms
Median Time:       3.3031 ms
Std Dev:           0.2076 ms
Min Time:          3.0563 ms
Max Time:          3.6582 ms
Performance:     980.0133 TFLOPS
----------------------------------------------------------

----------------------------------------------------------
Benchmark: GQA bwd Vz2 wgmma tensor cores  (Hopper SM_90)
----------------------------------------------------------
Average Time:      2.7862 ms
Median Time:       2.7906 ms
Std Dev:           0.0214 ms
Min Time:          2.7342 ms
Max Time:          2.8317 ms
Performance:    1183.8689 TFLOPS
----------------------------------------------------------

----------------------------------------------------------
Benchmark: GQA bwd Vr1 Br=64, Bc=64  per-hq main + cuDNN G-head reduce  (Hopper SM_90)
----------------------------------------------------------
Average Time:      3.0302 ms
Median Time:       3.0262 ms
Std Dev:           0.0103 ms
Min Time:          3.0136 ms
Max Time:          3.0455 ms
Performance:    1088.5604 TFLOPS
----------------------------------------------------------

----------------------------------------------------------
Benchmark: GQA bwd V45 Br=64, Bc=64  adaptive raster (default<=B4, raster B8)  (Hopper SM_90)
----------------------------------------------------------
Average Time:      3.1169 ms
Median Time:       3.1166 ms
Std Dev:           0.0043 ms
Min Time:          3.1108 ms
Max Time:          3.1316 ms
Performance:    1058.2614 TFLOPS
----------------------------------------------------------

############################################################
# SHAPE  B=2  Hq=16  Hkv=4  (G=4)  S=4096 D=128
############################################################
=== Precision vs FP64 ground truth  (2x16x4096x128, GQA G=4) ===
  SDPA bf16 (enable_gqa)                    max_abs=3.011e-03  mean_abs=7.270e-04  max_rel=5.301e-03
Saved forward reference data (B=2, Hq=16, Hkv=4, S=4096, D=128) to /root/jeni/Hopper_jeni/data/

=== Backward precision vs FP64 ground truth ===
  dQ SDPA bf16                              max_abs=3.056e-03  mean_abs=3.566e-04  max_rel=1.941e+02
  dK SDPA bf16                              max_abs=3.470e-03  mean_abs=2.733e-05  max_rel=3.131e+01
  dV SDPA bf16                              max_abs=2.835e-02  mean_abs=1.103e-04  max_rel=5.850e+01
Saved backward reference data to /root/jeni/Hopper_jeni/data/

Triton vs SDPA bf16   max_abs=5.039e-01  mean_abs=5.618e-03

=== Latency  (2x16x4096x128, GQA G=4, bf16) ===
Kernel                      median ms     p5 ms    p95 ms     TFLOP/s
---------------------------------------------------------------------
SDPA bf16 (enable_gqa)         0.2498    0.2479    0.2542     1100.22
SDPA bf16 (compiled)           0.2491    0.2477    0.2536     1103.47
Triton flash (GQA)             0.8902    0.8862    0.8936      308.77

=== Backward precision (Triton flash vs SDPA bf16) ===
  dQ Triton flash vs SDPA                   max_abs=1.221e-03  mean_abs=9.659e-06  max_rel=2.763e+01
  dK Triton flash vs SDPA                   max_abs=2.930e-03  mean_abs=1.826e-05  max_rel=3.872e+01
  dV Triton flash vs SDPA                   max_abs=3.125e-02  mean_abs=6.311e-05  max_rel=9.995e+01

=== Backward latency  (2x16x4096x128, GQA G=4, bf16) ===
Kernel                      median ms     p5 ms    p95 ms     TFLOP/s
---------------------------------------------------------------------
SDPA bwd (enable_gqa)          1.0109    1.0084    1.0259     1087.64
SDPA bwd (compiled)            1.0226    1.0138    1.0324     1075.25
Triton flash bwd (GQA)         2.1291    2.1239    2.1391      516.42
GQA Backward — precision test  [Hopper SM_90 / H200]
Prerequisite: python precision/baseline_gqa.py

  shape: B=2 Hq=16 Hkv=4 (G=4)

Loaded PyTorch reference from data/gqa_*.bin

── V43 Br=64 Bc=64 TMA-reduce dQ (Hopper SM_90) ──
  dQ  max_abs=1.038e-03  mean_abs=1.183e-05  max_rel=4.058e+01
  dK  max_abs=3.906e-03  mean_abs=2.136e-05  max_rel=2.800e+01
  dV  max_abs=3.125e-02  mean_abs=6.392e-05  max_rel=1.988e+01
  dQ: [32mValues match!
[0m  dK: [32mValues match!
[0m  dV: [32mValues match!
[0m
── V44 Br=64 Bc=64 swizzled TMA-reduce dQ (Hopper SM_90) ──
  dQ  max_abs=1.038e-03  mean_abs=1.183e-05  max_rel=4.058e+01
  dK  max_abs=3.906e-03  mean_abs=2.136e-05  max_rel=2.800e+01
  dV  max_abs=3.125e-02  mean_abs=6.392e-05  max_rel=1.988e+01
  dQ: [32mValues match!
[0m  dK: [32mValues match!
[0m  dV: [32mValues match!
[0m
── Vp1 Br=64 Bc=64 PERSISTENT V44 warm-bridge (Hopper SM_90) ──
  dQ  max_abs=1.038e-03  mean_abs=1.183e-05  max_rel=4.058e+01
  dK  max_abs=3.906e-03  mean_abs=2.136e-05  max_rel=2.800e+01
  dV  max_abs=3.125e-02  mean_abs=6.392e-05  max_rel=1.988e+01
  dQ: [32mValues match!
[0m  dK: [32mValues match!
[0m  dV: [32mValues match!
[0m
── Vz2 wgmma tensor cores (Hopper SM_90) ──
  dQ  max_abs=1.038e-03  mean_abs=1.183e-05  max_rel=4.058e+01
  dK  max_abs=3.906e-03  mean_abs=2.136e-05  max_rel=2.800e+01
  dV  max_abs=3.125e-02  mean_abs=6.392e-05  max_rel=1.988e+01
  dQ: [32mValues match!
[0m  dK: [32mValues match!
[0m  dV: [32mValues match!
[0m
── Vr1 Br=64 Bc=64 per-hq main + cuDNN G-head reduce dQ (Hopper SM_90) ──
  dQ  max_abs=1.038e-03  mean_abs=1.183e-05  max_rel=4.058e+01
  dK  max_abs=3.906e-03  mean_abs=2.245e-05  max_rel=3.300e+01
  dV  max_abs=1.562e-02  mean_abs=1.990e-06  max_rel=8.000e+00
  dQ: [32mValues match!
[0m  dK: [32mValues match!
[0m  dV: [32mValues match!
[0m
── V45 Br=64 Bc=64 adaptive raster (default<=B4, raster B8) (Hopper SM_90) ──
  dQ  max_abs=1.038e-03  mean_abs=1.183e-05  max_rel=4.058e+01
  dK  max_abs=3.906e-03  mean_abs=2.136e-05  max_rel=2.800e+01
  dV  max_abs=3.125e-02  mean_abs=6.392e-05  max_rel=1.988e+01
  dQ: [32mValues match!
[0m  dK: [32mValues match!
[0m  dV: [32mValues match!
[0m
=== Latency  (B=2 Hq=16 Hkv=4 S=4096 D=128, GQA G=4, bf16, causal) ===

----------------------------------------------------------
Benchmark: GQA bwd V43 Br=64, Bc=64  TMA-reduce dQ  (Hopper SM_90)
----------------------------------------------------------
Average Time:      1.1419 ms
Median Time:       1.1418 ms
Std Dev:           0.0012 ms
Min Time:          1.1398 ms
Max Time:          1.1489 ms
Performance:     962.8540 TFLOPS
----------------------------------------------------------

----------------------------------------------------------
Benchmark: GQA bwd V44 Br=64, Bc=64  swizzled TMA-reduce dQ  (Hopper SM_90)
----------------------------------------------------------
Average Time:      0.9828 ms
Median Time:       0.9830 ms
Std Dev:           0.0008 ms
Min Time:          0.9802 ms
Max Time:          0.9848 ms
Performance:    1118.7737 TFLOPS
----------------------------------------------------------

----------------------------------------------------------
Benchmark: GQA bwd Vp1 Br=64, Bc=64  PERSISTENT V44 warm-bridge  (Hopper SM_90)
----------------------------------------------------------
Average Time:      1.0174 ms
Median Time:       1.0174 ms
Std Dev:           0.0010 ms
Min Time:          1.0152 ms
Max Time:          1.0205 ms
Performance:    1080.7117 TFLOPS
----------------------------------------------------------

----------------------------------------------------------
Benchmark: GQA bwd Vz2 wgmma tensor cores  (Hopper SM_90)
----------------------------------------------------------
Average Time:      1.2415 ms
Median Time:       1.2417 ms
Std Dev:           0.0233 ms
Min Time:          1.1949 ms
Max Time:          1.2851 ms
Performance:     885.6107 TFLOPS
----------------------------------------------------------

----------------------------------------------------------
Benchmark: GQA bwd Vr1 Br=64, Bc=64  per-hq main + cuDNN G-head reduce  (Hopper SM_90)
----------------------------------------------------------
Average Time:      1.0490 ms
Median Time:       1.0483 ms
Std Dev:           0.0029 ms
Min Time:          1.0456 ms
Max Time:          1.0598 ms
Performance:    1048.1973 TFLOPS
----------------------------------------------------------

----------------------------------------------------------
Benchmark: GQA bwd V45 Br=64, Bc=64  adaptive raster (default<=B4, raster B8)  (Hopper SM_90)
----------------------------------------------------------
Average Time:      1.0043 ms
Median Time:       1.0044 ms
Std Dev:           0.0013 ms
Min Time:          1.0015 ms
Max Time:          1.0073 ms
Performance:    1094.7890 TFLOPS
----------------------------------------------------------

############################################################
# SHAPE  B=4  Hq=16  Hkv=4  (G=4)  S=4096 D=128
############################################################
=== Precision vs FP64 ground truth  (4x16x4096x128, GQA G=4) ===
  SDPA bf16 (enable_gqa)                    max_abs=3.134e-03  mean_abs=7.362e-04  max_rel=5.570e-03
Saved forward reference data (B=4, Hq=16, Hkv=4, S=4096, D=128) to /root/jeni/Hopper_jeni/data/

=== Backward precision vs FP64 ground truth ===
  dQ SDPA bf16                              max_abs=2.843e-03  mean_abs=3.604e-04  max_rel=2.335e+02
  dK SDPA bf16                              max_abs=4.936e-03  mean_abs=2.767e-05  max_rel=9.825e+01
  dV SDPA bf16                              max_abs=2.929e-02  mean_abs=1.104e-04  max_rel=2.676e+02
Saved backward reference data to /root/jeni/Hopper_jeni/data/

Triton vs SDPA bf16   max_abs=5.039e-01  mean_abs=5.665e-03

=== Latency  (4x16x4096x128, GQA G=4, bf16) ===
Kernel                      median ms     p5 ms    p95 ms     TFLOP/s
---------------------------------------------------------------------
SDPA bf16 (enable_gqa)         0.4679    0.4552    0.4724     1174.85
SDPA bf16 (compiled)           0.4698    0.4663    0.4727     1170.21
Triton flash (GQA)             1.7583    1.7496    1.7710      312.67

=== Backward precision (Triton flash vs SDPA bf16) ===
  dQ Triton flash vs SDPA                   max_abs=1.953e-03  mean_abs=9.644e-06  max_rel=5.401e+01
  dK Triton flash vs SDPA                   max_abs=3.906e-03  mean_abs=1.848e-05  max_rel=1.213e+02
  dV Triton flash vs SDPA                   max_abs=3.125e-02  mean_abs=6.345e-05  max_rel=2.487e+02

=== Backward latency  (4x16x4096x128, GQA G=4, bf16) ===
Kernel                      median ms     p5 ms    p95 ms     TFLOP/s
---------------------------------------------------------------------
SDPA bwd (enable_gqa)          1.8692    1.8659    1.8709     1176.42
SDPA bwd (compiled)            1.9395    1.8835    1.9526     1133.82
Triton flash bwd (GQA)         3.9049    3.9003    3.9330      563.14
GQA Backward — precision test  [Hopper SM_90 / H200]
Prerequisite: python precision/baseline_gqa.py

  shape: B=4 Hq=16 Hkv=4 (G=4)

Loaded PyTorch reference from data/gqa_*.bin

── V43 Br=64 Bc=64 TMA-reduce dQ (Hopper SM_90) ──
  dQ  max_abs=1.953e-03  mean_abs=1.183e-05  max_rel=3.281e+01
  dK  max_abs=3.906e-03  mean_abs=2.138e-05  max_rel=3.575e+01
  dV  max_abs=3.125e-02  mean_abs=6.380e-05  max_rel=2.025e+01
  dQ: [32mValues match!
[0m  dK: [32mValues match!
[0m  dV: [32mValues match!
[0m
── V44 Br=64 Bc=64 swizzled TMA-reduce dQ (Hopper SM_90) ──
  dQ  max_abs=1.953e-03  mean_abs=1.183e-05  max_rel=3.281e+01
  dK  max_abs=3.906e-03  mean_abs=2.138e-05  max_rel=3.575e+01
  dV  max_abs=3.125e-02  mean_abs=6.380e-05  max_rel=2.025e+01
  dQ: [32mValues match!
[0m  dK: [32mValues match!
[0m  dV: [32mValues match!
[0m
── Vp1 Br=64 Bc=64 PERSISTENT V44 warm-bridge (Hopper SM_90) ──
  dQ  max_abs=1.953e-03  mean_abs=1.183e-05  max_rel=3.281e+01
  dK  max_abs=3.906e-03  mean_abs=2.138e-05  max_rel=3.575e+01
  dV  max_abs=3.125e-02  mean_abs=6.380e-05  max_rel=2.025e+01
  dQ: [32mValues match!
[0m  dK: [32mValues match!
[0m  dV: [32mValues match!
[0m
── Vz2 wgmma tensor cores (Hopper SM_90) ──
  dQ  max_abs=1.953e-03  mean_abs=1.183e-05  max_rel=3.281e+01
  dK  max_abs=3.906e-03  mean_abs=2.138e-05  max_rel=3.575e+01
  dV  max_abs=3.125e-02  mean_abs=6.380e-05  max_rel=2.025e+01
  dQ: [32mValues match!
[0m  dK: [32mValues match!
[0m  dV: [32mValues match!
[0m
── Vr1 Br=64 Bc=64 per-hq main + cuDNN G-head reduce dQ (Hopper SM_90) ──
  dQ  max_abs=1.953e-03  mean_abs=1.183e-05  max_rel=3.281e+01
  dK  max_abs=3.906e-03  mean_abs=2.246e-05  max_rel=3.850e+01
  dV  max_abs=7.812e-03  mean_abs=1.991e-06  max_rel=8.000e+00
  dQ: [32mValues match!
[0m  dK: [32mValues match!
[0m  dV: [32mValues match!
[0m
── V45 Br=64 Bc=64 adaptive raster (default<=B4, raster B8) (Hopper SM_90) ──
  dQ  max_abs=1.953e-03  mean_abs=1.183e-05  max_rel=3.281e+01
  dK  max_abs=3.906e-03  mean_abs=2.138e-05  max_rel=3.575e+01
  dV  max_abs=3.125e-02  mean_abs=6.380e-05  max_rel=2.025e+01
  dQ: [32mValues match!
[0m  dK: [32mValues match!
[0m  dV: [32mValues match!
[0m
=== Latency  (B=4 Hq=16 Hkv=4 S=4096 D=128, GQA G=4, bf16, causal) ===

----------------------------------------------------------
Benchmark: GQA bwd V43 Br=64, Bc=64  TMA-reduce dQ  (Hopper SM_90)
----------------------------------------------------------
Average Time:      2.2673 ms
Median Time:       2.2668 ms
Std Dev:           0.0021 ms
Min Time:          2.2638 ms
Max Time:          2.2722 ms
Performance:     969.8814 TFLOPS
----------------------------------------------------------

----------------------------------------------------------
Benchmark: GQA bwd V44 Br=64, Bc=64  swizzled TMA-reduce dQ  (Hopper SM_90)
----------------------------------------------------------
Average Time:      1.9834 ms
Median Time:       1.9931 ms
Std Dev:           0.0250 ms
Min Time:          1.9435 ms
Max Time:          2.0259 ms
Performance:    1108.7060 TFLOPS
----------------------------------------------------------

----------------------------------------------------------
Benchmark: GQA bwd Vp1 Br=64, Bc=64  PERSISTENT V44 warm-bridge  (Hopper SM_90)
----------------------------------------------------------
Average Time:      2.0265 ms
Median Time:       2.0272 ms
Std Dev:           0.0046 ms
Min Time:          2.0155 ms
Max Time:          2.0352 ms
Performance:    1085.1163 TFLOPS
----------------------------------------------------------

----------------------------------------------------------
Benchmark: GQA bwd Vz2 wgmma tensor cores  (Hopper SM_90)
----------------------------------------------------------
Average Time:      2.0371 ms
Median Time:       2.0350 ms
Std Dev:           0.0281 ms
Min Time:          1.9679 ms
Max Time:          2.0887 ms
Performance:    1079.5025 TFLOPS
----------------------------------------------------------

----------------------------------------------------------
Benchmark: GQA bwd Vr1 Br=64, Bc=64  per-hq main + cuDNN G-head reduce  (Hopper SM_90)
----------------------------------------------------------
Average Time:      2.0303 ms
Median Time:       2.0304 ms
Std Dev:           0.0033 ms
Min Time:          2.0179 ms
Max Time:          2.0355 ms
Performance:    1083.1066 TFLOPS
----------------------------------------------------------

----------------------------------------------------------
Benchmark: GQA bwd V45 Br=64, Bc=64  adaptive raster (default<=B4, raster B8)  (Hopper SM_90)
----------------------------------------------------------
Average Time:      2.1877 ms
Median Time:       2.1872 ms
Std Dev:           0.0035 ms
Min Time:          2.1815 ms
Max Time:          2.1970 ms
Performance:    1005.1628 TFLOPS
----------------------------------------------------------

############################################################
# SHAPE  B=8  Hq=16  Hkv=4  (G=4)  S=4096 D=128
############################################################
=== Precision vs FP64 ground truth  (8x16x4096x128, GQA G=4) ===
  SDPA bf16 (enable_gqa)                    max_abs=3.018e-03  mean_abs=7.304e-04  max_rel=6.053e-03
Saved forward reference data (B=8, Hq=16, Hkv=4, S=4096, D=128) to /root/jeni/Hopper_jeni/data/

=== Backward precision vs FP64 ground truth ===
  dQ SDPA bf16                              max_abs=2.521e-03  mean_abs=3.567e-04  max_rel=2.060e+02
  dK SDPA bf16                              max_abs=5.085e-03  mean_abs=2.733e-05  max_rel=7.292e+01
  dV SDPA bf16                              max_abs=3.461e-02  mean_abs=1.100e-04  max_rel=1.469e+02
Saved backward reference data to /root/jeni/Hopper_jeni/data/

Triton vs SDPA bf16   max_abs=5.039e-01  mean_abs=5.682e-03

=== Latency  (8x16x4096x128, GQA G=4, bf16) ===
Kernel                      median ms     p5 ms    p95 ms     TFLOP/s
---------------------------------------------------------------------
SDPA bf16 (enable_gqa)         0.9096    0.8630    0.9297     1208.74
SDPA bf16 (compiled)           0.9235    0.9182    0.9326     1190.61
Triton flash (GQA)             3.4654    3.4599    3.4917      317.28

=== Backward precision (Triton flash vs SDPA bf16) ===
  dQ Triton flash vs SDPA                   max_abs=1.953e-03  mean_abs=9.636e-06  max_rel=6.142e+01
  dK Triton flash vs SDPA                   max_abs=3.906e-03  mean_abs=1.841e-05  max_rel=7.095e+01
  dV Triton flash vs SDPA                   max_abs=6.250e-02  mean_abs=6.355e-05  max_rel=5.432e+02

=== Backward latency  (8x16x4096x128, GQA G=4, bf16) ===
Kernel                      median ms     p5 ms    p95 ms     TFLOP/s
---------------------------------------------------------------------
SDPA bwd (enable_gqa)          3.8314    3.7254    3.8611     1147.91
SDPA bwd (compiled)            3.8030    3.7784    3.8594     1156.48
Triton flash bwd (GQA)         7.4578    7.4518    7.5145      589.73
GQA Backward — precision test  [Hopper SM_90 / H200]
Prerequisite: python precision/baseline_gqa.py

  shape: B=8 Hq=16 Hkv=4 (G=4)

Loaded PyTorch reference from data/gqa_*.bin

── V43 Br=64 Bc=64 TMA-reduce dQ (Hopper SM_90) ──
  dQ  max_abs=1.953e-03  mean_abs=1.183e-05  max_rel=3.062e+01
  dK  max_abs=3.906e-03  mean_abs=2.133e-05  max_rel=2.167e+01
  dV  max_abs=3.125e-02  mean_abs=6.380e-05  max_rel=1.018e+02
  dQ: [32mValues match!
[0m  dK: [32mValues match!
[0m  dV: [32mValues match!
[0m
── V44 Br=64 Bc=64 swizzled TMA-reduce dQ (Hopper SM_90) ──
  dQ  max_abs=1.953e-03  mean_abs=1.183e-05  max_rel=3.062e+01
  dK  max_abs=3.906e-03  mean_abs=2.133e-05  max_rel=2.167e+01
  dV  max_abs=3.125e-02  mean_abs=6.380e-05  max_rel=1.018e+02
  dQ: [32mValues match!
[0m  dK: [32mValues match!
[0m  dV: [32mValues match!
[0m
── Vp1 Br=64 Bc=64 PERSISTENT V44 warm-bridge (Hopper SM_90) ──
  dQ  max_abs=1.953e-03  mean_abs=1.183e-05  max_rel=3.062e+01
  dK  max_abs=3.906e-03  mean_abs=2.133e-05  max_rel=2.167e+01
  dV  max_abs=3.125e-02  mean_abs=6.380e-05  max_rel=1.018e+02
  dQ: [32mValues match!
[0m  dK: [32mValues match!
[0m  dV: [32mValues match!
[0m
── Vz2 wgmma tensor cores (Hopper SM_90) ──
  dQ  max_abs=1.953e-03  mean_abs=1.183e-05  max_rel=3.062e+01
  dK  max_abs=3.906e-03  mean_abs=2.133e-05  max_rel=2.167e+01
  dV  max_abs=3.125e-02  mean_abs=6.380e-05  max_rel=1.018e+02
  dQ: [32mValues match!
[0m  dK: [32mValues match!
[0m  dV: [32mValues match!
[0m
── Vr1 Br=64 Bc=64 per-hq main + cuDNN G-head reduce dQ (Hopper SM_90) ──
  dQ  max_abs=1.953e-03  mean_abs=1.183e-05  max_rel=3.062e+01
  dK  max_abs=3.906e-03  mean_abs=2.244e-05  max_rel=4.067e+01
  dV  max_abs=1.562e-02  mean_abs=2.022e-06  max_rel=1.800e+01
  dQ: [32mValues match!
[0m  dK: [32mValues match!
[0m  dV: [32mValues match!
[0m
── V45 Br=64 Bc=64 adaptive raster (default<=B4, raster B8) (Hopper SM_90) ──
  dQ  max_abs=1.953e-03  mean_abs=1.183e-05  max_rel=3.062e+01
  dK  max_abs=3.906e-03  mean_abs=2.133e-05  max_rel=2.167e+01
  dV  max_abs=3.125e-02  mean_abs=6.380e-05  max_rel=1.018e+02
  dQ: [32mValues match!
[0m  dK: [32mValues match!
[0m  dV: [32mValues match!
[0m
=== Latency  (B=8 Hq=16 Hkv=4 S=4096 D=128, GQA G=4, bf16, causal) ===

----------------------------------------------------------
Benchmark: GQA bwd V43 Br=64, Bc=64  TMA-reduce dQ  (Hopper SM_90)
----------------------------------------------------------
Average Time:      4.5149 ms
Median Time:       4.5054 ms
Std Dev:           0.0167 ms
Min Time:          4.4969 ms
Max Time:          4.5405 ms
Performance:     974.1143 TFLOPS
----------------------------------------------------------

----------------------------------------------------------
Benchmark: GQA bwd V44 Br=64, Bc=64  swizzled TMA-reduce dQ  (Hopper SM_90)
----------------------------------------------------------
Average Time:      5.5115 ms
Median Time:       5.5730 ms
Std Dev:           0.4032 ms
Min Time:          3.9297 ms
Max Time:          6.3066 ms
Performance:     797.9808 TFLOPS
----------------------------------------------------------

----------------------------------------------------------
Benchmark: GQA bwd Vp1 Br=64, Bc=64  PERSISTENT V44 warm-bridge  (Hopper SM_90)
----------------------------------------------------------
Average Time:      4.3832 ms
Median Time:       4.2934 ms
Std Dev:           0.3642 ms
Min Time:          4.0253 ms
Max Time:          4.9522 ms
Performance:    1003.3927 TFLOPS
----------------------------------------------------------

----------------------------------------------------------
Benchmark: GQA bwd Vz2 wgmma tensor cores  (Hopper SM_90)
----------------------------------------------------------
Average Time:      3.8082 ms
Median Time:       3.8072 ms
Std Dev:           0.0402 ms
Min Time:          3.7060 ms
Max Time:          3.9039 ms
Performance:    1154.8968 TFLOPS
----------------------------------------------------------

----------------------------------------------------------
Benchmark: GQA bwd Vr1 Br=64, Bc=64  per-hq main + cuDNN G-head reduce  (Hopper SM_90)
----------------------------------------------------------
Average Time:      4.0090 ms
Median Time:       4.0038 ms
Std Dev:           0.0128 ms
Min Time:          3.9911 ms
Max Time:          4.0288 ms
Performance:    1097.0459 TFLOPS
----------------------------------------------------------

----------------------------------------------------------
Benchmark: GQA bwd V45 Br=64, Bc=64  adaptive raster (default<=B4, raster B8)  (Hopper SM_90)
----------------------------------------------------------
Average Time:      4.1355 ms
Median Time:       4.1350 ms
Std Dev:           0.0039 ms
Min Time:          4.1272 ms
Max Time:          4.1491 ms
Performance:    1063.4890 TFLOPS
----------------------------------------------------------

############################################################
# SHAPE  B=2  Hq=24  Hkv=8  (G=3)  S=4096 D=128
############################################################
=== Precision vs FP64 ground truth  (2x24x4096x128, GQA G=3) ===
  SDPA bf16 (enable_gqa)                    max_abs=3.169e-03  mean_abs=7.379e-04  max_rel=5.601e-03
Saved forward reference data (B=2, Hq=24, Hkv=8, S=4096, D=128) to /root/jeni/Hopper_jeni/data/

=== Backward precision vs FP64 ground truth ===
  dQ SDPA bf16                              max_abs=2.849e-03  mean_abs=3.607e-04  max_rel=2.160e+02
  dK SDPA bf16                              max_abs=4.119e-03  mean_abs=2.351e-05  max_rel=9.926e+01
  dV SDPA bf16                              max_abs=3.559e-02  mean_abs=9.463e-05  max_rel=1.473e+02
Saved backward reference data to /root/jeni/Hopper_jeni/data/

Triton vs SDPA bf16   max_abs=5.090e-01  mean_abs=5.671e-03

=== Latency  (2x24x4096x128, GQA G=3, bf16) ===
Kernel                      median ms     p5 ms    p95 ms     TFLOP/s
---------------------------------------------------------------------
SDPA bf16 (enable_gqa)         0.3576    0.3525    0.3637     1153.17
SDPA bf16 (compiled)           0.3626    0.3586    0.3672     1137.19
Triton flash (GQA)             1.3493    1.3432    1.3627      305.57

=== Backward precision (Triton flash vs SDPA bf16) ===
  dQ Triton flash vs SDPA                   max_abs=1.221e-03  mean_abs=9.644e-06  max_rel=1.221e+02
  dK Triton flash vs SDPA                   max_abs=3.906e-03  mean_abs=1.600e-05  max_rel=6.866e+01
  dV Triton flash vs SDPA                   max_abs=3.125e-02  mean_abs=5.488e-05  max_rel=1.450e+02

=== Backward latency  (2x24x4096x128, GQA G=3, bf16) ===
Kernel                      median ms     p5 ms    p95 ms     TFLOP/s
---------------------------------------------------------------------
SDPA bwd (enable_gqa)          1.4940    1.4420    1.4995     1103.89
SDPA bwd (compiled)            1.4691    1.4495    1.4940     1122.62
Triton flash bwd (GQA)         2.9761    2.9721    3.0039      554.17
GQA Backward — precision test  [Hopper SM_90 / H200]
Prerequisite: python precision/baseline_gqa.py

  shape: B=2 Hq=24 Hkv=8 (G=3)

Loaded PyTorch reference from data/gqa_*.bin

── V43 Br=64 Bc=64 TMA-reduce dQ (Hopper SM_90) ──
  dQ  max_abs=1.953e-03  mean_abs=1.188e-05  max_rel=3.332e+01
  dK  max_abs=3.906e-03  mean_abs=1.849e-05  max_rel=2.125e+01
  dV  max_abs=3.125e-02  mean_abs=5.476e-05  max_rel=3.520e+01
  dQ: [32mValues match!
[0m  dK: [32mValues match!
[0m  dV: [32mValues match!
[0m
── V44 Br=64 Bc=64 swizzled TMA-reduce dQ (Hopper SM_90) ──
  dQ  max_abs=1.953e-03  mean_abs=1.188e-05  max_rel=3.332e+01
  dK  max_abs=3.906e-03  mean_abs=1.849e-05  max_rel=2.125e+01
  dV  max_abs=3.125e-02  mean_abs=5.476e-05  max_rel=3.520e+01
  dQ: [32mValues match!
[0m  dK: [32mValues match!
[0m  dV: [32mValues match!
[0m
── Vp1 Br=64 Bc=64 PERSISTENT V44 warm-bridge (Hopper SM_90) ──
  dQ  max_abs=1.953e-03  mean_abs=1.188e-05  max_rel=3.332e+01
  dK  max_abs=3.906e-03  mean_abs=1.849e-05  max_rel=2.125e+01
  dV  max_abs=3.125e-02  mean_abs=5.476e-05  max_rel=3.520e+01
  dQ: [32mValues match!
[0m  dK: [32mValues match!
[0m  dV: [32mValues match!
[0m
── Vz2 wgmma tensor cores (Hopper SM_90) ──
  dQ  max_abs=1.953e-03  mean_abs=1.188e-05  max_rel=3.332e+01
  dK  max_abs=3.906e-03  mean_abs=1.849e-05  max_rel=2.125e+01
  dV  max_abs=3.125e-02  mean_abs=5.476e-05  max_rel=3.520e+01
  dQ: [32mValues match!
[0m  dK: [32mValues match!
[0m  dV: [32mValues match!
[0m
── Vr1 Br=64 Bc=64 per-hq main + cuDNN G-head reduce dQ (Hopper SM_90) ──
  dQ  max_abs=1.953e-03  mean_abs=1.188e-05  max_rel=3.332e+01
  dK  max_abs=3.906e-03  mean_abs=1.906e-05  max_rel=2.750e+01
  dV  max_abs=7.812e-03  mean_abs=1.489e-06  max_rel=1.067e+01
  dQ: [32mValues match!
[0m  dK: [32mValues match!
[0m  dV: [32mValues match!
[0m
── V45 Br=64 Bc=64 adaptive raster (default<=B4, raster B8) (Hopper SM_90) ──
  dQ  max_abs=1.953e-03  mean_abs=1.188e-05  max_rel=3.332e+01
  dK  max_abs=3.906e-03  mean_abs=1.849e-05  max_rel=2.125e+01
  dV  max_abs=3.125e-02  mean_abs=5.476e-05  max_rel=3.520e+01
  dQ: [32mValues match!
[0m  dK: [32mValues match!
[0m  dV: [32mValues match!
[0m
=== Latency  (B=2 Hq=24 Hkv=8 S=4096 D=128, GQA G=3, bf16, causal) ===

----------------------------------------------------------
Benchmark: GQA bwd V43 Br=64, Bc=64  TMA-reduce dQ  (Hopper SM_90)
----------------------------------------------------------
Average Time:      1.7144 ms
Median Time:       1.7146 ms
Std Dev:           0.0012 ms
Min Time:          1.7110 ms
Max Time:          1.7171 ms
Performance:     962.0067 TFLOPS
----------------------------------------------------------

----------------------------------------------------------
Benchmark: GQA bwd V44 Br=64, Bc=64  swizzled TMA-reduce dQ  (Hopper SM_90)
----------------------------------------------------------
Average Time:      1.4906 ms
Median Time:       1.4935 ms
Std Dev:           0.0145 ms
Min Time:          1.4677 ms
Max Time:          1.5150 ms
Performance:    1106.4596 TFLOPS
----------------------------------------------------------

----------------------------------------------------------
Benchmark: GQA bwd Vp1 Br=64, Bc=64  PERSISTENT V44 warm-bridge  (Hopper SM_90)
----------------------------------------------------------
Average Time:      1.5352 ms
Median Time:       1.5354 ms
Std Dev:           0.0014 ms
Min Time:          1.5310 ms
Max Time:          1.5401 ms
Performance:    1074.3101 TFLOPS
----------------------------------------------------------

----------------------------------------------------------
Benchmark: GQA bwd Vz2 wgmma tensor cores  (Hopper SM_90)
----------------------------------------------------------
Average Time:      1.5496 ms
Median Time:       1.5482 ms
Std Dev:           0.0285 ms
Min Time:          1.4855 ms
Max Time:          1.6248 ms
Performance:    1064.3257 TFLOPS
----------------------------------------------------------

----------------------------------------------------------
Benchmark: GQA bwd Vr1 Br=64, Bc=64  per-hq main + cuDNN G-head reduce  (Hopper SM_90)
----------------------------------------------------------
Average Time:      1.5550 ms
Median Time:       1.5551 ms
Std Dev:           0.0018 ms
Min Time:          1.5452 ms
Max Time:          1.5598 ms
Performance:    1060.6362 TFLOPS
----------------------------------------------------------

----------------------------------------------------------
Benchmark: GQA bwd V45 Br=64, Bc=64  adaptive raster (default<=B4, raster B8)  (Hopper SM_90)
----------------------------------------------------------
Average Time:      1.5069 ms
Median Time:       1.5033 ms
Std Dev:           0.0090 ms
Min Time:          1.4987 ms
Max Time:          1.5372 ms
Performance:    1094.4910 TFLOPS
----------------------------------------------------------

############################################################
# SHAPE  B=4  Hq=24  Hkv=8  (G=3)  S=4096 D=128
############################################################
=== Precision vs FP64 ground truth  (4x24x4096x128, GQA G=3) ===
  SDPA bf16 (enable_gqa)                    max_abs=3.274e-03  mean_abs=7.343e-04  max_rel=5.817e-03
Saved forward reference data (B=4, Hq=24, Hkv=8, S=4096, D=128) to /root/jeni/Hopper_jeni/data/

=== Backward precision vs FP64 ground truth ===
  dQ SDPA bf16                              max_abs=2.919e-03  mean_abs=3.595e-04  max_rel=1.971e+02
  dK SDPA bf16                              max_abs=4.025e-03  mean_abs=2.368e-05  max_rel=4.152e+01
  dV SDPA bf16                              max_abs=2.831e-02  mean_abs=9.493e-05  max_rel=9.863e+01
Saved backward reference data to /root/jeni/Hopper_jeni/data/

Triton vs SDPA bf16   max_abs=5.117e-01  mean_abs=5.605e-03

=== Latency  (4x24x4096x128, GQA G=3, bf16) ===
Kernel                      median ms     p5 ms    p95 ms     TFLOP/s
---------------------------------------------------------------------
SDPA bf16 (enable_gqa)         0.6793    0.6608    0.7048     1213.90
SDPA bf16 (compiled)           0.6985    0.6919    0.7121     1180.53
Triton flash (GQA)             2.6467    2.6405    2.6676      311.57

=== Backward precision (Triton flash vs SDPA bf16) ===
  dQ Triton flash vs SDPA                   max_abs=1.953e-03  mean_abs=9.653e-06  max_rel=5.569e+01
  dK Triton flash vs SDPA                   max_abs=3.906e-03  mean_abs=1.601e-05  max_rel=5.608e+01
  dV Triton flash vs SDPA                   max_abs=3.125e-02  mean_abs=5.487e-05  max_rel=7.538e+02

=== Backward latency  (4x24x4096x128, GQA G=3, bf16) ===
Kernel                      median ms     p5 ms    p95 ms     TFLOP/s
---------------------------------------------------------------------
SDPA bwd (enable_gqa)          2.7354    2.7331    2.7381     1205.89
SDPA bwd (compiled)            2.8890    2.7363    2.8917     1141.75
Triton flash bwd (GQA)         5.6495    5.6458    5.7590      583.86
GQA Backward — precision test  [Hopper SM_90 / H200]
Prerequisite: python precision/baseline_gqa.py

  shape: B=4 Hq=24 Hkv=8 (G=3)

Loaded PyTorch reference from data/gqa_*.bin

── V43 Br=64 Bc=64 TMA-reduce dQ (Hopper SM_90) ──
  dQ  max_abs=1.953e-03  mean_abs=1.185e-05  max_rel=3.991e+01
  dK  max_abs=3.906e-03  mean_abs=1.860e-05  max_rel=2.583e+01
  dV  max_abs=3.125e-02  mean_abs=5.508e-05  max_rel=2.008e+01
  dQ: [32mValues match!
[0m  dK: [32mValues match!
[0m  dV: [32mValues match!
[0m
── V44 Br=64 Bc=64 swizzled TMA-reduce dQ (Hopper SM_90) ──
  dQ  max_abs=1.953e-03  mean_abs=1.185e-05  max_rel=3.991e+01
  dK  max_abs=3.906e-03  mean_abs=1.860e-05  max_rel=2.583e+01
  dV  max_abs=3.125e-02  mean_abs=5.508e-05  max_rel=2.008e+01
  dQ: [32mValues match!
[0m  dK: [32mValues match!
[0m  dV: [32mValues match!
[0m
── Vp1 Br=64 Bc=64 PERSISTENT V44 warm-bridge (Hopper SM_90) ──
  dQ  max_abs=1.953e-03  mean_abs=1.185e-05  max_rel=3.991e+01
  dK  max_abs=3.906e-03  mean_abs=1.860e-05  max_rel=2.583e+01
  dV  max_abs=3.125e-02  mean_abs=5.508e-05  max_rel=2.008e+01
  dQ: [32mValues match!
[0m  dK: [32mValues match!
[0m  dV: [32mValues match!
[0m
── Vz2 wgmma tensor cores (Hopper SM_90) ──
  dQ  max_abs=1.953e-03  mean_abs=1.185e-05  max_rel=3.991e+01
  dK  max_abs=3.906e-03  mean_abs=1.860e-05  max_rel=2.583e+01
  dV  max_abs=3.125e-02  mean_abs=5.508e-05  max_rel=2.008e+01
  dQ: [32mValues match!
[0m  dK: [32mValues match!
[0m  dV: [32mValues match!
[0m
── Vr1 Br=64 Bc=64 per-hq main + cuDNN G-head reduce dQ (Hopper SM_90) ──
  dQ  max_abs=1.953e-03  mean_abs=1.185e-05  max_rel=3.991e+01
  dK  max_abs=7.812e-03  mean_abs=1.919e-05  max_rel=2.600e+01
  dV  max_abs=7.812e-03  mean_abs=1.486e-06  max_rel=1.625e+01
  dQ: [32mValues match!
[0m  dK: [32mValues match!
[0m  dV: [32mValues match!
[0m
── V45 Br=64 Bc=64 adaptive raster (default<=B4, raster B8) (Hopper SM_90) ──
  dQ  max_abs=1.953e-03  mean_abs=1.185e-05  max_rel=3.991e+01
  dK  max_abs=3.906e-03  mean_abs=1.860e-05  max_rel=2.583e+01
  dV  max_abs=3.125e-02  mean_abs=5.508e-05  max_rel=2.008e+01
  dQ: [32mValues match!
[0m  dK: [32mValues match!
[0m  dV: [32mValues match!
[0m
=== Latency  (B=4 Hq=24 Hkv=8 S=4096 D=128, GQA G=3, bf16, causal) ===

----------------------------------------------------------
Benchmark: GQA bwd V43 Br=64, Bc=64  TMA-reduce dQ  (Hopper SM_90)
----------------------------------------------------------
Average Time:      3.3954 ms
Median Time:       3.3955 ms
Std Dev:           0.0014 ms
Min Time:          3.3928 ms
Max Time:          3.4003 ms
Performance:     971.4835 TFLOPS
----------------------------------------------------------

----------------------------------------------------------
Benchmark: GQA bwd V44 Br=64, Bc=64  swizzled TMA-reduce dQ  (Hopper SM_90)
----------------------------------------------------------
Average Time:      3.0905 ms
Median Time:       3.0821 ms
Std Dev:           0.1460 ms
Min Time:          2.9298 ms
Max Time:          4.0745 ms
Performance:    1067.3065 TFLOPS
----------------------------------------------------------

----------------------------------------------------------
Benchmark: GQA bwd Vp1 Br=64, Bc=64  PERSISTENT V44 warm-bridge  (Hopper SM_90)
----------------------------------------------------------
Average Time:      3.0314 ms
Median Time:       3.0359 ms
Std Dev:           0.0098 ms
Min Time:          3.0168 ms
Max Time:          3.0464 ms
Performance:    1088.1330 TFLOPS
----------------------------------------------------------

----------------------------------------------------------
Benchmark: GQA bwd Vz2 wgmma tensor cores  (Hopper SM_90)
----------------------------------------------------------
Average Time:      2.7694 ms
Median Time:       2.7680 ms
Std Dev:           0.0206 ms
Min Time:          2.7233 ms
Max Time:          2.8172 ms
Performance:    1191.0568 TFLOPS
----------------------------------------------------------

----------------------------------------------------------
Benchmark: GQA bwd Vr1 Br=64, Bc=64  per-hq main + cuDNN G-head reduce  (Hopper SM_90)
----------------------------------------------------------
Average Time:      3.0188 ms
Median Time:       3.0184 ms
Std Dev:           0.0031 ms
Min Time:          2.9922 ms
Max Time:          3.0292 ms
Performance:    1092.6603 TFLOPS
----------------------------------------------------------

----------------------------------------------------------
Benchmark: GQA bwd V45 Br=64, Bc=64  adaptive raster (default<=B4, raster B8)  (Hopper SM_90)
----------------------------------------------------------
Average Time:      3.2364 ms
Median Time:       3.1875 ms
Std Dev:           0.1433 ms
Min Time:          3.1116 ms
Max Time:          3.5552 ms
Performance:    1019.1959 TFLOPS
----------------------------------------------------------

############################################################
# SHAPE  B=8  Hq=24  Hkv=8  (G=3)  S=4096 D=128
############################################################
=== Precision vs FP64 ground truth  (8x24x4096x128, GQA G=3) ===
  SDPA bf16 (enable_gqa)                    max_abs=3.234e-03  mean_abs=7.330e-04  max_rel=5.727e-03
Saved forward reference data (B=8, Hq=24, Hkv=8, S=4096, D=128) to /root/jeni/Hopper_jeni/data/

=== Backward precision vs FP64 ground truth ===
  dQ SDPA bf16                              max_abs=2.851e-03  mean_abs=3.587e-04  max_rel=2.371e+02
  dK SDPA bf16                              max_abs=3.931e-03  mean_abs=2.330e-05  max_rel=1.948e+02
  dV SDPA bf16                              max_abs=2.851e-02  mean_abs=9.470e-05  max_rel=1.951e+02
Saved backward reference data to /root/jeni/Hopper_jeni/data/

Triton vs SDPA bf16   max_abs=5.098e-01  mean_abs=5.635e-03

=== Latency  (8x24x4096x128, GQA G=3, bf16) ===
Kernel                      median ms     p5 ms    p95 ms     TFLOP/s
---------------------------------------------------------------------
SDPA bf16 (enable_gqa)         1.3903    1.2721    1.3962     1186.29
SDPA bf16 (compiled)           1.3911    1.3725    1.3980     1185.57
Triton flash (GQA)             5.1755    5.1698    5.2194      318.67

=== Backward precision (Triton flash vs SDPA bf16) ===
  dQ Triton flash vs SDPA                   max_abs=1.465e-03  mean_abs=9.641e-06  max_rel=4.253e+01
  dK Triton flash vs SDPA                   max_abs=3.906e-03  mean_abs=1.601e-05  max_rel=1.251e+02
  dV Triton flash vs SDPA                   max_abs=6.250e-02  mean_abs=5.479e-05  max_rel=5.127e+02

=== Backward latency  (8x24x4096x128, GQA G=3, bf16) ===
Kernel                      median ms     p5 ms    p95 ms     TFLOP/s
---------------------------------------------------------------------
SDPA bwd (enable_gqa)          5.6803    5.5692    5.8230     1161.40
SDPA bwd (compiled)            5.7554    5.6552    5.8148     1146.24
Triton flash bwd (GQA)        10.9859   10.9777   10.9874      600.50
GQA Backward — precision test  [Hopper SM_90 / H200]
Prerequisite: python precision/baseline_gqa.py

  shape: B=8 Hq=24 Hkv=8 (G=3)

Loaded PyTorch reference from data/gqa_*.bin

── V43 Br=64 Bc=64 TMA-reduce dQ (Hopper SM_90) ──
  dQ  max_abs=1.953e-03  mean_abs=1.183e-05  max_rel=2.465e+01
  dK  max_abs=3.906e-03  mean_abs=1.853e-05  max_rel=2.012e+01
  dV  max_abs=3.125e-02  mean_abs=5.487e-05  max_rel=2.818e+01
  dQ: [32mValues match!
[0m  dK: [32mValues match!
[0m  dV: [32mValues match!
[0m
── V44 Br=64 Bc=64 swizzled TMA-reduce dQ (Hopper SM_90) ──
  dQ  max_abs=1.953e-03  mean_abs=1.183e-05  max_rel=2.465e+01
  dK  max_abs=3.906e-03  mean_abs=1.853e-05  max_rel=2.012e+01
  dV  max_abs=3.125e-02  mean_abs=5.487e-05  max_rel=2.818e+01
  dQ: [32mValues match!
[0m  dK: [32mValues match!
[0m  dV: [32mValues match!
[0m
── Vp1 Br=64 Bc=64 PERSISTENT V44 warm-bridge (Hopper SM_90) ──
  dQ  max_abs=1.953e-03  mean_abs=1.183e-05  max_rel=2.465e+01
  dK  max_abs=3.906e-03  mean_abs=1.853e-05  max_rel=2.012e+01
  dV  max_abs=3.125e-02  mean_abs=5.487e-05  max_rel=2.818e+01
  dQ: [32mValues match!
[0m  dK: [32mValues match!
[0m  dV: [32mValues match!
[0m
── Vz2 wgmma tensor cores (Hopper SM_90) ──
  dQ  max_abs=1.953e-03  mean_abs=1.183e-05  max_rel=2.465e+01
  dK  max_abs=3.906e-03  mean_abs=1.853e-05  max_rel=2.012e+01
  dV  max_abs=3.125e-02  mean_abs=5.487e-05  max_rel=2.818e+01
  dQ: [32mValues match!
[0m  dK: [32mValues match!
[0m  dV: [32mValues match!
[0m
── Vr1 Br=64 Bc=64 per-hq main + cuDNN G-head reduce dQ (Hopper SM_90) ──
  dQ  max_abs=1.953e-03  mean_abs=1.183e-05  max_rel=2.465e+01
  dK  max_abs=3.906e-03  mean_abs=1.910e-05  max_rel=1.900e+01
  dV  max_abs=1.562e-02  mean_abs=1.494e-06  max_rel=1.600e+01
  dQ: [32mValues match!
[0m  dK: [32mValues match!
[0m  dV: [32mValues match!
[0m
── V45 Br=64 Bc=64 adaptive raster (default<=B4, raster B8) (Hopper SM_90) ──
  dQ  max_abs=1.953e-03  mean_abs=1.183e-05  max_rel=2.465e+01
  dK  max_abs=3.906e-03  mean_abs=1.853e-05  max_rel=2.012e+01
  dV  max_abs=3.125e-02  mean_abs=5.487e-05  max_rel=2.818e+01
  dQ: [32mValues match!
[0m  dK: [32mValues match!
[0m  dV: [32mValues match!
[0m
=== Latency  (B=8 Hq=24 Hkv=8 S=4096 D=128, GQA G=3, bf16, causal) ===

----------------------------------------------------------
Benchmark: GQA bwd V43 Br=64, Bc=64  TMA-reduce dQ  (Hopper SM_90)
----------------------------------------------------------
Average Time:     10.8824 ms
Median Time:      10.9052 ms
Std Dev:           0.1293 ms
Min Time:         10.3347 ms
Max Time:         11.1398 ms
Performance:     606.2143 TFLOPS
----------------------------------------------------------

----------------------------------------------------------
Benchmark: GQA bwd V44 Br=64, Bc=64  swizzled TMA-reduce dQ  (Hopper SM_90)
----------------------------------------------------------
Average Time:     10.8077 ms
Median Time:      10.7867 ms
Std Dev:           0.2275 ms
Min Time:         10.3637 ms
Max Time:         11.3865 ms
Performance:     610.4053 TFLOPS
----------------------------------------------------------

----------------------------------------------------------
Benchmark: GQA bwd Vp1 Br=64, Bc=64  PERSISTENT V44 warm-bridge  (Hopper SM_90)
----------------------------------------------------------
Average Time:      6.0283 ms
Median Time:       6.0156 ms
Std Dev:           0.0275 ms
Min Time:          5.9906 ms
Max Time:          6.0807 ms
Performance:    1094.3556 TFLOPS
----------------------------------------------------------

----------------------------------------------------------
Benchmark: GQA bwd Vz2 wgmma tensor cores  (Hopper SM_90)
----------------------------------------------------------
Average Time:      5.5684 ms
Median Time:       5.4287 ms
Std Dev:           0.2832 ms
Min Time:          5.2974 ms
Max Time:          6.3773 ms
Performance:    1184.7395 TFLOPS
----------------------------------------------------------

----------------------------------------------------------
Benchmark: GQA bwd Vr1 Br=64, Bc=64  per-hq main + cuDNN G-head reduce  (Hopper SM_90)
----------------------------------------------------------
Average Time:      5.9989 ms
Median Time:       5.9855 ms
Std Dev:           0.0325 ms
Min Time:          5.9487 ms
Max Time:          6.0697 ms
Performance:    1099.7099 TFLOPS
----------------------------------------------------------

----------------------------------------------------------
Benchmark: GQA bwd V45 Br=64, Bc=64  adaptive raster (default<=B4, raster B8)  (Hopper SM_90)
----------------------------------------------------------
Average Time:      6.3300 ms
Median Time:       6.0994 ms
Std Dev:           0.3640 ms
Min Time:          6.0868 ms
Max Time:          7.3038 ms
Performance:    1042.1856 TFLOPS
----------------------------------------------------------

############################################################
# SHAPE  B=2  Hq=32  Hkv=8  (G=4)  S=4096 D=128
############################################################
=== Precision vs FP64 ground truth  (2x32x4096x128, GQA G=4) ===
  SDPA bf16 (enable_gqa)                    max_abs=3.134e-03  mean_abs=7.362e-04  max_rel=5.570e-03
Saved forward reference data (B=2, Hq=32, Hkv=8, S=4096, D=128) to /root/jeni/Hopper_jeni/data/

=== Backward precision vs FP64 ground truth ===
  dQ SDPA bf16                              max_abs=2.843e-03  mean_abs=3.604e-04  max_rel=2.335e+02
  dK SDPA bf16                              max_abs=4.936e-03  mean_abs=2.767e-05  max_rel=9.825e+01
  dV SDPA bf16                              max_abs=2.929e-02  mean_abs=1.104e-04  max_rel=2.676e+02
Saved backward reference data to /root/jeni/Hopper_jeni/data/

Triton vs SDPA bf16   max_abs=5.039e-01  mean_abs=5.665e-03

=== Latency  (2x32x4096x128, GQA G=4, bf16) ===
Kernel                      median ms     p5 ms    p95 ms     TFLOP/s
---------------------------------------------------------------------
SDPA bf16 (enable_gqa)         0.4656    0.4537    0.4723     1180.83
SDPA bf16 (compiled)           0.4710    0.4670    0.4776     1167.27
Triton flash (GQA)             1.7567    1.7526    1.7669      312.95

=== Backward precision (Triton flash vs SDPA bf16) ===
  dQ Triton flash vs SDPA                   max_abs=1.953e-03  mean_abs=9.644e-06  max_rel=5.401e+01
  dK Triton flash vs SDPA                   max_abs=3.906e-03  mean_abs=1.848e-05  max_rel=1.213e+02
  dV Triton flash vs SDPA                   max_abs=3.125e-02  mean_abs=6.345e-05  max_rel=2.487e+02

=== Backward latency  (2x32x4096x128, GQA G=4, bf16) ===
Kernel                      median ms     p5 ms    p95 ms     TFLOP/s
---------------------------------------------------------------------
SDPA bwd (enable_gqa)          1.8700    1.8678    1.8741     1175.94
SDPA bwd (compiled)            1.9026    1.8912    1.9784     1155.79
Triton flash bwd (GQA)         3.9096    3.9022    3.9778      562.46
GQA Backward — precision test  [Hopper SM_90 / H200]
Prerequisite: python precision/baseline_gqa.py

  shape: B=2 Hq=32 Hkv=8 (G=4)

Loaded PyTorch reference from data/gqa_*.bin

── V43 Br=64 Bc=64 TMA-reduce dQ (Hopper SM_90) ──
  dQ  max_abs=1.953e-03  mean_abs=1.183e-05  max_rel=3.281e+01
  dK  max_abs=3.906e-03  mean_abs=2.138e-05  max_rel=3.575e+01
  dV  max_abs=3.125e-02  mean_abs=6.380e-05  max_rel=2.025e+01
  dQ: [32mValues match!
[0m  dK: [32mValues match!
[0m  dV: [32mValues match!
[0m
── V44 Br=64 Bc=64 swizzled TMA-reduce dQ (Hopper SM_90) ──
  dQ  max_abs=1.953e-03  mean_abs=1.183e-05  max_rel=3.281e+01
  dK  max_abs=3.906e-03  mean_abs=2.138e-05  max_rel=3.575e+01
  dV  max_abs=3.125e-02  mean_abs=6.380e-05  max_rel=2.025e+01
  dQ: [32mValues match!
[0m  dK: [32mValues match!
[0m  dV: [32mValues match!
[0m
── Vp1 Br=64 Bc=64 PERSISTENT V44 warm-bridge (Hopper SM_90) ──
  dQ  max_abs=1.953e-03  mean_abs=1.183e-05  max_rel=3.281e+01
  dK  max_abs=3.906e-03  mean_abs=2.138e-05  max_rel=3.575e+01
  dV  max_abs=3.125e-02  mean_abs=6.380e-05  max_rel=2.025e+01
  dQ: [32mValues match!
[0m  dK: [32mValues match!
[0m  dV: [32mValues match!
[0m
── Vz2 wgmma tensor cores (Hopper SM_90) ──
  dQ  max_abs=1.953e-03  mean_abs=1.183e-05  max_rel=3.281e+01
  dK  max_abs=3.906e-03  mean_abs=2.138e-05  max_rel=3.575e+01
  dV  max_abs=3.125e-02  mean_abs=6.380e-05  max_rel=2.025e+01
  dQ: [32mValues match!
[0m  dK: [32mValues match!
[0m  dV: [32mValues match!
[0m
── Vr1 Br=64 Bc=64 per-hq main + cuDNN G-head reduce dQ (Hopper SM_90) ──
  dQ  max_abs=1.953e-03  mean_abs=1.183e-05  max_rel=3.281e+01
  dK  max_abs=3.906e-03  mean_abs=2.246e-05  max_rel=3.850e+01
  dV  max_abs=7.812e-03  mean_abs=1.991e-06  max_rel=8.000e+00
  dQ: [32mValues match!
[0m  dK: [32mValues match!
[0m  dV: [32mValues match!
[0m
── V45 Br=64 Bc=64 adaptive raster (default<=B4, raster B8) (Hopper SM_90) ──
  dQ  max_abs=1.953e-03  mean_abs=1.183e-05  max_rel=3.281e+01
  dK  max_abs=3.906e-03  mean_abs=2.138e-05  max_rel=3.575e+01
  dV  max_abs=3.125e-02  mean_abs=6.380e-05  max_rel=2.025e+01
  dQ: [32mValues match!
[0m  dK: [32mValues match!
[0m  dV: [32mValues match!
[0m
=== Latency  (B=2 Hq=32 Hkv=8 S=4096 D=128, GQA G=4, bf16, causal) ===

----------------------------------------------------------
Benchmark: GQA bwd V43 Br=64, Bc=64  TMA-reduce dQ  (Hopper SM_90)
----------------------------------------------------------
Average Time:      2.2682 ms
Median Time:       2.2675 ms
Std Dev:           0.0023 ms
Min Time:          2.2643 ms
Max Time:          2.2778 ms
Performance:     969.5188 TFLOPS
----------------------------------------------------------

----------------------------------------------------------
Benchmark: GQA bwd V44 Br=64, Bc=64  swizzled TMA-reduce dQ  (Hopper SM_90)
----------------------------------------------------------
Average Time:      1.9827 ms
Median Time:       1.9913 ms
Std Dev:           0.0189 ms
Min Time:          1.9433 ms
Max Time:          1.9962 ms
Performance:    1109.0853 TFLOPS
----------------------------------------------------------

----------------------------------------------------------
Benchmark: GQA bwd Vp1 Br=64, Bc=64  PERSISTENT V44 warm-bridge  (Hopper SM_90)
----------------------------------------------------------
Average Time:      2.0260 ms
Median Time:       2.0266 ms
Std Dev:           0.0033 ms
Min Time:          2.0091 ms
Max Time:          2.0308 ms
Performance:    1085.3750 TFLOPS
----------------------------------------------------------

----------------------------------------------------------
Benchmark: GQA bwd Vz2 wgmma tensor cores  (Hopper SM_90)
----------------------------------------------------------
Average Time:      2.0393 ms
Median Time:       2.0420 ms
Std Dev:           0.0262 ms
Min Time:          1.9818 ms
Max Time:          2.0989 ms
Performance:    1078.3425 TFLOPS
----------------------------------------------------------

----------------------------------------------------------
Benchmark: GQA bwd Vr1 Br=64, Bc=64  per-hq main + cuDNN G-head reduce  (Hopper SM_90)
----------------------------------------------------------
Average Time:      2.0319 ms
Median Time:       2.0322 ms
Std Dev:           0.0026 ms
Min Time:          2.0218 ms
Max Time:          2.0364 ms
Performance:    1082.2351 TFLOPS
----------------------------------------------------------

----------------------------------------------------------
Benchmark: GQA bwd V45 Br=64, Bc=64  adaptive raster (default<=B4, raster B8)  (Hopper SM_90)
----------------------------------------------------------
Average Time:      2.1880 ms
Median Time:       2.1872 ms
Std Dev:           0.0035 ms
Min Time:          2.1820 ms
Max Time:          2.1964 ms
Performance:    1005.0484 TFLOPS
----------------------------------------------------------

############################################################
# SHAPE  B=4  Hq=32  Hkv=8  (G=4)  S=4096 D=128
############################################################
=== Precision vs FP64 ground truth  (4x32x4096x128, GQA G=4) ===
  SDPA bf16 (enable_gqa)                    max_abs=3.018e-03  mean_abs=7.304e-04  max_rel=6.053e-03
Saved forward reference data (B=4, Hq=32, Hkv=8, S=4096, D=128) to /root/jeni/Hopper_jeni/data/

=== Backward precision vs FP64 ground truth ===
  dQ SDPA bf16                              max_abs=2.521e-03  mean_abs=3.567e-04  max_rel=2.060e+02
  dK SDPA bf16                              max_abs=5.085e-03  mean_abs=2.733e-05  max_rel=7.292e+01
  dV SDPA bf16                              max_abs=3.461e-02  mean_abs=1.100e-04  max_rel=1.469e+02
Saved backward reference data to /root/jeni/Hopper_jeni/data/

Triton vs SDPA bf16   max_abs=5.039e-01  mean_abs=5.682e-03

=== Latency  (4x32x4096x128, GQA G=4, bf16) ===
Kernel                      median ms     p5 ms    p95 ms     TFLOP/s
---------------------------------------------------------------------
SDPA bf16 (enable_gqa)         0.9199    0.8621    0.9261     1195.20
SDPA bf16 (compiled)           0.9217    0.9169    0.9311     1192.96
Triton flash (GQA)             3.4670    3.4603    3.4908      317.14

=== Backward precision (Triton flash vs SDPA bf16) ===
  dQ Triton flash vs SDPA                   max_abs=1.953e-03  mean_abs=9.636e-06  max_rel=6.142e+01
  dK Triton flash vs SDPA                   max_abs=3.906e-03  mean_abs=1.841e-05  max_rel=7.095e+01
  dV Triton flash vs SDPA                   max_abs=6.250e-02  mean_abs=6.355e-05  max_rel=5.432e+02

=== Backward latency  (4x32x4096x128, GQA G=4, bf16) ===
Kernel                      median ms     p5 ms    p95 ms     TFLOP/s
---------------------------------------------------------------------
SDPA bwd (enable_gqa)          3.8262    3.5865    3.8358     1149.44
SDPA bwd (compiled)            3.8279    3.6318    3.8357     1148.95
Triton flash bwd (GQA)         7.4553    7.4492    7.4592      589.92
GQA Backward — precision test  [Hopper SM_90 / H200]
Prerequisite: python precision/baseline_gqa.py

  shape: B=4 Hq=32 Hkv=8 (G=4)

Loaded PyTorch reference from data/gqa_*.bin

── V43 Br=64 Bc=64 TMA-reduce dQ (Hopper SM_90) ──
  dQ  max_abs=1.953e-03  mean_abs=1.183e-05  max_rel=3.062e+01
  dK  max_abs=3.906e-03  mean_abs=2.133e-05  max_rel=2.167e+01
  dV  max_abs=3.125e-02  mean_abs=6.380e-05  max_rel=1.018e+02
  dQ: [32mValues match!
[0m  dK: [32mValues match!
[0m  dV: [32mValues match!
[0m
── V44 Br=64 Bc=64 swizzled TMA-reduce dQ (Hopper SM_90) ──
  dQ  max_abs=1.953e-03  mean_abs=1.183e-05  max_rel=3.062e+01
  dK  max_abs=3.906e-03  mean_abs=2.133e-05  max_rel=2.167e+01
  dV  max_abs=3.125e-02  mean_abs=6.380e-05  max_rel=1.018e+02
  dQ: [32mValues match!
[0m  dK: [32mValues match!
[0m  dV: [32mValues match!
[0m
── Vp1 Br=64 Bc=64 PERSISTENT V44 warm-bridge (Hopper SM_90) ──
  dQ  max_abs=1.953e-03  mean_abs=1.183e-05  max_rel=3.062e+01
  dK  max_abs=3.906e-03  mean_abs=2.133e-05  max_rel=2.167e+01
  dV  max_abs=3.125e-02  mean_abs=6.380e-05  max_rel=1.018e+02
  dQ: [32mValues match!
[0m  dK: [32mValues match!
[0m  dV: [32mValues match!
[0m
── Vz2 wgmma tensor cores (Hopper SM_90) ──
  dQ  max_abs=1.953e-03  mean_abs=1.183e-05  max_rel=3.062e+01
  dK  max_abs=3.906e-03  mean_abs=2.133e-05  max_rel=2.167e+01
  dV  max_abs=3.125e-02  mean_abs=6.380e-05  max_rel=1.018e+02
  dQ: [32mValues match!
[0m  dK: [32mValues match!
[0m  dV: [32mValues match!
[0m
── Vr1 Br=64 Bc=64 per-hq main + cuDNN G-head reduce dQ (Hopper SM_90) ──
  dQ  max_abs=1.953e-03  mean_abs=1.183e-05  max_rel=3.062e+01
  dK  max_abs=3.906e-03  mean_abs=2.244e-05  max_rel=4.067e+01
  dV  max_abs=1.562e-02  mean_abs=2.022e-06  max_rel=1.800e+01
  dQ: [32mValues match!
[0m  dK: [32mValues match!
[0m  dV: [32mValues match!
[0m
── V45 Br=64 Bc=64 adaptive raster (default<=B4, raster B8) (Hopper SM_90) ──
  dQ  max_abs=1.953e-03  mean_abs=1.183e-05  max_rel=3.062e+01
  dK  max_abs=3.906e-03  mean_abs=2.133e-05  max_rel=2.167e+01
  dV  max_abs=3.125e-02  mean_abs=6.380e-05  max_rel=1.018e+02
  dQ: [32mValues match!
[0m  dK: [32mValues match!
[0m  dV: [32mValues match!
[0m
=== Latency  (B=4 Hq=32 Hkv=8 S=4096 D=128, GQA G=4, bf16, causal) ===

----------------------------------------------------------
Benchmark: GQA bwd V43 Br=64, Bc=64  TMA-reduce dQ  (Hopper SM_90)
----------------------------------------------------------
Average Time:      4.5244 ms
Median Time:       4.5370 ms
Std Dev:           0.0178 ms
Min Time:          4.4988 ms
Max Time:          4.5429 ms
Performance:     972.0717 TFLOPS
----------------------------------------------------------

----------------------------------------------------------
Benchmark: GQA bwd V44 Br=64, Bc=64  swizzled TMA-reduce dQ  (Hopper SM_90)
----------------------------------------------------------
Average Time:      5.5603 ms
Median Time:       5.6072 ms
Std Dev:           0.3387 ms
Min Time:          4.3605 ms
Max Time:          6.2146 ms
Performance:     790.9728 TFLOPS
----------------------------------------------------------

----------------------------------------------------------
Benchmark: GQA bwd Vp1 Br=64, Bc=64  PERSISTENT V44 warm-bridge  (Hopper SM_90)
----------------------------------------------------------
Average Time:      4.2883 ms
Median Time:       4.1564 ms
Std Dev:           0.3461 ms
Min Time:          3.9751 ms
Max Time:          5.0914 ms
Performance:    1025.5996 TFLOPS
----------------------------------------------------------

----------------------------------------------------------
Benchmark: GQA bwd Vz2 wgmma tensor cores  (Hopper SM_90)
----------------------------------------------------------
Average Time:      3.7510 ms
Median Time:       3.7514 ms
Std Dev:           0.0390 ms
Min Time:          3.6630 ms
Max Time:          3.8320 ms
Performance:    1172.4867 TFLOPS
----------------------------------------------------------

----------------------------------------------------------
Benchmark: GQA bwd Vr1 Br=64, Bc=64  per-hq main + cuDNN G-head reduce  (Hopper SM_90)
----------------------------------------------------------
Average Time:      4.0032 ms
Median Time:       3.9968 ms
Std Dev:           0.0129 ms
Min Time:          3.9890 ms
Max Time:          4.0295 ms
Performance:    1098.6425 TFLOPS
----------------------------------------------------------

----------------------------------------------------------
Benchmark: GQA bwd V45 Br=64, Bc=64  adaptive raster (default<=B4, raster B8)  (Hopper SM_90)
----------------------------------------------------------
Average Time:      4.1365 ms
Median Time:       4.1360 ms
Std Dev:           0.0055 ms
Min Time:          4.1285 ms
Max Time:          4.1476 ms
Performance:    1063.2382 TFLOPS
----------------------------------------------------------

############################################################
# SHAPE  B=8  Hq=32  Hkv=8  (G=4)  S=4096 D=128
############################################################
=== Precision vs FP64 ground truth  (8x32x4096x128, GQA G=4) ===
  SDPA bf16 (enable_gqa)                    max_abs=3.114e-03  mean_abs=7.333e-04  max_rel=6.027e-03
Saved forward reference data (B=8, Hq=32, Hkv=8, S=4096, D=128) to /root/jeni/Hopper_jeni/data/

=== Backward precision vs FP64 ground truth ===
  dQ SDPA bf16                              max_abs=3.325e-03  mean_abs=3.580e-04  max_rel=2.884e+02
  dK SDPA bf16                              max_abs=5.476e-03  mean_abs=2.741e-05  max_rel=7.639e+01
  dV SDPA bf16                              max_abs=3.531e-02  mean_abs=1.098e-04  max_rel=1.835e+02
Saved backward reference data to /root/jeni/Hopper_jeni/data/

Triton vs SDPA bf16   max_abs=5.078e-01  mean_abs=5.636e-03

=== Latency  (8x32x4096x128, GQA G=4, bf16) ===
Kernel                      median ms     p5 ms    p95 ms     TFLOP/s
---------------------------------------------------------------------
SDPA bf16 (enable_gqa)         1.8507    1.6802    1.8606     1188.20
SDPA bf16 (compiled)           1.8310    1.7912    1.8366     1201.01
Triton flash (GQA)             6.8430    6.8405    6.8985      321.35

=== Backward precision (Triton flash vs SDPA bf16) ===
  dQ Triton flash vs SDPA                   max_abs=1.953e-03  mean_abs=9.656e-06  max_rel=7.133e+01
  dK Triton flash vs SDPA                   max_abs=3.906e-03  mean_abs=1.846e-05  max_rel=9.613e+01
  dV Triton flash vs SDPA                   max_abs=6.250e-02  mean_abs=6.359e-05  max_rel=1.202e+03

=== Backward latency  (8x32x4096x128, GQA G=4, bf16) ===
Kernel                      median ms     p5 ms    p95 ms     TFLOP/s
---------------------------------------------------------------------
SDPA bwd (enable_gqa)          7.5564    7.5040    7.5614     1164.06
SDPA bwd (compiled)            7.6461    7.2618    7.6803     1150.40
Triton flash bwd (GQA)        14.5554   14.5522   14.5610      604.32
GQA Backward — precision test  [Hopper SM_90 / H200]
Prerequisite: python precision/baseline_gqa.py

  shape: B=8 Hq=32 Hkv=8 (G=4)

Loaded PyTorch reference from data/gqa_*.bin

── V43 Br=64 Bc=64 TMA-reduce dQ (Hopper SM_90) ──
  dQ  max_abs=1.465e-03  mean_abs=1.184e-05  max_rel=3.168e+01
  dK  max_abs=3.906e-03  mean_abs=2.141e-05  max_rel=5.133e+01
  dV  max_abs=6.250e-02  mean_abs=6.364e-05  max_rel=2.638e+01
  dQ: [32mValues match!
[0m  dK: [32mValues match!
[0m  dV: [32mValues match!
[0m
── V44 Br=64 Bc=64 swizzled TMA-reduce dQ (Hopper SM_90) ──
  dQ  max_abs=1.465e-03  mean_abs=1.184e-05  max_rel=3.168e+01
  dK  max_abs=3.906e-03  mean_abs=2.141e-05  max_rel=5.133e+01
  dV  max_abs=6.250e-02  mean_abs=6.364e-05  max_rel=2.638e+01
  dQ: [32mValues match!
[0m  dK: [32mValues match!
[0m  dV: [32mValues match!
[0m
── Vp1 Br=64 Bc=64 PERSISTENT V44 warm-bridge (Hopper SM_90) ──
  dQ  max_abs=1.465e-03  mean_abs=1.184e-05  max_rel=3.168e+01
  dK  max_abs=3.906e-03  mean_abs=2.141e-05  max_rel=5.133e+01
  dV  max_abs=6.250e-02  mean_abs=6.364e-05  max_rel=2.638e+01
  dQ: [32mValues match!
[0m  dK: [32mValues match!
[0m  dV: [32mValues match!
[0m
── Vz2 wgmma tensor cores (Hopper SM_90) ──
  dQ  max_abs=1.465e-03  mean_abs=1.184e-05  max_rel=3.168e+01
  dK  max_abs=3.906e-03  mean_abs=2.141e-05  max_rel=5.133e+01
  dV  max_abs=6.250e-02  mean_abs=6.364e-05  max_rel=2.638e+01
  dQ: [32mValues match!
[0m  dK: [32mValues match!
[0m  dV: [32mValues match!
[0m
── Vr1 Br=64 Bc=64 per-hq main + cuDNN G-head reduce dQ (Hopper SM_90) ──
  dQ  max_abs=1.465e-03  mean_abs=1.184e-05  max_rel=3.168e+01
  dK  max_abs=5.859e-03  mean_abs=2.252e-05  max_rel=6.400e+01
  dV  max_abs=3.125e-02  mean_abs=1.999e-06  max_rel=1.600e+01
  dQ: [32mValues match!
[0m  dK: [32mValues match!
[0m  dV: [32mValues match!
[0m
── V45 Br=64 Bc=64 adaptive raster (default<=B4, raster B8) (Hopper SM_90) ──
  dQ  max_abs=1.465e-03  mean_abs=1.184e-05  max_rel=3.168e+01
  dK  max_abs=3.906e-03  mean_abs=2.141e-05  max_rel=5.133e+01
  dV  max_abs=6.250e-02  mean_abs=6.364e-05  max_rel=2.638e+01
  dQ: [32mValues match!
[0m  dK: [32mValues match!
[0m  dV: [32mValues match!
[0m
=== Latency  (B=8 Hq=32 Hkv=8 S=4096 D=128, GQA G=4, bf16, causal) ===

----------------------------------------------------------
Benchmark: GQA bwd V43 Br=64, Bc=64  TMA-reduce dQ  (Hopper SM_90)
----------------------------------------------------------
Average Time:     14.7779 ms
Median Time:      14.7755 ms
Std Dev:           0.0777 ms
Min Time:         14.5576 ms
Max Time:         14.9662 ms
Performance:     595.2212 TFLOPS
----------------------------------------------------------

----------------------------------------------------------
Benchmark: GQA bwd V44 Br=64, Bc=64  swizzled TMA-reduce dQ  (Hopper SM_90)
----------------------------------------------------------
Average Time:     14.8577 ms
Median Time:      14.8353 ms
Std Dev:           0.2693 ms
Min Time:         14.3470 ms
Max Time:         15.5732 ms
Performance:     592.0213 TFLOPS
----------------------------------------------------------

----------------------------------------------------------
Benchmark: GQA bwd Vp1 Br=64, Bc=64  PERSISTENT V44 warm-bridge  (Hopper SM_90)
----------------------------------------------------------
Average Time:      8.2788 ms
Median Time:       8.0705 ms
Std Dev:           0.5115 ms
Min Time:          7.9591 ms
Max Time:          9.7629 ms
Performance:    1062.4787 TFLOPS
----------------------------------------------------------

----------------------------------------------------------
Benchmark: GQA bwd Vz2 wgmma tensor cores  (Hopper SM_90)
----------------------------------------------------------
Average Time:      7.2409 ms
Median Time:       7.2431 ms
Std Dev:           0.0438 ms
Min Time:          7.1153 ms
Max Time:          7.3400 ms
Performance:    1214.7730 TFLOPS
----------------------------------------------------------

----------------------------------------------------------
Benchmark: GQA bwd Vr1 Br=64, Bc=64  per-hq main + cuDNN G-head reduce  (Hopper SM_90)
----------------------------------------------------------
Average Time:      8.0702 ms
Median Time:       7.9360 ms
Std Dev:           0.4345 ms
Min Time:          7.9145 ms
Max Time:          9.7641 ms
Performance:    1089.9445 TFLOPS
----------------------------------------------------------

----------------------------------------------------------
Benchmark: GQA bwd V45 Br=64, Bc=64  adaptive raster (default<=B4, raster B8)  (Hopper SM_90)
----------------------------------------------------------
Average Time:      8.1367 ms
Median Time:       8.0339 ms
Std Dev:           0.3306 ms
Min Time:          8.0200 ms
Max Time:          9.6906 ms
Performance:    1081.0397 TFLOPS
----------------------------------------------------------
